40.77.167.24 - - [27/Nov/2021:00:17:27 +0000] "GET / HTTP/1.1" 200 13270 "-" "Mozilla/5.0 (compatible; bingbot/2.0; +http://www.bing.com/bingbot.htm)"
52.36.30.61 - - [27/Nov/2021:00:22:32 +0000] "GET /wp-admin/css/ HTTP/1.1" 200 13270 "binance.com" "Mozilla/5.0 (Windows NT 10.0; Win64; x64) AppleWebKit/537.36 (KHTML, like Gecko) Chrome/90.0.4430.85 Safari/537.36"
207.46.13.91 - - [27/Nov/2021:00:27:33 +0000] "GET /Mali HTTP/1.1" 200 13270 "-" "Mozilla/5.0 (compatible; bingbot/2.0; +http://www.bing.com/bingbot.htm)"
192.241.213.134 - - [27/Nov/2021:00:27:57 +0000] "GET /ecp/Current/exporttool/microsoft.exchange.ediscovery.exporttool.application HTTP/1.1" 200 13270 "-" "Mozilla/5.0 zgrab/0.x"
194.48.199.78 - - [27/Nov/2021:00:30:03 +0000] "GET /favicon.ico HTTP/1.1" 200 13270 "-" "curl/7.64.1"
45.146.164.110 - - [27/Nov/2021:00:32:44 +0000] "GET /index.php?s=/Index/\x5Cthink\x5Capp/invokefunction&function=call_user_func_array&vars[0]=md5&vars[1][]=HelloThinkPHP21 HTTP/1.1" 200 13270 "-" "Mozilla/5.0 (Windows NT 10.0; Win64; x64) AppleWebKit/537.36 (KHTML, like Gecko) Chrome/78.0.3904.108 Safari/537.36"
94.232.43.63 - - [27/Nov/2021:00:36:31 +0000] "\x03\x00\x00,'\xE0\x00\x00\x00\x00\x00Cookie: mstshash=Domain" 400 166 "-" "-"
94.232.43.63 - - [27/Nov/2021:00:36:31 +0000] "\x03\x00\x00,'\xE0\x00\x00\x00\x00\x00Cookie: mstshash=Domain" 400 166 "-" "-"
66.249.64.251 - - [27/Nov/2021:00:42:43 +0000] "GET /Croatia HTTP/1.1" 200 13270 "-" "Mozilla/5.0 (Linux; Android 6.0.1; Nexus 5X Build/MMB29P) AppleWebKit/537.36 (KHTML, like Gecko) Chrome/96.0.4664.45 Mobile Safari/537.36 (compatible; Googlebot/2.1; +http://www.google.com/bot.html)"
66.249.70.6 - - [27/Nov/2021:00:47:37 +0000] "GET /_dash-dependencies HTTP/1.1" 200 430 "https://povertydata.org/Croatia" "Mozilla/5.0 (Linux; Android 6.0.1; Nexus 5X Build/MMB29P) AppleWebKit/537.36 (KHTML, like Gecko) Chrome/95.0.4638.69 Mobile Safari/537.36 (compatible; Googlebot/2.1; +http://www.google.com/bot.html)"
66.249.64.251 - - [27/Nov/2021:00:48:26 +0000] "POST /_dash-update-component HTTP/1.1" 200 2835 "https://povertydata.org/Croatia" "Mozilla/5.0 (Linux; Android 6.0.1; Nexus 5X Build/MMB29P) AppleWebKit/537.36 (KHTML, like Gecko) Chrome/95.0.4638.69 Mobile Safari/537.36 (compatible; Googlebot/2.1; +http://www.google.com/bot.html)"
66.249.64.226 - - [27/Nov/2021:00:48:27 +0000] "POST /_dash-update-component HTTP/1.1" 200 85 "https://povertydata.org/Croatia" "Mozilla/5.0 (Linux; Android 6.0.1; Nexus 5X Build/MMB29P) AppleWebKit/537.36 (KHTML, like Gecko) Chrome/95.0.4638.69 Mobile Safari/537.36 (compatible; Googlebot/2.1; +http://www.google.com/bot.html)"
66.249.64.251 - - [27/Nov/2021:00:48:28 +0000] "POST /_dash-update-component HTTP/1.1" 200 2663 "https://povertydata.org/Croatia" "Mozilla/5.0 (Linux; Android 6.0.1; Nexus 5X Build/MMB29P) AppleWebKit/537.36 (KHTML, like Gecko) Chrome/95.0.4638.69 Mobile Safari/537.36 (compatible; Googlebot/2.1; +http://www.google.com/bot.html)"
66.249.64.251 - - [27/Nov/2021:00:49:47 +0000] "POST /_dash-update-component HTTP/1.1" 200 2835 "https://povertydata.org/Croatia" "Mozilla/5.0 (Linux; Android 6.0.1; Nexus 5X Build/MMB29P) AppleWebKit/537.36 (KHTML, like Gecko) Chrome/95.0.4638.69 Mobile Safari/537.36 (compatible; Googlebot/2.1; +http://www.google.com/bot.html)"
66.249.64.226 - - [27/Nov/2021:00:49:48 +0000] "POST /_dash-update-component HTTP/1.1" 200 85 "https://povertydata.org/Croatia" "Mozilla/5.0 (Linux; Android 6.0.1; Nexus 5X Build/MMB29P) AppleWebKit/537.36 (KHTML, like Gecko) Chrome/95.0.4638.69 Mobile Safari/537.36 (compatible; Googlebot/2.1; +http://www.google.com/bot.html)"
66.249.64.226 - - [27/Nov/2021:00:49:48 +0000] "POST /_dash-update-component HTTP/1.1" 200 2663 "https://povertydata.org/Croatia" "Mozilla/5.0 (Linux; Android 6.0.1; Nexus 5X Build/MMB29P) AppleWebKit/537.36 (KHTML, like Gecko) Chrome/95.0.4638.69 Mobile Safari/537.36 (compatible; Googlebot/2.1; +http://www.google.com/bot.html)"
194.93.0.40 - - [27/Nov/2021:00:51:53 +0000] "GET /robots.txt HTTP/1.0" 200 144683 "-" "Mozilla/4.0 (compatible; fluid/0.0; +http://www.leak.info/bot.html)"
45.146.164.110 - - [27/Nov/2021:01:02:33 +0000] "GET /?a=fetch&content=<php>die(@md5(HelloThinkCMF))</php> HTTP/1.1" 200 13270 "-" "Mozilla/5.0 (Windows NT 10.0; Win64; x64) AppleWebKit/537.36 (KHTML, like Gecko) Chrome/78.0.3904.108 Safari/537.36"
66.249.64.163 - - [27/Nov/2021:01:05:12 +0000] "GET /post/Finland HTTP/1.1" 200 13270 "-" "Mozilla/5.0 (Linux; Android 6.0.1; Nexus 5X Build/MMB29P) AppleWebKit/537.36 (KHTML, like Gecko) Chrome/96.0.4664.45 Mobile Safari/537.36 (compatible; Googlebot/2.1; +http://www.google.com/bot.html)"
207.46.13.85 - - [27/Nov/2021:01:19:18 +0000] "GET /Honduras HTTP/1.1" 200 13270 "-" "Mozilla/5.0 (compatible; bingbot/2.0; +http://www.bing.com/bingbot.htm)"
193.29.14.156 - - [27/Nov/2021:01:24:45 +0000] "GET /admin/config.php HTTP/1.1" 400 166 "-" "gbrmss/7.29.0"
66.249.64.226 - - [27/Nov/2021:01:31:09 +0000] "GET /Cabo%20Verde HTTP/1.1" 200 13270 "-" "Mozilla/5.0 (Linux; Android 6.0.1; Nexus 5X Build/MMB29P) AppleWebKit/537.36 (KHTML, like Gecko) Chrome/96.0.4664.45 Mobile Safari/537.36 (compatible; Googlebot/2.1; +http://www.google.com/bot.html)"
45.146.164.110 - - [27/Nov/2021:01:31:25 +0000] "GET /?XDEBUG_SESSION_START=phpstorm HTTP/1.1" 200 13270 "-" "Mozilla/5.0 (Windows NT 10.0; Win64; x64) AppleWebKit/537.36 (KHTML, like Gecko) Chrome/78.0.3904.108 Safari/537.36"
66.249.64.233 - - [27/Nov/2021:01:36:50 +0000] "GET /_dash-layout HTTP/1.1" 200 2416 "https://povertydata.org/Cabo%20Verde" "Mozilla/5.0 (Linux; Android 6.0.1; Nexus 5X Build/MMB29P) AppleWebKit/537.36 (KHTML, like Gecko) Chrome/95.0.4638.69 Mobile Safari/537.36 (compatible; Googlebot/2.1; +http://www.google.com/bot.html)"
147.182.192.158 - - [27/Nov/2021:01:48:01 +0000] "GET /.env HTTP/1.1" 200 13270 "-" "Mozilla/5.0 (X11; Linux x86_64) AppleWebKit/537.36 (KHTML, like Gecko) Chrome/81.0.4044.129 Safari/537.36"
147.182.192.158 - - [27/Nov/2021:01:48:02 +0000] "POST / HTTP/1.1" 405 178 "-" "Mozilla/5.0 (X11; Linux x86_64) AppleWebKit/537.36 (KHTML, like Gecko) Chrome/81.0.4044.129 Safari/537.36"
74.82.47.2 - - [27/Nov/2021:01:49:36 +0000] "GET / HTTP/1.1" 200 90345 "-" "-"
178.62.59.163 - - [27/Nov/2021:02:02:37 +0000] "GET /.env HTTP/1.1" 200 13270 "-" "Mozilla/5.0 (X11; Linux x86_64) AppleWebKit/537.36 (KHTML, like Gecko) Chrome/81.0.4044.129 Safari/537.36"
178.62.59.163 - - [27/Nov/2021:02:02:38 +0000] "POST / HTTP/1.1" 405 178 "-" "Mozilla/5.0 (X11; Linux x86_64) AppleWebKit/537.36 (KHTML, like Gecko) Chrome/81.0.4044.129 Safari/537.36"
114.119.132.207 - - [27/Nov/2021:02:04:00 +0000] "GET /robots.txt HTTP/1.1" 200 13270 "-" "Mozilla/5.0 (compatible;PetalBot;+https://webmaster.petalsearch.com/site/petalbot)"
142.105.244.1 - - [27/Nov/2021:02:08:59 +0000] "GET /_favicon.ico?v=1.19.0 HTTP/1.1" 200 9662 "https://community.plotly.com/" "Mozilla/5.0 (Windows NT 10.0; Win64; x64) AppleWebKit/537.36 (KHTML, like Gecko) Chrome/96.0.4664.45 Safari/537.36"
142.105.244.1 - - [27/Nov/2021:02:08:59 +0000] "GET /assets/k_means_clustering_map.png HTTP/1.1" 200 403077 "https://community.plotly.com/" "Mozilla/5.0 (Windows NT 10.0; Win64; x64) AppleWebKit/537.36 (KHTML, like Gecko) Chrome/96.0.4664.45 Safari/537.36"
45.146.164.110 - - [27/Nov/2021:02:11:02 +0000] "GET /console/ HTTP/1.1" 200 13270 "-" "Mozilla/5.0 (Windows NT 10.0; Win64; x64) AppleWebKit/537.36 (KHTML, like Gecko) Chrome/78.0.3904.108 Safari/537.36"
66.249.64.167 - - [27/Nov/2021:02:16:09 +0000] "GET /post/Estonia HTTP/1.1" 200 13270 "-" "Mozilla/5.0 (Linux; Android 6.0.1; Nexus 5X Build/MMB29P) AppleWebKit/537.36 (KHTML, like Gecko) Chrome/96.0.4664.45 Mobile Safari/537.36 (compatible; Googlebot/2.1; +http://www.google.com/bot.html)"
128.1.248.26 - - [27/Nov/2021:02:21:07 +0000] "GET / HTTP/1.1" 200 13270 "-" "Mozilla/5.0 (Windows NT 10.0; Win64; x64) AppleWebKit/537.36 (KHTML, like Gecko) Chrome/60.0.3112.113 Safari/537.36"
195.133.18.100 - - [27/Nov/2021:02:23:47 +0000] "GET / HTTP/1.1" 200 13270 "http://172.104.245.213:80/left.html" "Mozilla/5.0 (X11; Ubuntu; Linux x86_64; rv:77.0) Gecko/20100101 Firefox/77.0"
45.146.164.110 - - [27/Nov/2021:02:30:12 +0000] "POST /Autodiscover/Autodiscover.xml HTTP/1.1" 405 178 "-" "Mozilla/5.0 (Windows NT 10.0; Win64; x64) AppleWebKit/537.36 (KHTML, like Gecko) Chrome/78.0.3904.108 Safari/537.36"
54.36.148.118 - - [27/Nov/2021:02:43:05 +0000] "GET / HTTP/1.1" 200 13270 "-" "Mozilla/5.0 (compatible; AhrefsBot/7.0; +http://ahrefs.com/robot/)"
192.241.214.50 - - [27/Nov/2021:02:50:12 +0000] "GET /owa/auth/logon.aspx?url=https%3a%2f%2f1%2fecp%2f HTTP/1.1" 200 13270 "-" "Mozilla/5.0 zgrab/0.x"
184.105.247.194 - - [27/Nov/2021:03:25:50 +0000] "GET / HTTP/1.1" 200 144683 "-" "-"
103.148.154.32 - - [27/Nov/2021:03:38:51 +0000] "GET / HTTP/1.1" 200 144683 "-" "Mozilla/5.0 (Macintosh; Intel Mac OS X 10_11_6) AppleWebKit/601.7.7 (KHTML, like Gecko) Version/9.1.2 Safari/601.7.7"
66.249.64.167 - - [27/Nov/2021:03:46:09 +0000] "GET /Ukraine HTTP/1.1" 200 13270 "-" "Mozilla/5.0 (Linux; Android 6.0.1; Nexus 5X Build/MMB29P) AppleWebKit/537.36 (KHTML, like Gecko) Chrome/96.0.4664.45 Mobile Safari/537.36 (compatible; Googlebot/2.1; +http://www.google.com/bot.html)"
45.146.164.110 - - [27/Nov/2021:03:47:40 +0000] "GET / HTTP/1.1" 200 13270 "-" "Mozilla/5.0 (Windows NT 10.0; Win64; x64) AppleWebKit/537.36 (KHTML, like Gecko) Chrome/78.0.3904.108 Safari/537.36"
162.142.125.42 - - [27/Nov/2021:04:09:04 +0000] "GET / HTTP/1.1" 200 89601 "-" "-"
162.142.125.42 - - [27/Nov/2021:04:09:04 +0000] "GET / HTTP/1.1" 200 13270 "-" "Mozilla/5.0 (compatible; CensysInspect/1.1; +https://about.censys.io/)"
34.96.130.11 - - [27/Nov/2021:04:15:15 +0000] "GET / HTTP/1.1" 200 144683 "-" "Expanse indexes the network perimeters of our customers. If you have any questions or concerns, please reach out to: scaninfo@expanseinc.com"
27.116.63.22 - - [27/Nov/2021:04:28:48 +0000] "GET / HTTP/1.1" 200 144683 "-" "Mozilla/5.0 (Macintosh; Intel Mac OS X 10_11_6) AppleWebKit/601.7.7 (KHTML, like Gecko) Version/9.1.2 Safari/601.7.7"
114.119.135.63 - - [27/Nov/2021:04:30:59 +0000] "GET /robots.txt HTTP/1.1" 200 13270 "-" "Mozilla/5.0 (compatible;PetalBot;+https://webmaster.petalsearch.com/site/petalbot)"
180.149.125.170 - - [27/Nov/2021:04:47:28 +0000] "GET /stalker_portal/server/tools/auth_simple.php HTTP/1.1" 200 13270 "-" "Mozilla/5.0 (Windows NT 5.1; Win64; x64) AppleWebKit/537.36 (KHTML, like Gecko) Chrome/60.0.3112.90 Safari/537.36"
198.98.49.124 - - [27/Nov/2021:04:58:32 +0000] "GET /config/getuser?index=0 HTTP/1.1" 200 13270 "-" "Mozilla/5.0 (X11; Ubuntu; Linux x86_64; rv:76.0) Gecko/20100101 Firefox/76.0"
125.64.94.138 - - [27/Nov/2021:04:58:56 +0000] "GET / HTTP/1.0" 200 144683 "-" "-"
125.64.94.138 - - [27/Nov/2021:04:59:04 +0000] "GET /_favicon.ico?v=1.19.0 HTTP/1.1" 200 9662 "-" "Mozilla/5.0 (X11; Linux x86_64) AppleWebKit/537.36 (KHTML, like Gecko) Chrome/86.0.4 240.111 Safari/537.36"
125.64.94.138 - - [27/Nov/2021:04:59:09 +0000] "GET /robots.txt HTTP/1.1" 200 13270 "-" "Mozilla/5.0 (X11; Linux x86_64) AppleWebKit/537.36 (KHTML, like Gecko) Chrome/86.0.4 240.111 Safari/537.36"
125.64.94.138 - - [27/Nov/2021:04:59:09 +0000] "GET /.well-known/security.txt HTTP/1.1" 200 13270 "-" "Mozilla/5.0 (X11; Linux x86_64) AppleWebKit/537.36 (KHTML, like Gecko) Chrome/86.0.4 240.111 Safari/537.36"
3.26.25.121 - - [27/Nov/2021:05:00:34 +0000] "GET /_favicon.ico?v=1.19.0 HTTP/1.1" 200 9662 "-" "Slack-ImgProxy (+https://api.slack.com/robots)"
52.65.37.47 - - [27/Nov/2021:05:00:34 +0000] "GET /assets/k_means_clustering_map.png HTTP/1.1" 200 278203 "-" "Slack-ImgProxy (+https://api.slack.com/robots)"
13.210.152.175 - - [27/Nov/2021:05:00:34 +0000] "GET /assets/k_means_clustering_map.png HTTP/1.1" 200 403077 "-" "Slack-ImgProxy (+https://api.slack.com/robots)"
178.62.59.163 - - [27/Nov/2021:05:02:38 +0000] "GET /.env HTTP/1.1" 200 13270 "-" "Mozilla/5.0 (X11; Linux x86_64) AppleWebKit/537.36 (KHTML, like Gecko) Chrome/81.0.4044.129 Safari/537.36"
178.62.59.163 - - [27/Nov/2021:05:02:40 +0000] "POST / HTTP/1.1" 405 178 "-" "Mozilla/5.0 (X11; Linux x86_64) AppleWebKit/537.36 (KHTML, like Gecko) Chrome/81.0.4044.129 Safari/537.36"
45.146.164.110 - - [27/Nov/2021:05:03:12 +0000] "GET / HTTP/1.1" 200 13270 "-" "Mozilla/5.0 (Windows NT 10.0; Win64; x64) AppleWebKit/537.36 (KHTML, like Gecko) Chrome/78.0.3904.108 Safari/537.36"
125.64.94.138 - - [27/Nov/2021:05:05:28 +0000] "GET / HTTP/1.1" 200 13270 "-" "Mozilla/5.0 (X11; Linux x86_64) AppleWebKit/537.36 (KHTML, like Gecko) Chrome/86.0.4 240.111 Safari/537.36"
125.64.94.138 - - [27/Nov/2021:05:05:30 +0000] "GET /_dash-component-suites/dash_renderer/polyfill@7.v1_9_0m1611082192.8.7.min.js HTTP/1.1" 200 34243 "http://172.104.245.213/" "Mozilla/5.0 (X11; Linux x86_64) AppleWebKit/537.36 (KHTML, like Gecko) Chrome/86.0.4 240.111 Safari/537.36"
125.64.94.138 - - [27/Nov/2021:05:05:31 +0000] "GET /_dash-component-suites/dash_renderer/react@16.v1_9_0m1611082192.14.0.min.js HTTP/1.1" 200 4898 "http://172.104.245.213/" "Mozilla/5.0 (X11; Linux x86_64) AppleWebKit/537.36 (KHTML, like Gecko) Chrome/86.0.4 240.111 Safari/537.36"
125.64.94.138 - - [27/Nov/2021:05:05:31 +0000] "GET /_dash-component-suites/dash_renderer/prop-types@15.v1_9_0m1611082192.7.2.min.js HTTP/1.1" 200 832 "http://172.104.245.213/" "Mozilla/5.0 (X11; Linux x86_64) AppleWebKit/537.36 (KHTML, like Gecko) Chrome/86.0.4 240.111 Safari/537.36"
125.64.94.138 - - [27/Nov/2021:05:05:31 +0000] "GET /_dash-component-suites/dash_bootstrap_components/_components/dash_bootstrap_components.v0_11_3m1618740747.min.js HTTP/1.1" 200 54303 "http://172.104.245.213/" "Mozilla/5.0 (X11; Linux x86_64) AppleWebKit/537.36 (KHTML, like Gecko) Chrome/86.0.4 240.111 Safari/537.36"
125.64.94.138 - - [27/Nov/2021:05:05:31 +0000] "GET /_dash-component-suites/dash_renderer/react-dom@16.v1_9_0m1611082192.14.0.min.js HTTP/1.1" 200 38049 "http://172.104.245.213/" "Mozilla/5.0 (X11; Linux x86_64) AppleWebKit/537.36 (KHTML, like Gecko) Chrome/86.0.4 240.111 Safari/537.36"
125.64.94.138 - - [27/Nov/2021:05:05:32 +0000] "GET /_dash-component-suites/dash_table/bundle.v4_11_2m1611087174.js HTTP/1.1" 200 11013 "http://172.104.245.213/" "Mozilla/5.0 (X11; Linux x86_64) AppleWebKit/537.36 (KHTML, like Gecko) Chrome/86.0.4 240.111 Safari/537.36"
125.64.94.138 - - [27/Nov/2021:05:05:32 +0000] "GET /_dash-component-suites/dash_core_components/dash_core_components-shared.v1_15_0m1611086582.js HTTP/1.1" 200 9685 "http://172.104.245.213/" "Mozilla/5.0 (X11; Linux x86_64) AppleWebKit/537.36 (KHTML, like Gecko) Chrome/86.0.4 240.111 Safari/537.36"
125.64.94.138 - - [27/Nov/2021:05:05:32 +0000] "GET /_dash-component-suites/dash_core_components/dash_core_components.v1_15_0m1611086582.min.js HTTP/1.1" 200 118829 "http://172.104.245.213/" "Mozilla/5.0 (X11; Linux x86_64) AppleWebKit/537.36 (KHTML, like Gecko) Chrome/86.0.4 240.111 Safari/537.36"
125.64.94.138 - - [27/Nov/2021:05:05:33 +0000] "GET /_dash-component-suites/dash_html_components/dash_html_components.v1_1_2m1611087126.min.js HTTP/1.1" 200 18907 "http://172.104.245.213/" "Mozilla/5.0 (X11; Linux x86_64) AppleWebKit/537.36 (KHTML, like Gecko) Chrome/86.0.4 240.111 Safari/537.36"
125.64.94.138 - - [27/Nov/2021:05:05:34 +0000] "GET /_dash-component-suites/dash_renderer/dash_renderer.v1_9_0m1611082209.min.js HTTP/1.1" 200 59217 "http://172.104.245.213/" "Mozilla/5.0 (X11; Linux x86_64) AppleWebKit/537.36 (KHTML, like Gecko) Chrome/86.0.4 240.111 Safari/537.36"
125.64.94.138 - - [27/Nov/2021:05:05:45 +0000] "GET /_dash-layout HTTP/1.1" 200 2416 "http://172.104.245.213/" "Mozilla/5.0 (X11; Linux x86_64) AppleWebKit/537.36 (KHTML, like Gecko) Chrome/86.0.4 240.111 Safari/537.36"
125.64.94.138 - - [27/Nov/2021:05:05:45 +0000] "GET /_dash-dependencies HTTP/1.1" 200 430 "http://172.104.245.213/" "Mozilla/5.0 (X11; Linux x86_64) AppleWebKit/537.36 (KHTML, like Gecko) Chrome/86.0.4 240.111 Safari/537.36"
125.64.94.138 - - [27/Nov/2021:05:05:48 +0000] "POST /_dash-update-component HTTP/1.1" 200 7106 "http://172.104.245.213/" "Mozilla/5.0 (X11; Linux x86_64) AppleWebKit/537.36 (KHTML, like Gecko) Chrome/86.0.4 240.111 Safari/537.36"
125.64.94.138 - - [27/Nov/2021:05:05:51 +0000] "GET /_dash-component-suites/dash_core_components/async-markdown.v1_15_0m1611086576.js HTTP/1.1" 200 59335 "http://172.104.245.213/" "Mozilla/5.0 (X11; Linux x86_64) AppleWebKit/537.36 (KHTML, like Gecko) Chrome/86.0.4 240.111 Safari/537.36"
125.64.94.138 - - [27/Nov/2021:05:05:53 +0000] "POST /_dash-update-component HTTP/1.1" 204 0 "http://172.104.245.213/" "Mozilla/5.0 (X11; Linux x86_64) AppleWebKit/537.36 (KHTML, like Gecko) Chrome/86.0.4 240.111 Safari/537.36"
125.64.94.138 - - [27/Nov/2021:05:05:53 +0000] "POST /_dash-update-component HTTP/1.1" 204 0 "http://172.104.245.213/" "Mozilla/5.0 (X11; Linux x86_64) AppleWebKit/537.36 (KHTML, like Gecko) Chrome/86.0.4 240.111 Safari/537.36"
125.64.94.138 - - [27/Nov/2021:05:05:53 +0000] "POST /_dash-update-component HTTP/1.1" 200 3623 "http://172.104.245.213/" "Mozilla/5.0 (X11; Linux x86_64) AppleWebKit/537.36 (KHTML, like Gecko) Chrome/86.0.4 240.111 Safari/537.36"
125.64.94.138 - - [27/Nov/2021:05:05:53 +0000] "POST /_dash-update-component HTTP/1.1" 200 43039 "http://172.104.245.213/" "Mozilla/5.0 (X11; Linux x86_64) AppleWebKit/537.36 (KHTML, like Gecko) Chrome/86.0.4 240.111 Safari/537.36"
125.64.94.138 - - [27/Nov/2021:05:05:53 +0000] "POST /_dash-update-component HTTP/1.1" 200 3569 "http://172.104.245.213/" "Mozilla/5.0 (X11; Linux x86_64) AppleWebKit/537.36 (KHTML, like Gecko) Chrome/86.0.4 240.111 Safari/537.36"
125.64.94.138 - - [27/Nov/2021:05:05:53 +0000] "POST /_dash-update-component HTTP/1.1" 204 0 "http://172.104.245.213/" "Mozilla/5.0 (X11; Linux x86_64) AppleWebKit/537.36 (KHTML, like Gecko) Chrome/86.0.4 240.111 Safari/537.36"
125.64.94.138 - - [27/Nov/2021:05:05:53 +0000] "GET /_dash-component-suites/dash_core_components/async-dropdown.v1_15_0m1611086576.js HTTP/1.1" 200 30740 "http://172.104.245.213/" "Mozilla/5.0 (X11; Linux x86_64) AppleWebKit/537.36 (KHTML, like Gecko) Chrome/86.0.4 240.111 Safari/537.36"
125.64.94.138 - - [27/Nov/2021:05:05:53 +0000] "POST /_dash-update-component HTTP/1.1" 200 2054 "http://172.104.245.213/" "Mozilla/5.0 (X11; Linux x86_64) AppleWebKit/537.36 (KHTML, like Gecko) Chrome/86.0.4 240.111 Safari/537.36"
125.64.94.138 - - [27/Nov/2021:05:05:54 +0000] "GET /_dash-component-suites/dash_core_components/async-graph.v1_15_0m1611086576.js HTTP/1.1" 200 5332 "http://172.104.245.213/" "Mozilla/5.0 (X11; Linux x86_64) AppleWebKit/537.36 (KHTML, like Gecko) Chrome/86.0.4 240.111 Safari/537.36"
125.64.94.138 - - [27/Nov/2021:05:05:54 +0000] "GET /_dash-component-suites/dash_core_components/async-slider.v1_15_0m1611086576.js HTTP/1.1" 200 28563 "http://172.104.245.213/" "Mozilla/5.0 (X11; Linux x86_64) AppleWebKit/537.36 (KHTML, like Gecko) Chrome/86.0.4 240.111 Safari/537.36"
125.64.94.138 - - [27/Nov/2021:05:05:55 +0000] "GET /_dash-component-suites/dash_core_components/async-highlight.v1_15_0m1611086576.js HTTP/1.1" 200 22977 "http://172.104.245.213/" "Mozilla/5.0 (X11; Linux x86_64) AppleWebKit/537.36 (KHTML, like Gecko) Chrome/86.0.4 240.111 Safari/537.36"
125.64.94.138 - - [27/Nov/2021:05:05:57 +0000] "GET /_dash-component-suites/dash_table/async-table.v4_11_2m1611087157.js HTTP/1.1" 200 92275 "http://172.104.245.213/" "Mozilla/5.0 (X11; Linux x86_64) AppleWebKit/537.36 (KHTML, like Gecko) Chrome/86.0.4 240.111 Safari/537.36"
198.98.49.124 - - [27/Nov/2021:05:07:17 +0000] "GET / HTTP/1.1" 200 13270 "-" "Linux Gnu (cow)"
125.64.94.138 - - [27/Nov/2021:05:07:27 +0000] "GET /_dash-component-suites/dash_core_components/async-plotlyjs.v1_15_0m1611086576.js HTTP/1.1" 200 547075 "http://172.104.245.213/" "Mozilla/5.0 (X11; Linux x86_64) AppleWebKit/537.36 (KHTML, like Gecko) Chrome/86.0.4 240.111 Safari/537.36"
125.64.94.138 - - [27/Nov/2021:05:07:57 +0000] "POST /_dash-update-component HTTP/1.1" 200 7106 "http://172.104.245.213/" "Mozilla/5.0 (X11; Linux x86_64) AppleWebKit/537.36 (KHTML, like Gecko) Chrome/86.0.4 240.111 Safari/537.36"
125.64.94.138 - - [27/Nov/2021:05:07:57 +0000] "POST /_dash-update-component HTTP/1.1" 200 7106 "http://172.104.245.213/" "Mozilla/5.0 (X11; Linux x86_64) AppleWebKit/537.36 (KHTML, like Gecko) Chrome/86.0.4 240.111 Safari/537.36"
125.64.94.138 - - [27/Nov/2021:05:08:00 +0000] "POST /_dash-update-component HTTP/1.1" 200 3569 "http://172.104.245.213/" "Mozilla/5.0 (X11; Linux x86_64) AppleWebKit/537.36 (KHTML, like Gecko) Chrome/86.0.4 240.111 Safari/537.36"
125.64.94.138 - - [27/Nov/2021:05:08:00 +0000] "POST /_dash-update-component HTTP/1.1" 200 3623 "http://172.104.245.213/" "Mozilla/5.0 (X11; Linux x86_64) AppleWebKit/537.36 (KHTML, like Gecko) Chrome/86.0.4 240.111 Safari/537.36"
125.64.94.138 - - [27/Nov/2021:05:08:00 +0000] "POST /_dash-update-component HTTP/1.1" 204 0 "http://172.104.245.213/" "Mozilla/5.0 (X11; Linux x86_64) AppleWebKit/537.36 (KHTML, like Gecko) Chrome/86.0.4 240.111 Safari/537.36"
125.64.94.138 - - [27/Nov/2021:05:08:00 +0000] "POST /_dash-update-component HTTP/1.1" 200 43039 "http://172.104.245.213/" "Mozilla/5.0 (X11; Linux x86_64) AppleWebKit/537.36 (KHTML, like Gecko) Chrome/86.0.4 240.111 Safari/537.36"
125.64.94.138 - - [27/Nov/2021:05:08:01 +0000] "POST /_dash-update-component HTTP/1.1" 204 0 "http://172.104.245.213/" "Mozilla/5.0 (X11; Linux x86_64) AppleWebKit/537.36 (KHTML, like Gecko) Chrome/86.0.4 240.111 Safari/537.36"
125.64.94.138 - - [27/Nov/2021:05:08:01 +0000] "POST /_dash-update-component HTTP/1.1" 204 0 "http://172.104.245.213/" "Mozilla/5.0 (X11; Linux x86_64) AppleWebKit/537.36 (KHTML, like Gecko) Chrome/86.0.4 240.111 Safari/537.36"
125.64.94.138 - - [27/Nov/2021:05:08:01 +0000] "POST /_dash-update-component HTTP/1.1" 200 2054 "http://172.104.245.213/" "Mozilla/5.0 (X11; Linux x86_64) AppleWebKit/537.36 (KHTML, like Gecko) Chrome/86.0.4 240.111 Safari/537.36"
92.118.160.45 - - [27/Nov/2021:05:12:44 +0000] "GET / HTTP/1.1" 200 144683 "-" "NetSystemsResearch studies the availability of various services across the internet. Our website is netsystemsresearch.com"
66.249.64.233 - - [27/Nov/2021:05:16:09 +0000] "GET /robots.txt HTTP/1.1" 200 13270 "-" "Mozilla/5.0 (compatible; Googlebot/2.1; +http://www.google.com/bot.html)"
66.249.64.229 - - [27/Nov/2021:05:16:09 +0000] "GET /poverty/Kyrgyz%20Republic HTTP/1.1" 200 13270 "-" "Mozilla/5.0 (Linux; Android 6.0.1; Nexus 5X Build/MMB29P) AppleWebKit/537.36 (KHTML, like Gecko) Chrome/96.0.4664.45 Mobile Safari/537.36 (compatible; Googlebot/2.1; +http://www.google.com/bot.html)"
185.105.229.152 - - [27/Nov/2021:05:32:48 +0000] "GET / HTTP/1.1" 200 144683 "-" "Mozilla/5.0 (Windows NT 10.0; WOW64) AppleWebKit/537.36 (KHTML, like Gecko) Chrome/51.0.2704.103 Safari/537.36"
45.146.164.110 - - [27/Nov/2021:05:36:35 +0000] "POST /vendor/phpunit/phpunit/src/Util/PHP/eval-stdin.php HTTP/1.1" 405 178 "-" "Mozilla/5.0 (Windows NT 10.0; Win64; x64) AppleWebKit/537.36 (KHTML, like Gecko) Chrome/78.0.3904.108 Safari/537.36"
1.14.96.192 - - [27/Nov/2021:06:17:07 +0000] "GET /wp-login.php HTTP/1.1" 200 13270 "-" "Apache-HttpClient/4.5.2 (Java/1.8.0_151)"
1.14.96.192 - - [27/Nov/2021:06:17:07 +0000] "GET /?author=1 HTTP/1.1" 200 13270 "-" "Apache-HttpClient/4.5.2 (Java/1.8.0_151)"
1.14.96.192 - - [27/Nov/2021:06:17:07 +0000] "GET /?author=2 HTTP/1.1" 200 13270 "-" "Apache-HttpClient/4.5.2 (Java/1.8.0_151)"
1.14.96.192 - - [27/Nov/2021:06:17:08 +0000] "GET /?author=3 HTTP/1.1" 200 13270 "-" "Apache-HttpClient/4.5.2 (Java/1.8.0_151)"
1.14.96.192 - - [27/Nov/2021:06:17:08 +0000] "GET /?author=4 HTTP/1.1" 200 13270 "-" "Apache-HttpClient/4.5.2 (Java/1.8.0_151)"
1.14.96.192 - - [27/Nov/2021:06:17:08 +0000] "GET /?author=5 HTTP/1.1" 200 13270 "-" "Apache-HttpClient/4.5.2 (Java/1.8.0_151)"
1.14.96.192 - - [27/Nov/2021:06:17:09 +0000] "GET /?author=6 HTTP/1.1" 200 13270 "-" "Apache-HttpClient/4.5.2 (Java/1.8.0_151)"
1.14.96.192 - - [27/Nov/2021:06:17:09 +0000] "GET /?author=7 HTTP/1.1" 200 13270 "-" "Apache-HttpClient/4.5.2 (Java/1.8.0_151)"
1.14.96.192 - - [27/Nov/2021:06:17:10 +0000] "GET /?author=8 HTTP/1.1" 200 13270 "-" "Apache-HttpClient/4.5.2 (Java/1.8.0_151)"
1.14.96.192 - - [27/Nov/2021:06:17:10 +0000] "GET /?author=9 HTTP/1.1" 200 13270 "-" "Apache-HttpClient/4.5.2 (Java/1.8.0_151)"
1.14.96.192 - - [27/Nov/2021:06:17:11 +0000] "GET /?author=10 HTTP/1.1" 200 13270 "-" "Apache-HttpClient/4.5.2 (Java/1.8.0_151)"
1.14.96.192 - - [27/Nov/2021:06:17:11 +0000] "GET /?author=11 HTTP/1.1" 200 13270 "-" "Apache-HttpClient/4.5.2 (Java/1.8.0_151)"
1.14.96.192 - - [27/Nov/2021:06:17:12 +0000] "GET /?author=12 HTTP/1.1" 200 13270 "-" "Apache-HttpClient/4.5.2 (Java/1.8.0_151)"
1.14.96.192 - - [27/Nov/2021:06:17:12 +0000] "GET /?author=13 HTTP/1.1" 200 13270 "-" "Apache-HttpClient/4.5.2 (Java/1.8.0_151)"
1.14.96.192 - - [27/Nov/2021:06:17:12 +0000] "GET /?author=14 HTTP/1.1" 200 13270 "-" "Apache-HttpClient/4.5.2 (Java/1.8.0_151)"
1.14.96.192 - - [27/Nov/2021:06:17:13 +0000] "GET /?author=15 HTTP/1.1" 200 13270 "-" "Apache-HttpClient/4.5.2 (Java/1.8.0_151)"
1.14.96.192 - - [27/Nov/2021:06:17:13 +0000] "GET /?author=16 HTTP/1.1" 200 13270 "-" "Apache-HttpClient/4.5.2 (Java/1.8.0_151)"
1.14.96.192 - - [27/Nov/2021:06:17:13 +0000] "GET /?author=17 HTTP/1.1" 200 13270 "-" "Apache-HttpClient/4.5.2 (Java/1.8.0_151)"
1.14.96.192 - - [27/Nov/2021:06:17:14 +0000] "GET /?author=18 HTTP/1.1" 200 13270 "-" "Apache-HttpClient/4.5.2 (Java/1.8.0_151)"
1.14.96.192 - - [27/Nov/2021:06:17:14 +0000] "GET /?author=19 HTTP/1.1" 200 13270 "-" "Apache-HttpClient/4.5.2 (Java/1.8.0_151)"
1.14.96.192 - - [27/Nov/2021:06:17:14 +0000] "GET /?author=20 HTTP/1.1" 200 13270 "-" "Apache-HttpClient/4.5.2 (Java/1.8.0_151)"
185.100.87.136 - - [27/Nov/2021:06:31:41 +0000] "POST /ajax HTTP/1.1" 405 178 "-" "Mozilla/4.0 (compatible; MSIE 8.0; Windows NT 5.1; Trident/4.0; .NET CLR 1.1.4322; .NET CLR 2.0.50727; .NET CLR 3.0.4506.2152; .NET CLR 3.5.30729)"
5.188.210.227 - - [27/Nov/2021:06:35:27 +0000] "\x05\x01\x00" 400 166 "-" "-"
139.59.235.12 - - [27/Nov/2021:06:35:39 +0000] "GET / HTTP/1.1" 200 141729 "-" "-"
5.188.210.227 - - [27/Nov/2021:06:36:50 +0000] "\x04\x01\x00P\x05\xBC\xD2\xE3\x00" 400 166 "-" "-"
5.188.210.227 - - [27/Nov/2021:06:38:29 +0000] "GET http://5.188.210.227/echo.php HTTP/1.1" 200 13270 "https://www.google.com/" "Mozilla/5.0 (Windows NT 6.1) AppleWebKit/537.36 (KHTML, like Gecko) Chrome/70.0.3538.77 Safari/537.36"
162.142.125.41 - - [27/Nov/2021:06:40:46 +0000] "GET / HTTP/1.1" 200 144683 "-" "-"
162.142.125.41 - - [27/Nov/2021:06:40:47 +0000] "GET / HTTP/1.1" 200 13270 "-" "Mozilla/5.0 (compatible; CensysInspect/1.1; +https://about.censys.io/)"
66.249.64.163 - - [27/Nov/2021:06:46:09 +0000] "GET /Togo HTTP/1.1" 200 13270 "-" "Mozilla/5.0 (Linux; Android 6.0.1; Nexus 5X Build/MMB29P) AppleWebKit/537.36 (KHTML, like Gecko) Chrome/96.0.4664.45 Mobile Safari/537.36 (compatible; Googlebot/2.1; +http://www.google.com/bot.html)"
92.118.160.17 - - [27/Nov/2021:06:54:27 +0000] "GET / HTTP/1.1" 200 144683 "-" "NetSystemsResearch studies the availability of various services across the internet. Our website is netsystemsresearch.com"
80.82.77.192 - - [27/Nov/2021:06:55:36 +0000] "GET / HTTP/1.1" 200 13270 "-" "Mozilla/5.0 (Windows NT 10.0; Win64; x64) AppleWebKit/537.36 (KHTML, like Gecko) Chrome/88.0.4324.190 Safari/537.36"
45.146.164.110 - - [27/Nov/2021:06:58:58 +0000] "GET /vendor/phpunit/phpunit/src/Util/PHP/eval-stdin.php HTTP/1.1" 200 13270 "-" "Mozilla/5.0 (Windows NT 10.0; Win64; x64) AppleWebKit/537.36 (KHTML, like Gecko) Chrome/78.0.3904.108 Safari/537.36"
128.14.134.170 - - [27/Nov/2021:07:00:25 +0000] "GET / HTTP/1.1" 200 13270 "-" "Mozilla/5.0 (Windows NT 10.0; Win64; x64) AppleWebKit/537.36 (KHTML, like Gecko) Chrome/60.0.3112.113 Safari/537.36"
178.128.194.144 - - [27/Nov/2021:07:00:46 +0000] "GET / HTTP/1.1" 200 13270 "-" "Mozilla/5.0 (Linux; Android 8.0.0;) AppleWebKit/537.36 (KHTML, like Gecko) Chrome/78.0.3904.108 Mobile Safari/537.36"
178.128.194.144 - - [27/Nov/2021:07:00:46 +0000] "238\x00ll|'|'|SGFjS2VkX0Q3NUU2QUFB|'|'|WIN-QZN7FJ7D1O|'|'|Administrator|'|'|18-11-28|'|'||'|'|Win 7 Ultimate SP1 x64|'|'|No|'|'|S17|'|'|..|'|'|SW5ib3ggLSBPdXRsb29rIERhdGEgRmlsZSAtIE1pY3Jvc29mdCBPdXRsb29rAA==|'|'|" 400 166 "-" "-"
54.88.0.254 - - [27/Nov/2021:07:07:16 +0000] "GET / HTTP/1.1" 200 13270 "-" "Mozilla/5.0 (Windows NT 6.2;en-US) AppleWebKit/537.32.36 (KHTML, live Gecko) Chrome/52.0.3038.77 Safari/537.32"
192.241.214.108 - - [27/Nov/2021:07:26:21 +0000] "GET /actuator/health HTTP/1.1" 200 13270 "-" "Mozilla/5.0 zgrab/0.x"
173.25.47.77 - - [27/Nov/2021:07:35:00 +0000] "GET / HTTP/1.1" 200 61145 "-" "-"
66.249.64.226 - - [27/Nov/2021:07:46:44 +0000] "GET /robots.txt HTTP/1.1" 200 13270 "-" "Mozilla/5.0 (compatible; Googlebot/2.1; +http://www.google.com/bot.html)"
66.249.64.226 - - [27/Nov/2021:07:46:44 +0000] "GET /Micronesia,%20Fed.%20Sts. HTTP/1.1" 200 13270 "-" "Mozilla/5.0 (Linux; Android 6.0.1; Nexus 5X Build/MMB29P) AppleWebKit/537.36 (KHTML, like Gecko) Chrome/96.0.4664.45 Mobile Safari/537.36 (compatible; Googlebot/2.1; +http://www.google.com/bot.html)"
66.249.64.253 - - [27/Nov/2021:07:48:08 +0000] "POST /_dash-update-component HTTP/1.1" 200 2835 "https://povertydata.org/Micronesia,%20Fed.%20Sts." "Mozilla/5.0 (Linux; Android 6.0.1; Nexus 5X Build/MMB29P) AppleWebKit/537.36 (KHTML, like Gecko) Chrome/95.0.4638.69 Mobile Safari/537.36 (compatible; Googlebot/2.1; +http://www.google.com/bot.html)"
66.249.64.226 - - [27/Nov/2021:07:48:09 +0000] "POST /_dash-update-component HTTP/1.1" 200 99 "https://povertydata.org/Micronesia,%20Fed.%20Sts." "Mozilla/5.0 (Linux; Android 6.0.1; Nexus 5X Build/MMB29P) AppleWebKit/537.36 (KHTML, like Gecko) Chrome/95.0.4638.69 Mobile Safari/537.36 (compatible; Googlebot/2.1; +http://www.google.com/bot.html)"
66.249.64.226 - - [27/Nov/2021:07:48:09 +0000] "POST /_dash-update-component HTTP/1.1" 200 1823 "https://povertydata.org/Micronesia,%20Fed.%20Sts." "Mozilla/5.0 (Linux; Android 6.0.1; Nexus 5X Build/MMB29P) AppleWebKit/537.36 (KHTML, like Gecko) Chrome/95.0.4638.69 Mobile Safari/537.36 (compatible; Googlebot/2.1; +http://www.google.com/bot.html)"
51.222.253.17 - - [27/Nov/2021:07:50:59 +0000] "GET /robots.txt HTTP/1.1" 200 13270 "-" "Mozilla/5.0 (compatible; AhrefsBot/7.0; +http://ahrefs.com/robot/)"
54.36.148.157 - - [27/Nov/2021:07:51:01 +0000] "GET / HTTP/1.1" 200 13270 "-" "Mozilla/5.0 (compatible; AhrefsBot/7.0; +http://ahrefs.com/robot/)"
45.146.164.110 - - [27/Nov/2021:08:09:28 +0000] "GET /index.php?s=/Index/\x5Cthink\x5Capp/invokefunction&function=call_user_func_array&vars[0]=md5&vars[1][]=HelloThinkPHP21 HTTP/1.1" 200 13270 "-" "Mozilla/5.0 (Windows NT 10.0; Win64; x64) AppleWebKit/537.36 (KHTML, like Gecko) Chrome/78.0.3904.108 Safari/537.36"
66.249.64.169 - - [27/Nov/2021:08:16:09 +0000] "GET /Sao%20Tome%20and%20Principe HTTP/1.1" 200 13270 "-" "Mozilla/5.0 (Linux; Android 6.0.1; Nexus 5X Build/MMB29P) AppleWebKit/537.36 (KHTML, like Gecko) Chrome/96.0.4664.45 Mobile Safari/537.36 (compatible; Googlebot/2.1; +http://www.google.com/bot.html)"
66.249.64.251 - - [27/Nov/2021:09:01:09 +0000] "GET /Ireland HTTP/1.1" 200 13270 "-" "Mozilla/5.0 (Linux; Android 6.0.1; Nexus 5X Build/MMB29P) AppleWebKit/537.36 (KHTML, like Gecko) Chrome/96.0.4664.45 Mobile Safari/537.36 (compatible; Googlebot/2.1; +http://www.google.com/bot.html)"
66.249.64.251 - - [27/Nov/2021:09:07:22 +0000] "POST /_dash-update-component HTTP/1.1" 200 2835 "https://povertydata.org/Ireland" "Mozilla/5.0 (Linux; Android 6.0.1; Nexus 5X Build/MMB29P) AppleWebKit/537.36 (KHTML, like Gecko) Chrome/95.0.4638.69 Mobile Safari/537.36 (compatible; Googlebot/2.1; +http://www.google.com/bot.html)"
66.249.64.226 - - [27/Nov/2021:09:07:23 +0000] "POST /_dash-update-component HTTP/1.1" 204 0 "https://povertydata.org/Ireland" "Mozilla/5.0 (Linux; Android 6.0.1; Nexus 5X Build/MMB29P) AppleWebKit/537.36 (KHTML, like Gecko) Chrome/95.0.4638.69 Mobile Safari/537.36 (compatible; Googlebot/2.1; +http://www.google.com/bot.html)"
192.241.211.160 - - [27/Nov/2021:09:07:47 +0000] "GET /owa/auth/x.js HTTP/1.1" 200 13270 "-" "Mozilla/5.0 zgrab/0.x"
192.241.212.246 - - [27/Nov/2021:09:08:14 +0000] "GET /owa/auth/logon.aspx HTTP/1.1" 200 13270 "-" "Mozilla/5.0 zgrab/0.x"
198.199.95.200 - - [27/Nov/2021:09:08:17 +0000] "GET /ecp/Current/exporttool/microsoft.exchange.ediscovery.exporttool.application HTTP/1.1" 200 13270 "-" "Mozilla/5.0 zgrab/0.x"
66.249.64.226 - - [27/Nov/2021:09:08:24 +0000] "POST /_dash-update-component HTTP/1.1" 200 2835 "https://povertydata.org/Ireland" "Mozilla/5.0 (Linux; Android 6.0.1; Nexus 5X Build/MMB29P) AppleWebKit/537.36 (KHTML, like Gecko) Chrome/95.0.4638.69 Mobile Safari/537.36 (compatible; Googlebot/2.1; +http://www.google.com/bot.html)"
66.249.64.226 - - [27/Nov/2021:09:08:24 +0000] "POST /_dash-update-component HTTP/1.1" 200 85 "https://povertydata.org/Ireland" "Mozilla/5.0 (Linux; Android 6.0.1; Nexus 5X Build/MMB29P) AppleWebKit/537.36 (KHTML, like Gecko) Chrome/95.0.4638.69 Mobile Safari/537.36 (compatible; Googlebot/2.1; +http://www.google.com/bot.html)"
66.249.64.226 - - [27/Nov/2021:09:08:25 +0000] "POST /_dash-update-component HTTP/1.1" 200 2804 "https://povertydata.org/Ireland" "Mozilla/5.0 (Linux; Android 6.0.1; Nexus 5X Build/MMB29P) AppleWebKit/537.36 (KHTML, like Gecko) Chrome/95.0.4638.69 Mobile Safari/537.36 (compatible; Googlebot/2.1; +http://www.google.com/bot.html)"
138.118.235.170 - - [27/Nov/2021:09:14:31 +0000] "GET / HTTP/1.1" 400 166 "-" "-"
66.249.64.253 - - [27/Nov/2021:09:18:45 +0000] "GET /_dash-component-suites/dash_core_components/async-dropdown.v1_15_0m1611086576.js HTTP/1.1" 200 30740 "https://povertydata.org/Ireland" "Mozilla/5.0 (Linux; Android 6.0.1; Nexus 5X Build/MMB29P) AppleWebKit/537.36 (KHTML, like Gecko) Chrome/95.0.4638.69 Mobile Safari/537.36 (compatible; Googlebot/2.1; +http://www.google.com/bot.html)"
66.249.64.251 - - [27/Nov/2021:09:18:47 +0000] "GET /_dash-component-suites/dash_core_components/async-plotlyjs.v1_15_0m1611086576.js HTTP/1.1" 200 1034213 "https://povertydata.org/Ireland" "Mozilla/5.0 (Linux; Android 6.0.1; Nexus 5X Build/MMB29P) AppleWebKit/537.36 (KHTML, like Gecko) Chrome/95.0.4638.69 Mobile Safari/537.36 (compatible; Googlebot/2.1; +http://www.google.com/bot.html)"
94.232.43.63 - - [27/Nov/2021:09:19:25 +0000] "\x03\x00\x00,'\xE0\x00\x00\x00\x00\x00Cookie: mstshash=Domain" 400 166 "-" "-"
94.232.43.63 - - [27/Nov/2021:09:19:25 +0000] "\x03\x00\x00,'\xE0\x00\x00\x00\x00\x00Cookie: mstshash=Domain" 400 166 "-" "-"
95.174.100.96 - - [27/Nov/2021:09:25:59 +0000] "GET / HTTP/1.1" 200 144683 "-" "Mozilla/5.0 (Macintosh; Intel Mac OS X 10_11_6) AppleWebKit/601.7.7 (KHTML, like Gecko) Version/9.1.2 Safari/601.7.7"
45.146.164.110 - - [27/Nov/2021:09:33:56 +0000] "POST /mifs/.;/services/LogService HTTP/1.1" 405 178 "https://172.104.245.213:443" "Mozilla/5.0 (Windows NT 10.0; Win64; x64) AppleWebKit/537.36 (KHTML, like Gecko) Chrome/78.0.3904.108 Safari/537.36"
104.43.141.41 - - [27/Nov/2021:09:39:18 +0000] "GET / HTTP/1.1" 200 13270 "-" "python-requests/2.26.0"
66.249.64.167 - - [27/Nov/2021:09:46:09 +0000] "GET /robots.txt HTTP/1.1" 200 13270 "-" "Mozilla/5.0 (compatible; Googlebot/2.1; +http://www.google.com/bot.html)"
66.249.64.163 - - [27/Nov/2021:09:46:09 +0000] "GET /Mali HTTP/1.1" 200 13270 "-" "Mozilla/5.0 (Linux; Android 6.0.1; Nexus 5X Build/MMB29P) AppleWebKit/537.36 (KHTML, like Gecko) Chrome/96.0.4664.45 Mobile Safari/537.36 (compatible; Googlebot/2.1; +http://www.google.com/bot.html)"
205.185.124.100 - - [27/Nov/2021:09:50:55 +0000] "POST /boaform/admin/formLogin HTTP/1.1" 405 178 "http://172.104.245.213:80/admin/login.asp" "Mozilla/5.0 (X11; Ubuntu; Linux x86_64; rv:71.0) Gecko/20100101 Firefox/71.0"
205.185.124.100 - - [27/Nov/2021:09:50:55 +0000] "" 400 0 "-" "-"
66.249.64.163 - - [27/Nov/2021:10:12:46 +0000] "GET /post/Bhutan HTTP/1.1" 200 13270 "-" "Mozilla/5.0 (Linux; Android 6.0.1; Nexus 5X Build/MMB29P) AppleWebKit/537.36 (KHTML, like Gecko) Chrome/96.0.4664.45 Mobile Safari/537.36 (compatible; Googlebot/2.1; +http://www.google.com/bot.html)"
45.146.164.110 - - [27/Nov/2021:10:14:19 +0000] "GET /console/ HTTP/1.1" 200 13270 "-" "Mozilla/5.0 (Windows NT 10.0; Win64; x64) AppleWebKit/537.36 (KHTML, like Gecko) Chrome/78.0.3904.108 Safari/537.36"
66.249.64.251 - - [27/Nov/2021:10:16:09 +0000] "GET /Mali HTTP/1.1" 200 13270 "-" "Mozilla/5.0 (Linux; Android 6.0.1; Nexus 5X Build/MMB29P) AppleWebKit/537.36 (KHTML, like Gecko) Chrome/96.0.4664.45 Mobile Safari/537.36 (compatible; Googlebot/2.1; +http://www.google.com/bot.html)"
66.249.64.251 - - [27/Nov/2021:10:39:01 +0000] "GET /Croatia HTTP/1.1" 200 13270 "-" "Mozilla/5.0 (Linux; Android 6.0.1; Nexus 5X Build/MMB29P) AppleWebKit/537.36 (KHTML, like Gecko) Chrome/96.0.4664.45 Mobile Safari/537.36 (compatible; Googlebot/2.1; +http://www.google.com/bot.html)"
66.249.64.253 - - [27/Nov/2021:10:39:10 +0000] "GET /Algeria HTTP/1.1" 200 13270 "-" "Mozilla/5.0 (Linux; Android 6.0.1; Nexus 5X Build/MMB29P) AppleWebKit/537.36 (KHTML, like Gecko) Chrome/96.0.4664.45 Mobile Safari/537.36 (compatible; Googlebot/2.1; +http://www.google.com/bot.html)"
66.249.64.251 - - [27/Nov/2021:10:39:10 +0000] "GET /Seychelles HTTP/1.1" 200 13270 "-" "Mozilla/5.0 (compatible; Googlebot/2.1; +http://www.google.com/bot.html)"
66.249.64.253 - - [27/Nov/2021:10:39:11 +0000] "GET /Jamaica HTTP/1.1" 200 13270 "-" "Mozilla/5.0 (compatible; Googlebot/2.1; +http://www.google.com/bot.html)"
66.249.64.253 - - [27/Nov/2021:10:39:11 +0000] "GET /Mongolia HTTP/1.1" 200 13270 "-" "Mozilla/5.0 (Linux; Android 6.0.1; Nexus 5X Build/MMB29P) AppleWebKit/537.36 (KHTML, like Gecko) Chrome/96.0.4664.45 Mobile Safari/537.36 (compatible; Googlebot/2.1; +http://www.google.com/bot.html)"
66.249.64.253 - - [27/Nov/2021:10:39:12 +0000] "GET /Denmark HTTP/1.1" 200 13270 "-" "Mozilla/5.0 (Linux; Android 6.0.1; Nexus 5X Build/MMB29P) AppleWebKit/537.36 (KHTML, like Gecko) Chrome/96.0.4664.45 Mobile Safari/537.36 (compatible; Googlebot/2.1; +http://www.google.com/bot.html)"
66.249.64.251 - - [27/Nov/2021:10:39:12 +0000] "GET /Slovenia HTTP/1.1" 200 13270 "-" "Mozilla/5.0 (Linux; Android 6.0.1; Nexus 5X Build/MMB29P) AppleWebKit/537.36 (KHTML, like Gecko) Chrome/96.0.4664.45 Mobile Safari/537.36 (compatible; Googlebot/2.1; +http://www.google.com/bot.html)"
66.249.64.253 - - [27/Nov/2021:10:39:12 +0000] "GET / HTTP/1.1" 200 13270 "-" "Mozilla/5.0 (Linux; Android 6.0.1; Nexus 5X Build/MMB29P) AppleWebKit/537.36 (KHTML, like Gecko) Chrome/96.0.4664.45 Mobile Safari/537.36 (compatible; Googlebot/2.1; +http://www.google.com/bot.html)"
66.249.64.251 - - [27/Nov/2021:10:39:13 +0000] "GET /Sudan HTTP/1.1" 200 13270 "-" "Mozilla/5.0 (Linux; Android 6.0.1; Nexus 5X Build/MMB29P) AppleWebKit/537.36 (KHTML, like Gecko) Chrome/96.0.4664.45 Mobile Safari/537.36 (compatible; Googlebot/2.1; +http://www.google.com/bot.html)"
66.249.64.251 - - [27/Nov/2021:10:39:20 +0000] "GET /_dash-component-suites/dash_renderer/polyfill@7.v1_9_0m1611082192.8.7.min.js HTTP/1.1" 200 34243 "https://povertydata.org/" "Mozilla/5.0 (Linux; Android 6.0.1; Nexus 5X Build/MMB29P) AppleWebKit/537.36 (KHTML, like Gecko) Chrome/95.0.4638.69 Mobile Safari/537.36 (compatible; Googlebot/2.1; +http://www.google.com/bot.html)"
77.88.5.73 - - [27/Nov/2021:10:39:21 +0000] "GET /robots.txt HTTP/1.1" 200 144683 "-" "Mozilla/5.0 (compatible; YandexBot/3.0; +http://yandex.com/bots)"
77.88.5.83 - - [27/Nov/2021:10:39:22 +0000] "GET /robots.txt HTTP/1.1" 200 144683 "-" "Mozilla/5.0 (compatible; YandexBot/3.0; +http://yandex.com/bots)"
66.249.64.251 - - [27/Nov/2021:10:39:23 +0000] "POST /_dash-update-component HTTP/1.1" 200 7106 "https://povertydata.org/" "Mozilla/5.0 (Linux; Android 6.0.1; Nexus 5X Build/MMB29P) AppleWebKit/537.36 (KHTML, like Gecko) Chrome/95.0.4638.69 Mobile Safari/537.36 (compatible; Googlebot/2.1; +http://www.google.com/bot.html)"
66.249.64.251 - - [27/Nov/2021:10:39:23 +0000] "GET /_dash-component-suites/dash_core_components/async-markdown.v1_15_0m1611086576.js HTTP/1.1" 200 59335 "https://povertydata.org/" "Mozilla/5.0 (Linux; Android 6.0.1; Nexus 5X Build/MMB29P) AppleWebKit/537.36 (KHTML, like Gecko) Chrome/95.0.4638.69 Mobile Safari/537.36 (compatible; Googlebot/2.1; +http://www.google.com/bot.html)"
66.249.64.251 - - [27/Nov/2021:10:39:24 +0000] "GET /_dash-component-suites/dash_core_components/async-slider.v1_15_0m1611086576.js HTTP/1.1" 200 28563 "https://povertydata.org/" "Mozilla/5.0 (Linux; Android 6.0.1; Nexus 5X Build/MMB29P) AppleWebKit/537.36 (KHTML, like Gecko) Chrome/95.0.4638.69 Mobile Safari/537.36 (compatible; Googlebot/2.1; +http://www.google.com/bot.html)"
77.88.5.73 - - [27/Nov/2021:10:39:25 +0000] "GET / HTTP/1.1" 200 13270 "-" "Mozilla/5.0 (compatible; YandexBot/3.0; +http://yandex.com/bots)"
77.88.5.83 - - [27/Nov/2021:10:39:25 +0000] "GET / HTTP/1.1" 200 13270 "-" "Mozilla/5.0 (compatible; YandexBot/3.0; +http://yandex.com/bots)"
66.249.64.251 - - [27/Nov/2021:10:39:26 +0000] "POST /_dash-update-component HTTP/1.1" 204 0 "https://povertydata.org/" "Mozilla/5.0 (Linux; Android 6.0.1; Nexus 5X Build/MMB29P) AppleWebKit/537.36 (KHTML, like Gecko) Chrome/95.0.4638.69 Mobile Safari/537.36 (compatible; Googlebot/2.1; +http://www.google.com/bot.html)"
66.249.70.2 - - [27/Nov/2021:10:39:26 +0000] "GET /robots.txt HTTP/1.1" 200 13270 "-" "Mozilla/5.0 (compatible; Googlebot/2.1; +http://www.google.com/bot.html)"
66.249.64.251 - - [27/Nov/2021:10:39:27 +0000] "POST /_dash-update-component HTTP/1.1" 200 2054 "https://povertydata.org/" "Mozilla/5.0 (Linux; Android 6.0.1; Nexus 5X Build/MMB29P) AppleWebKit/537.36 (KHTML, like Gecko) Chrome/95.0.4638.69 Mobile Safari/537.36 (compatible; Googlebot/2.1; +http://www.google.com/bot.html)"
66.249.64.251 - - [27/Nov/2021:10:39:27 +0000] "POST /_dash-update-component HTTP/1.1" 200 43039 "https://povertydata.org/" "Mozilla/5.0 (Linux; Android 6.0.1; Nexus 5X Build/MMB29P) AppleWebKit/537.36 (KHTML, like Gecko) Chrome/95.0.4638.69 Mobile Safari/537.36 (compatible; Googlebot/2.1; +http://www.google.com/bot.html)"
66.249.64.251 - - [27/Nov/2021:10:39:28 +0000] "POST /_dash-update-component HTTP/1.1" 204 0 "https://povertydata.org/" "Mozilla/5.0 (Linux; Android 6.0.1; Nexus 5X Build/MMB29P) AppleWebKit/537.36 (KHTML, like Gecko) Chrome/95.0.4638.69 Mobile Safari/537.36 (compatible; Googlebot/2.1; +http://www.google.com/bot.html)"
66.249.64.251 - - [27/Nov/2021:10:39:28 +0000] "POST /_dash-update-component HTTP/1.1" 200 3569 "https://povertydata.org/" "Mozilla/5.0 (Linux; Android 6.0.1; Nexus 5X Build/MMB29P) AppleWebKit/537.36 (KHTML, like Gecko) Chrome/95.0.4638.69 Mobile Safari/537.36 (compatible; Googlebot/2.1; +http://www.google.com/bot.html)"
66.249.64.251 - - [27/Nov/2021:10:39:29 +0000] "POST /_dash-update-component HTTP/1.1" 204 0 "https://povertydata.org/" "Mozilla/5.0 (Linux; Android 6.0.1; Nexus 5X Build/MMB29P) AppleWebKit/537.36 (KHTML, like Gecko) Chrome/95.0.4638.69 Mobile Safari/537.36 (compatible; Googlebot/2.1; +http://www.google.com/bot.html)"
66.249.64.251 - - [27/Nov/2021:10:39:30 +0000] "POST /_dash-update-component HTTP/1.1" 200 3623 "https://povertydata.org/" "Mozilla/5.0 (Linux; Android 6.0.1; Nexus 5X Build/MMB29P) AppleWebKit/537.36 (KHTML, like Gecko) Chrome/95.0.4638.69 Mobile Safari/537.36 (compatible; Googlebot/2.1; +http://www.google.com/bot.html)"
66.249.70.4 - - [27/Nov/2021:10:39:30 +0000] "GET /_dash-component-suites/dash_core_components/async-highlight.v1_15_0m1611086576.js HTTP/1.1" 200 22977 "https://povertydata.org/" "Mozilla/5.0 (Linux; Android 6.0.1; Nexus 5X Build/MMB29P) AppleWebKit/537.36 (KHTML, like Gecko) Chrome/95.0.4638.69 Mobile Safari/537.36 (compatible; Googlebot/2.1; +http://www.google.com/bot.html)"
66.249.64.253 - - [27/Nov/2021:10:39:31 +0000] "GET /_dash-component-suites/dash_table/async-table.v4_11_2m1611087157.js HTTP/1.1" 200 92275 "https://povertydata.org/" "Mozilla/5.0 (Linux; Android 6.0.1; Nexus 5X Build/MMB29P) AppleWebKit/537.36 (KHTML, like Gecko) Chrome/95.0.4638.69 Mobile Safari/537.36 (compatible; Googlebot/2.1; +http://www.google.com/bot.html)"
66.249.64.251 - - [27/Nov/2021:10:39:39 +0000] "POST /_dash-update-component HTTP/1.1" 200 2835 "https://povertydata.org/Slovenia" "Mozilla/5.0 (Linux; Android 6.0.1; Nexus 5X Build/MMB29P) AppleWebKit/537.36 (KHTML, like Gecko) Chrome/95.0.4638.69 Mobile Safari/537.36 (compatible; Googlebot/2.1; +http://www.google.com/bot.html)"
66.249.64.251 - - [27/Nov/2021:10:39:40 +0000] "POST /_dash-update-component HTTP/1.1" 200 86 "https://povertydata.org/Slovenia" "Mozilla/5.0 (Linux; Android 6.0.1; Nexus 5X Build/MMB29P) AppleWebKit/537.36 (KHTML, like Gecko) Chrome/95.0.4638.69 Mobile Safari/537.36 (compatible; Googlebot/2.1; +http://www.google.com/bot.html)"
207.46.13.137 - - [27/Nov/2021:10:39:40 +0000] "GET /Brazil HTTP/1.1" 200 13270 "-" "Mozilla/5.0 (compatible; bingbot/2.0; +http://www.bing.com/bingbot.htm)"
66.249.64.251 - - [27/Nov/2021:10:39:40 +0000] "POST /_dash-update-component HTTP/1.1" 200 2820 "https://povertydata.org/Slovenia" "Mozilla/5.0 (Linux; Android 6.0.1; Nexus 5X Build/MMB29P) AppleWebKit/537.36 (KHTML, like Gecko) Chrome/95.0.4638.69 Mobile Safari/537.36 (compatible; Googlebot/2.1; +http://www.google.com/bot.html)"
66.249.64.253 - - [27/Nov/2021:10:39:51 +0000] "POST /_dash-update-component HTTP/1.1" 200 2835 "https://povertydata.org/Mongolia" "Mozilla/5.0 (Linux; Android 6.0.1; Nexus 5X Build/MMB29P) AppleWebKit/537.36 (KHTML, like Gecko) Chrome/95.0.4638.69 Mobile Safari/537.36 (compatible; Googlebot/2.1; +http://www.google.com/bot.html)"
66.249.64.251 - - [27/Nov/2021:10:39:52 +0000] "POST /_dash-update-component HTTP/1.1" 200 86 "https://povertydata.org/Mongolia" "Mozilla/5.0 (Linux; Android 6.0.1; Nexus 5X Build/MMB29P) AppleWebKit/537.36 (KHTML, like Gecko) Chrome/95.0.4638.69 Mobile Safari/537.36 (compatible; Googlebot/2.1; +http://www.google.com/bot.html)"
66.249.64.253 - - [27/Nov/2021:10:39:52 +0000] "POST /_dash-update-component HTTP/1.1" 200 2618 "https://povertydata.org/Mongolia" "Mozilla/5.0 (Linux; Android 6.0.1; Nexus 5X Build/MMB29P) AppleWebKit/537.36 (KHTML, like Gecko) Chrome/95.0.4638.69 Mobile Safari/537.36 (compatible; Googlebot/2.1; +http://www.google.com/bot.html)"
66.249.64.251 - - [27/Nov/2021:10:40:52 +0000] "POST /_dash-update-component HTTP/1.1" 200 2835 "https://povertydata.org/Sudan" "Mozilla/5.0 (Linux; Android 6.0.1; Nexus 5X Build/MMB29P) AppleWebKit/537.36 (KHTML, like Gecko) Chrome/95.0.4638.69 Mobile Safari/537.36 (compatible; Googlebot/2.1; +http://www.google.com/bot.html)"
66.249.64.253 - - [27/Nov/2021:10:40:53 +0000] "POST /_dash-update-component HTTP/1.1" 200 83 "https://povertydata.org/Sudan" "Mozilla/5.0 (Linux; Android 6.0.1; Nexus 5X Build/MMB29P) AppleWebKit/537.36 (KHTML, like Gecko) Chrome/95.0.4638.69 Mobile Safari/537.36 (compatible; Googlebot/2.1; +http://www.google.com/bot.html)"
66.249.64.253 - - [27/Nov/2021:10:40:54 +0000] "POST /_dash-update-component HTTP/1.1" 200 2673 "https://povertydata.org/Sudan" "Mozilla/5.0 (Linux; Android 6.0.1; Nexus 5X Build/MMB29P) AppleWebKit/537.36 (KHTML, like Gecko) Chrome/95.0.4638.69 Mobile Safari/537.36 (compatible; Googlebot/2.1; +http://www.google.com/bot.html)"
66.249.64.253 - - [27/Nov/2021:10:43:57 +0000] "GET /_dash-dependencies HTTP/1.1" 200 430 "https://povertydata.org/Denmark" "Mozilla/5.0 (Linux; Android 6.0.1; Nexus 5X Build/MMB29P) AppleWebKit/537.36 (KHTML, like Gecko) Chrome/95.0.4638.69 Mobile Safari/537.36 (compatible; Googlebot/2.1; +http://www.google.com/bot.html)"
66.249.64.226 - - [27/Nov/2021:10:43:58 +0000] "POST /_dash-update-component HTTP/1.1" 200 2835 "https://povertydata.org/Denmark" "Mozilla/5.0 (Linux; Android 6.0.1; Nexus 5X Build/MMB29P) AppleWebKit/537.36 (KHTML, like Gecko) Chrome/95.0.4638.69 Mobile Safari/537.36 (compatible; Googlebot/2.1; +http://www.google.com/bot.html)"
66.249.64.253 - - [27/Nov/2021:10:43:58 +0000] "POST /_dash-update-component HTTP/1.1" 200 85 "https://povertydata.org/Denmark" "Mozilla/5.0 (Linux; Android 6.0.1; Nexus 5X Build/MMB29P) AppleWebKit/537.36 (KHTML, like Gecko) Chrome/95.0.4638.69 Mobile Safari/537.36 (compatible; Googlebot/2.1; +http://www.google.com/bot.html)"
66.249.64.251 - - [27/Nov/2021:10:43:59 +0000] "POST /_dash-update-component HTTP/1.1" 200 2631 "https://povertydata.org/Denmark" "Mozilla/5.0 (Linux; Android 6.0.1; Nexus 5X Build/MMB29P) AppleWebKit/537.36 (KHTML, like Gecko) Chrome/95.0.4638.69 Mobile Safari/537.36 (compatible; Googlebot/2.1; +http://www.google.com/bot.html)"
192.241.209.134 - - [27/Nov/2021:10:44:42 +0000] "GET / HTTP/1.1" 200 13270 "-" "Mozilla/5.0 zgrab/0.x"
192.241.214.189 - - [27/Nov/2021:10:46:11 +0000] "GET / HTTP/1.1" 200 13270 "-" "Mozilla/5.0 zgrab/0.x"
66.249.64.251 - - [27/Nov/2021:10:50:16 +0000] "GET /Colombia HTTP/1.1" 200 13270 "-" "Mozilla/5.0 (Linux; Android 6.0.1; Nexus 5X Build/MMB29P) AppleWebKit/537.36 (KHTML, like Gecko) Chrome/96.0.4664.45 Mobile Safari/537.36 (compatible; Googlebot/2.1; +http://www.google.com/bot.html)"
66.249.64.251 - - [27/Nov/2021:10:51:18 +0000] "POST /_dash-update-component HTTP/1.1" 200 2835 "https://povertydata.org/Colombia" "Mozilla/5.0 (Linux; Android 6.0.1; Nexus 5X Build/MMB29P) AppleWebKit/537.36 (KHTML, like Gecko) Chrome/95.0.4638.69 Mobile Safari/537.36 (compatible; Googlebot/2.1; +http://www.google.com/bot.html)"
66.249.64.226 - - [27/Nov/2021:10:51:18 +0000] "POST /_dash-update-component HTTP/1.1" 200 86 "https://povertydata.org/Colombia" "Mozilla/5.0 (Linux; Android 6.0.1; Nexus 5X Build/MMB29P) AppleWebKit/537.36 (KHTML, like Gecko) Chrome/95.0.4638.69 Mobile Safari/537.36 (compatible; Googlebot/2.1; +http://www.google.com/bot.html)"
